
> codemaster@1.0.0 test
> jest

PASS src/shared/services/__tests__/sessionService.enhanced.test.js (17.138 s)
PASS src/background/__tests__/globalExports.test.js
FAIL src/shared/services/__tests__/sessionService.test.js (19.08 s)
  ● SessionService › checkAndCompleteSession › should return empty array when all problems are attempted

    Problem "Problem 1" missing valid leetcode_id - normalization failed

    [0m [90m 530 |[39m           title[33m:[39m problem[33m.[39mtitle
     [90m 531 |[39m         })[33m;[39m
    [31m[1m>[22m[39m[90m 532 |[39m         [36mthrow[39m [36mnew[39m [33mError[39m([32m`Problem "${problem.title}" missing valid leetcode_id - normalization failed`[39m)[33m;[39m
     [90m     |[39m               [31m[1m^[22m[39m
     [90m 533 |[39m       }
     [90m 534 |[39m
     [90m 535 |[39m       [36mconst[39m isUnattempted [33m=[39m [33m![39mattemptedLeetcodeIds[33m.[39mhas(problemLeetcodeId)[33m;[39m[0m

      at src/shared/services/sessionService.js:532:15
          at Array.filter (<anonymous>)
      at Object.filter [as checkAndCompleteSession] (src/shared/services/sessionService.js:524:50)
      at Object.<anonymous> (src/shared/services/__tests__/sessionService.test.js:101:22)

  ● SessionService › checkAndCompleteSession › should return unattempted problems when not all problems are attempted

    Problem "Problem 1" missing valid leetcode_id - normalization failed

    [0m [90m 530 |[39m           title[33m:[39m problem[33m.[39mtitle
     [90m 531 |[39m         })[33m;[39m
    [31m[1m>[22m[39m[90m 532 |[39m         [36mthrow[39m [36mnew[39m [33mError[39m([32m`Problem "${problem.title}" missing valid leetcode_id - normalization failed`[39m)[33m;[39m
     [90m     |[39m               [31m[1m^[22m[39m
     [90m 533 |[39m       }
     [90m 534 |[39m
     [90m 535 |[39m       [36mconst[39m isUnattempted [33m=[39m [33m![39mattemptedLeetcodeIds[33m.[39mhas(problemLeetcodeId)[33m;[39m[0m

      at src/shared/services/sessionService.js:532:15
          at Array.filter (<anonymous>)
      at Object.filter [as checkAndCompleteSession] (src/shared/services/sessionService.js:524:50)
      at Object.<anonymous> (src/shared/services/__tests__/sessionService.test.js:116:22)

FAIL src/shared/services/__tests__/sessionService.critical.test.js (19.132 s)
  ● SessionService - Critical User Retention Paths › 🎯 CRITICAL: User progress is never lost › should complete session when all problems attempted

    Problem "undefined" missing valid leetcode_id - normalization failed

    [0m [90m 530 |[39m           title[33m:[39m problem[33m.[39mtitle
     [90m 531 |[39m         })[33m;[39m
    [31m[1m>[22m[39m[90m 532 |[39m         [36mthrow[39m [36mnew[39m [33mError[39m([32m`Problem "${problem.title}" missing valid leetcode_id - normalization failed`[39m)[33m;[39m
     [90m     |[39m               [31m[1m^[22m[39m
     [90m 533 |[39m       }
     [90m 534 |[39m
     [90m 535 |[39m       [36mconst[39m isUnattempted [33m=[39m [33m![39mattemptedLeetcodeIds[33m.[39mhas(problemLeetcodeId)[33m;[39m[0m

      at src/shared/services/sessionService.js:532:15
          at Array.filter (<anonymous>)
      at Object.filter [as checkAndCompleteSession] (src/shared/services/sessionService.js:524:50)
      at Object.<anonymous> (src/shared/services/__tests__/sessionService.critical.test.js:189:22)

  ● SessionService - Critical User Retention Paths › 🎯 CRITICAL: User progress is never lost › should handle session state corruption in completion tracking

    Problem "undefined" missing valid leetcode_id - normalization failed

    [0m [90m 530 |[39m           title[33m:[39m problem[33m.[39mtitle
     [90m 531 |[39m         })[33m;[39m
    [31m[1m>[22m[39m[90m 532 |[39m         [36mthrow[39m [36mnew[39m [33mError[39m([32m`Problem "${problem.title}" missing valid leetcode_id - normalization failed`[39m)[33m;[39m
     [90m     |[39m               [31m[1m^[22m[39m
     [90m 533 |[39m       }
     [90m 534 |[39m
     [90m 535 |[39m       [36mconst[39m isUnattempted [33m=[39m [33m![39mattemptedLeetcodeIds[33m.[39mhas(problemLeetcodeId)[33m;[39m[0m

      at src/shared/services/sessionService.js:532:15
          at Array.filter (<anonymous>)
      at Object.filter [as checkAndCompleteSession] (src/shared/services/sessionService.js:524:50)
      at Object.<anonymous> (src/shared/services/__tests__/sessionService.critical.test.js:215:23)

PASS src/shared/services/__tests__/problemService.test.js (19.14 s)
PASS src/app/services/__tests__/dashboardService.critical.test.js
PASS src/shared/services/__tests__/storageService.test.js
FAIL src/shared/services/__tests__/problemService.critical.test.js
  ● ProblemService - Critical User Retention Paths › 🧠 CRITICAL: Interview mode reliability › should create interview sessions successfully

    expect(received).toBeGreaterThan(expected)

    Expected: > 0
    Received:   0

    [0m [90m 321 |[39m       expect(result[33m.[39msession_type)[33m.[39mtoBe([32m"interview-like"[39m)[33m;[39m
     [90m 322 |[39m       expect([33mArray[39m[33m.[39misArray(result[33m.[39mproblems))[33m.[39mtoBe([36mtrue[39m)[33m;[39m
    [31m[1m>[22m[39m[90m 323 |[39m       expect(result[33m.[39mproblems[33m.[39mlength)[33m.[39mtoBeGreaterThan([35m0[39m)[33m;[39m
     [90m     |[39m                                      [31m[1m^[22m[39m
     [90m 324 |[39m       expect(result[33m.[39minterviewConfig)[33m.[39mtoBeDefined()[33m;[39m
     [90m 325 |[39m     })[33m;[39m
     [90m 326 |[39m[0m

      at Object.toBeGreaterThan (src/shared/services/__tests__/problemService.critical.test.js:323:38)

PASS src/app/services/__tests__/dashboardService.test.js
PASS src/shared/services/__tests__/focusCoordinationService.test.js
PASS src/shared/services/__tests__/backgroundScript.integration.test.js
PASS src/shared/hooks/useChromeMessage.test.jsx
PASS src/shared/components/__tests__/timerbutton.test.jsx
PASS src/background/__tests__/messageHandlers.test.js
PASS src/app/services/__tests__/dataConsistency.infrastructure.test.js
PASS src/shared/services/__tests__/attemptsService.critical.test.js
PASS src/app/__tests__/dashboard.refresh.test.js
PASS src/shared/services/__tests__/attemptsService.test.js
PASS src/shared/utils/__tests__/Utils.test.js
PASS src/shared/db/__tests__/migration.safety.test.js
PASS src/shared/utils/__tests__/tagMasteryCalculations.test.js
PASS src/shared/utils/__tests__/AccurateTimer.test.js
PASS src/shared/services/__tests__/storageService.critical.test.js
PASS src/app/components/__tests__/onboarding.infrastructure.test.js
PASS src/shared/utils/__tests__/leitnerSystem.test.js
PASS src/shared/services/__tests__/sessionAttribution.integration.test.js
PASS src/shared/services/__tests__/background.critical.test.js
PASS src/app/hooks/__tests__/chromeMessaging.infrastructure.test.js (23.65 s)
PASS src/shared/services/__tests__/errorRecovery.infrastructure.test.js (24.764 s)
PASS src/content/services/__tests__/contentScript.critical.test.js (25.066 s)
PASS src/shared/components/__tests__/ErrorBoundary.test.jsx (37.451 s)
  ● Console

    console.error
      Error: Uncaught [Error: Test component crash]
          at reportException (C:\Users\rashe\Projects\CodingProjects\CodeMaster\chrome-extension-app\node_modules\jsdom\lib\jsdom\living\helpers\runtime-script-errors.js:66:24)
          at innerInvokeEventListeners (C:\Users\rashe\Projects\CodingProjects\CodeMaster\chrome-extension-app\node_modules\jsdom\lib\jsdom\living\events\EventTarget-impl.js:353:9)
          at invokeEventListeners (C:\Users\rashe\Projects\CodingProjects\CodeMaster\chrome-extension-app\node_modules\jsdom\lib\jsdom\living\events\EventTarget-impl.js:286:3)
          at HTMLUnknownElementImpl._dispatch (C:\Users\rashe\Projects\CodingProjects\CodeMaster\chrome-extension-app\node_modules\jsdom\lib\jsdom\living\events\EventTarget-impl.js:233:9)
          at HTMLUnknownElementImpl.dispatchEvent (C:\Users\rashe\Projects\CodingProjects\CodeMaster\chrome-extension-app\node_modules\jsdom\lib\jsdom\living\events\EventTarget-impl.js:104:17)
          at HTMLUnknownElement.dispatchEvent (C:\Users\rashe\Projects\CodingProjects\CodeMaster\chrome-extension-app\node_modules\jsdom\lib\jsdom\living\generated\EventTarget.js:241:34)
          at Object.dispatchEvent (C:\Users\rashe\Projects\CodingProjects\CodeMaster\chrome-extension-app\node_modules\react-dom\cjs\react-dom.development.js:4213:16)
          at apply (C:\Users\rashe\Projects\CodingProjects\CodeMaster\chrome-extension-app\node_modules\react-dom\cjs\react-dom.development.js:4277:31)
          at invokeGuardedCallback (C:\Users\rashe\Projects\CodingProjects\CodeMaster\chrome-extension-app\node_modules\react-dom\cjs\react-dom.development.js:27490:7)
          at beginWork$1 (C:\Users\rashe\Projects\CodingProjects\CodeMaster\chrome-extension-app\node_modules\react-dom\cjs\react-dom.development.js:26599:12)
          at performUnitOfWork (C:\Users\rashe\Projects\CodingProjects\CodeMaster\chrome-extension-app\node_modules\react-dom\cjs\react-dom.development.js:26505:5)
          at workLoopSync (C:\Users\rashe\Projects\CodingProjects\CodeMaster\chrome-extension-app\node_modules\react-dom\cjs\react-dom.development.js:26473:7)
          at renderRootSync (C:\Users\rashe\Projects\CodingProjects\CodeMaster\chrome-extension-app\node_modules\react-dom\cjs\react-dom.development.js:25777:74)
          at flushActQueue (C:\Users\rashe\Projects\CodingProjects\CodeMaster\chrome-extension-app\node_modules\react\cjs\react.development.js:2667:24)
          at act (C:\Users\rashe\Projects\CodingProjects\CodeMaster\chrome-extension-app\node_modules\react\cjs\react.development.js:2582:11)
          at actImplementation (C:\Users\rashe\Projects\CodingProjects\CodeMaster\chrome-extension-app\node_modules\@testing-library\react\dist\act-compat.js:47:25)
          at renderRoot (C:\Users\rashe\Projects\CodingProjects\CodeMaster\chrome-extension-app\node_modules\@testing-library\react\dist\pure.js:190:25)
          at renderRoot (C:\Users\rashe\Projects\CodingProjects\CodeMaster\chrome-extension-app\node_modules\@testing-library\react\dist\pure.js:292:10)
          at Object.<anonymous> (C:\Users\rashe\Projects\CodingProjects\CodeMaster\chrome-extension-app\src\shared\components\__tests__\ErrorBoundary.test.jsx:86:13)
          at Promise.finally.completed (C:\Users\rashe\Projects\CodingProjects\CodeMaster\chrome-extension-app\node_modules\jest-circus\build\jestAdapterInit.js:1556:28)
          at new Promise (<anonymous>)
          at callAsyncCircusFn (C:\Users\rashe\Projects\CodingProjects\CodeMaster\chrome-extension-app\node_modules\jest-circus\build\jestAdapterInit.js:1496:10)
          at _callCircusTest (C:\Users\rashe\Projects\CodingProjects\CodeMaster\chrome-extension-app\node_modules\jest-circus\build\jestAdapterInit.js:1006:40)
          at processTicksAndRejections (node:internal/process/task_queues:105:5)
          at _runTest (C:\Users\rashe\Projects\CodingProjects\CodeMaster\chrome-extension-app\node_modules\jest-circus\build\jestAdapterInit.js:946:3)
          at _runTestsForDescribeBlock (C:\Users\rashe\Projects\CodingProjects\CodeMaster\chrome-extension-app\node_modules\jest-circus\build\jestAdapterInit.js:839:13)
          at _runTestsForDescribeBlock (C:\Users\rashe\Projects\CodingProjects\CodeMaster\chrome-extension-app\node_modules\jest-circus\build\jestAdapterInit.js:829:11)
          at _runTestsForDescribeBlock (C:\Users\rashe\Projects\CodingProjects\CodeMaster\chrome-extension-app\node_modules\jest-circus\build\jestAdapterInit.js:829:11)
          at run (C:\Users\rashe\Projects\CodingProjects\CodeMaster\chrome-extension-app\node_modules\jest-circus\build\jestAdapterInit.js:757:3)
          at runAndTransformResultsToJestFormat (C:\Users\rashe\Projects\CodingProjects\CodeMaster\chrome-extension-app\node_modules\jest-circus\build\jestAdapterInit.js:1917:21)
          at jestAdapter (C:\Users\rashe\Projects\CodingProjects\CodeMaster\chrome-extension-app\node_modules\jest-circus\build\runner.js:101:19)
          at runTestInternal (C:\Users\rashe\Projects\CodingProjects\CodeMaster\chrome-extension-app\node_modules\jest-runner\build\testWorker.js:275:16)
          at runTest (C:\Users\rashe\Projects\CodingProjects\CodeMaster\chrome-extension-app\node_modules\jest-runner\build\testWorker.js:343:7)
          at Object.worker (C:\Users\rashe\Projects\CodingProjects\CodeMaster\chrome-extension-app\node_modules\jest-runner\build\testWorker.js:497:12) {
        detail: Error: Test component crash
            at ThrowError (C:\Users\rashe\Projects\CodingProjects\CodeMaster\chrome-extension-app\src\shared\components\__tests__\ErrorBoundary.test.jsx:33:11)
            at Component (C:\Users\rashe\Projects\CodingProjects\CodeMaster\chrome-extension-app\node_modules\react-dom\cjs\react-dom.development.js:15486:18)
            at renderWithHooks (C:\Users\rashe\Projects\CodingProjects\CodeMaster\chrome-extension-app\node_modules\react-dom\cjs\react-dom.development.js:20103:13)
            at mountIndeterminateComponent (C:\Users\rashe\Projects\CodingProjects\CodeMaster\chrome-extension-app\node_modules\react-dom\cjs\react-dom.development.js:21626:16)
            at HTMLUnknownElement.apply (C:\Users\rashe\Projects\CodingProjects\CodeMaster\chrome-extension-app\node_modules\react-dom\cjs\react-dom.development.js:4164:14)
            at HTMLUnknownElement.callTheUserObjectsOperation (C:\Users\rashe\Projects\CodingProjects\CodeMaster\chrome-extension-app\node_modules\jsdom\lib\jsdom\living\generated\EventListener.js:26:30)
            at innerInvokeEventListeners (C:\Users\rashe\Projects\CodingProjects\CodeMaster\chrome-extension-app\node_modules\jsdom\lib\jsdom\living\events\EventTarget-impl.js:350:25)
            at invokeEventListeners (C:\Users\rashe\Projects\CodingProjects\CodeMaster\chrome-extension-app\node_modules\jsdom\lib\jsdom\living\events\EventTarget-impl.js:286:3)
            at HTMLUnknownElementImpl._dispatch (C:\Users\rashe\Projects\CodingProjects\CodeMaster\chrome-extension-app\node_modules\jsdom\lib\jsdom\living\events\EventTarget-impl.js:233:9)
            at HTMLUnknownElementImpl.dispatchEvent (C:\Users\rashe\Projects\CodingProjects\CodeMaster\chrome-extension-app\node_modules\jsdom\lib\jsdom\living\events\EventTarget-impl.js:104:17)
            at HTMLUnknownElement.dispatchEvent (C:\Users\rashe\Projects\CodingProjects\CodeMaster\chrome-extension-app\node_modules\jsdom\lib\jsdom\living\generated\EventTarget.js:241:34)
            at Object.dispatchEvent (C:\Users\rashe\Projects\CodingProjects\CodeMaster\chrome-extension-app\node_modules\react-dom\cjs\react-dom.development.js:4213:16)
            at apply (C:\Users\rashe\Projects\CodingProjects\CodeMaster\chrome-extension-app\node_modules\react-dom\cjs\react-dom.development.js:4277:31)
            at invokeGuardedCallback (C:\Users\rashe\Projects\CodingProjects\CodeMaster\chrome-extension-app\node_modules\react-dom\cjs\react-dom.development.js:27490:7)
            at beginWork$1 (C:\Users\rashe\Projects\CodingProjects\CodeMaster\chrome-extension-app\node_modules\react-dom\cjs\react-dom.development.js:26599:12)
            at performUnitOfWork (C:\Users\rashe\Projects\CodingProjects\CodeMaster\chrome-extension-app\node_modules\react-dom\cjs\react-dom.development.js:26505:5)
            at workLoopSync (C:\Users\rashe\Projects\CodingProjects\CodeMaster\chrome-extension-app\node_modules\react-dom\cjs\react-dom.development.js:26473:7)
            at renderRootSync (C:\Users\rashe\Projects\CodingProjects\CodeMaster\chrome-extension-app\node_modules\react-dom\cjs\react-dom.development.js:25777:74)
            at flushActQueue (C:\Users\rashe\Projects\CodingProjects\CodeMaster\chrome-extension-app\node_modules\react\cjs\react.development.js:2667:24)
            at act (C:\Users\rashe\Projects\CodingProjects\CodeMaster\chrome-extension-app\node_modules\react\cjs\react.development.js:2582:11)
            at actImplementation (C:\Users\rashe\Projects\CodingProjects\CodeMaster\chrome-extension-app\node_modules\@testing-library\react\dist\act-compat.js:47:25)
            at renderRoot (C:\Users\rashe\Projects\CodingProjects\CodeMaster\chrome-extension-app\node_modules\@testing-library\react\dist\pure.js:190:25)
            at renderRoot (C:\Users\rashe\Projects\CodingProjects\CodeMaster\chrome-extension-app\node_modules\@testing-library\react\dist\pure.js:292:10)
            at Object.<anonymous> (C:\Users\rashe\Projects\CodingProjects\CodeMaster\chrome-extension-app\src\shared\components\__tests__\ErrorBoundary.test.jsx:86:13)
            at Promise.finally.completed (C:\Users\rashe\Projects\CodingProjects\CodeMaster\chrome-extension-app\node_modules\jest-circus\build\jestAdapterInit.js:1556:28)
            at new Promise (<anonymous>)
            at callAsyncCircusFn (C:\Users\rashe\Projects\CodingProjects\CodeMaster\chrome-extension-app\node_modules\jest-circus\build\jestAdapterInit.js:1496:10)
            at _callCircusTest (C:\Users\rashe\Projects\CodingProjects\CodeMaster\chrome-extension-app\node_modules\jest-circus\build\jestAdapterInit.js:1006:40)
            at processTicksAndRejections (node:internal/process/task_queues:105:5)
            at _runTest (C:\Users\rashe\Projects\CodingProjects\CodeMaster\chrome-extension-app\node_modules\jest-circus\build\jestAdapterInit.js:946:3)
            at _runTestsForDescribeBlock (C:\Users\rashe\Projects\CodingProjects\CodeMaster\chrome-extension-app\node_modules\jest-circus\build\jestAdapterInit.js:839:13)
            at _runTestsForDescribeBlock (C:\Users\rashe\Projects\CodingProjects\CodeMaster\chrome-extension-app\node_modules\jest-circus\build\jestAdapterInit.js:829:11)
            at _runTestsForDescribeBlock (C:\Users\rashe\Projects\CodingProjects\CodeMaster\chrome-extension-app\node_modules\jest-circus\build\jestAdapterInit.js:829:11)
            at run (C:\Users\rashe\Projects\CodingProjects\CodeMaster\chrome-extension-app\node_modules\jest-circus\build\jestAdapterInit.js:757:3)
            at runAndTransformResultsToJestFormat (C:\Users\rashe\Projects\CodingProjects\CodeMaster\chrome-extension-app\node_modules\jest-circus\build\jestAdapterInit.js:1917:21)
            at jestAdapter (C:\Users\rashe\Projects\CodingProjects\CodeMaster\chrome-extension-app\node_modules\jest-circus\build\runner.js:101:19)
            at runTestInternal (C:\Users\rashe\Projects\CodingProjects\CodeMaster\chrome-extension-app\node_modules\jest-runner\build\testWorker.js:275:16)
            at runTest (C:\Users\rashe\Projects\CodingProjects\CodeMaster\chrome-extension-app\node_modules\jest-runner\build\testWorker.js:343:7)
            at Object.worker (C:\Users\rashe\Projects\CodingProjects\CodeMaster\chrome-extension-app\node_modules\jest-runner\build\testWorker.js:497:12),
        type: 'unhandled exception'
      }

    [0m [90m 256 |[39m     [36mreturn[39m[33m;[39m [90m// Suppress JSDOM navigation warnings[39m
     [90m 257 |[39m   }
    [31m[1m>[22m[39m[90m 258 |[39m   originalError[33m.[39mcall(console[33m,[39m [33m...[39margs)[33m;[39m
     [90m     |[39m                 [31m[1m^[22m[39m
     [90m 259 |[39m }[33m;[39m
     [90m 260 |[39m
     [90m 261 |[39m [90m// Mock console methods to reduce noise in tests, but preserve error handling[39m[0m

      at console.call [as error] (test/setup.js:258:17)
      at VirtualConsole.<anonymous> (node_modules/@jest/environment-jsdom-abstract/build/index.js:78:23)
      at reportException (node_modules/jsdom/lib/jsdom/living/helpers/runtime-script-errors.js:70:28)
      at innerInvokeEventListeners (node_modules/jsdom/lib/jsdom/living/events/EventTarget-impl.js:353:9)
      at invokeEventListeners (node_modules/jsdom/lib/jsdom/living/events/EventTarget-impl.js:286:3)
      at HTMLUnknownElementImpl._dispatch (node_modules/jsdom/lib/jsdom/living/events/EventTarget-impl.js:233:9)
      at HTMLUnknownElementImpl.dispatchEvent (node_modules/jsdom/lib/jsdom/living/events/EventTarget-impl.js:104:17)
      at HTMLUnknownElement.dispatchEvent (node_modules/jsdom/lib/jsdom/living/generated/EventTarget.js:241:34)
      at Object.dispatchEvent (node_modules/react-dom/cjs/react-dom.development.js:4213:16)
      at apply (node_modules/react-dom/cjs/react-dom.development.js:4277:31)
      at invokeGuardedCallback (node_modules/react-dom/cjs/react-dom.development.js:27490:7)
      at beginWork$1 (node_modules/react-dom/cjs/react-dom.development.js:26599:12)
      at performUnitOfWork (node_modules/react-dom/cjs/react-dom.development.js:26505:5)
      at workLoopSync (node_modules/react-dom/cjs/react-dom.development.js:26473:7)
      at renderRootSync (node_modules/react-dom/cjs/react-dom.development.js:25777:74)
      at flushActQueue (node_modules/react/cjs/react.development.js:2667:24)
      at act (node_modules/react/cjs/react.development.js:2582:11)
      at actImplementation (node_modules/@testing-library/react/dist/act-compat.js:47:25)
      at renderRoot (node_modules/@testing-library/react/dist/pure.js:190:25)
      at renderRoot (node_modules/@testing-library/react/dist/pure.js:292:10)
      at Object.<anonymous> (src/shared/components/__tests__/ErrorBoundary.test.jsx:86:13)

    console.error
      Error: Uncaught [Error: Test component crash]
          at reportException (C:\Users\rashe\Projects\CodingProjects\CodeMaster\chrome-extension-app\node_modules\jsdom\lib\jsdom\living\helpers\runtime-script-errors.js:66:24)
          at innerInvokeEventListeners (C:\Users\rashe\Projects\CodingProjects\CodeMaster\chrome-extension-app\node_modules\jsdom\lib\jsdom\living\events\EventTarget-impl.js:353:9)
          at invokeEventListeners (C:\Users\rashe\Projects\CodingProjects\CodeMaster\chrome-extension-app\node_modules\jsdom\lib\jsdom\living\events\EventTarget-impl.js:286:3)
          at HTMLUnknownElementImpl._dispatch (C:\Users\rashe\Projects\CodingProjects\CodeMaster\chrome-extension-app\node_modules\jsdom\lib\jsdom\living\events\EventTarget-impl.js:233:9)
          at HTMLUnknownElementImpl.dispatchEvent (C:\Users\rashe\Projects\CodingProjects\CodeMaster\chrome-extension-app\node_modules\jsdom\lib\jsdom\living\events\EventTarget-impl.js:104:17)
          at HTMLUnknownElement.dispatchEvent (C:\Users\rashe\Projects\CodingProjects\CodeMaster\chrome-extension-app\node_modules\jsdom\lib\jsdom\living\generated\EventTarget.js:241:34)
          at Object.dispatchEvent (C:\Users\rashe\Projects\CodingProjects\CodeMaster\chrome-extension-app\node_modules\react-dom\cjs\react-dom.development.js:4213:16)
          at apply (C:\Users\rashe\Projects\CodingProjects\CodeMaster\chrome-extension-app\node_modules\react-dom\cjs\react-dom.development.js:4277:31)
          at invokeGuardedCallback (C:\Users\rashe\Projects\CodingProjects\CodeMaster\chrome-extension-app\node_modules\react-dom\cjs\react-dom.development.js:27490:7)
          at beginWork$1 (C:\Users\rashe\Projects\CodingProjects\CodeMaster\chrome-extension-app\node_modules\react-dom\cjs\react-dom.development.js:26599:12)
          at performUnitOfWork (C:\Users\rashe\Projects\CodingProjects\CodeMaster\chrome-extension-app\node_modules\react-dom\cjs\react-dom.development.js:26505:5)
          at workLoopSync (C:\Users\rashe\Projects\CodingProjects\CodeMaster\chrome-extension-app\node_modules\react-dom\cjs\react-dom.development.js:26473:7)
          at renderRootSync (C:\Users\rashe\Projects\CodingProjects\CodeMaster\chrome-extension-app\node_modules\react-dom\cjs\react-dom.development.js:25889:20)
          at recoverFromConcurrentError (C:\Users\rashe\Projects\CodingProjects\CodeMaster\chrome-extension-app\node_modules\react-dom\cjs\react-dom.development.js:25789:22)
          at flushActQueue (C:\Users\rashe\Projects\CodingProjects\CodeMaster\chrome-extension-app\node_modules\react\cjs\react.development.js:2667:24)
          at act (C:\Users\rashe\Projects\CodingProjects\CodeMaster\chrome-extension-app\node_modules\react\cjs\react.development.js:2582:11)
          at actImplementation (C:\Users\rashe\Projects\CodingProjects\CodeMaster\chrome-extension-app\node_modules\@testing-library\react\dist\act-compat.js:47:25)
          at renderRoot (C:\Users\rashe\Projects\CodingProjects\CodeMaster\chrome-extension-app\node_modules\@testing-library\react\dist\pure.js:190:25)
          at renderRoot (C:\Users\rashe\Projects\CodingProjects\CodeMaster\chrome-extension-app\node_modules\@testing-library\react\dist\pure.js:292:10)
          at Object.<anonymous> (C:\Users\rashe\Projects\CodingProjects\CodeMaster\chrome-extension-app\src\shared\components\__tests__\ErrorBoundary.test.jsx:86:13)
          at Promise.finally.completed (C:\Users\rashe\Projects\CodingProjects\CodeMaster\chrome-extension-app\node_modules\jest-circus\build\jestAdapterInit.js:1556:28)
          at new Promise (<anonymous>)
          at callAsyncCircusFn (C:\Users\rashe\Projects\CodingProjects\CodeMaster\chrome-extension-app\node_modules\jest-circus\build\jestAdapterInit.js:1496:10)
          at _callCircusTest (C:\Users\rashe\Projects\CodingProjects\CodeMaster\chrome-extension-app\node_modules\jest-circus\build\jestAdapterInit.js:1006:40)
          at processTicksAndRejections (node:internal/process/task_queues:105:5)
          at _runTest (C:\Users\rashe\Projects\CodingProjects\CodeMaster\chrome-extension-app\node_modules\jest-circus\build\jestAdapterInit.js:946:3)
          at _runTestsForDescribeBlock (C:\Users\rashe\Projects\CodingProjects\CodeMaster\chrome-extension-app\node_modules\jest-circus\build\jestAdapterInit.js:839:13)
          at _runTestsForDescribeBlock (C:\Users\rashe\Projects\CodingProjects\CodeMaster\chrome-extension-app\node_modules\jest-circus\build\jestAdapterInit.js:829:11)
          at _runTestsForDescribeBlock (C:\Users\rashe\Projects\CodingProjects\CodeMaster\chrome-extension-app\node_modules\jest-circus\build\jestAdapterInit.js:829:11)
          at run (C:\Users\rashe\Projects\CodingProjects\CodeMaster\chrome-extension-app\node_modules\jest-circus\build\jestAdapterInit.js:757:3)
          at runAndTransformResultsToJestFormat (C:\Users\rashe\Projects\CodingProjects\CodeMaster\chrome-extension-app\node_modules\jest-circus\build\jestAdapterInit.js:1917:21)
          at jestAdapter (C:\Users\rashe\Projects\CodingProjects\CodeMaster\chrome-extension-app\node_modules\jest-circus\build\runner.js:101:19)
          at runTestInternal (C:\Users\rashe\Projects\CodingProjects\CodeMaster\chrome-extension-app\node_modules\jest-runner\build\testWorker.js:275:16)
          at runTest (C:\Users\rashe\Projects\CodingProjects\CodeMaster\chrome-extension-app\node_modules\jest-runner\build\testWorker.js:343:7)
          at Object.worker (C:\Users\rashe\Projects\CodingProjects\CodeMaster\chrome-extension-app\node_modules\jest-runner\build\testWorker.js:497:12) {
        detail: Error: Test component crash
            at ThrowError (C:\Users\rashe\Projects\CodingProjects\CodeMaster\chrome-extension-app\src\shared\components\__tests__\ErrorBoundary.test.jsx:33:11)
            at Component (C:\Users\rashe\Projects\CodingProjects\CodeMaster\chrome-extension-app\node_modules\react-dom\cjs\react-dom.development.js:15486:18)
            at renderWithHooks (C:\Users\rashe\Projects\CodingProjects\CodeMaster\chrome-extension-app\node_modules\react-dom\cjs\react-dom.development.js:20103:13)
            at mountIndeterminateComponent (C:\Users\rashe\Projects\CodingProjects\CodeMaster\chrome-extension-app\node_modules\react-dom\cjs\react-dom.development.js:21626:16)
            at HTMLUnknownElement.apply (C:\Users\rashe\Projects\CodingProjects\CodeMaster\chrome-extension-app\node_modules\react-dom\cjs\react-dom.development.js:4164:14)
            at HTMLUnknownElement.callTheUserObjectsOperation (C:\Users\rashe\Projects\CodingProjects\CodeMaster\chrome-extension-app\node_modules\jsdom\lib\jsdom\living\generated\EventListener.js:26:30)
            at innerInvokeEventListeners (C:\Users\rashe\Projects\CodingProjects\CodeMaster\chrome-extension-app\node_modules\jsdom\lib\jsdom\living\events\EventTarget-impl.js:350:25)
            at invokeEventListeners (C:\Users\rashe\Projects\CodingProjects\CodeMaster\chrome-extension-app\node_modules\jsdom\lib\jsdom\living\events\EventTarget-impl.js:286:3)
            at HTMLUnknownElementImpl._dispatch (C:\Users\rashe\Projects\CodingProjects\CodeMaster\chrome-extension-app\node_modules\jsdom\lib\jsdom\living\events\EventTarget-impl.js:233:9)
            at HTMLUnknownElementImpl.dispatchEvent (C:\Users\rashe\Projects\CodingProjects\CodeMaster\chrome-extension-app\node_modules\jsdom\lib\jsdom\living\events\EventTarget-impl.js:104:17)
            at HTMLUnknownElement.dispatchEvent (C:\Users\rashe\Projects\CodingProjects\CodeMaster\chrome-extension-app\node_modules\jsdom\lib\jsdom\living\generated\EventTarget.js:241:34)
            at Object.dispatchEvent (C:\Users\rashe\Projects\CodingProjects\CodeMaster\chrome-extension-app\node_modules\react-dom\cjs\react-dom.development.js:4213:16)
            at apply (C:\Users\rashe\Projects\CodingProjects\CodeMaster\chrome-extension-app\node_modules\react-dom\cjs\react-dom.development.js:4277:31)
            at invokeGuardedCallback (C:\Users\rashe\Projects\CodingProjects\CodeMaster\chrome-extension-app\node_modules\react-dom\cjs\react-dom.development.js:27490:7)
            at beginWork$1 (C:\Users\rashe\Projects\CodingProjects\CodeMaster\chrome-extension-app\node_modules\react-dom\cjs\react-dom.development.js:26599:12)
            at performUnitOfWork (C:\Users\rashe\Projects\CodingProjects\CodeMaster\chrome-extension-app\node_modules\react-dom\cjs\react-dom.development.js:26505:5)
            at workLoopSync (C:\Users\rashe\Projects\CodingProjects\CodeMaster\chrome-extension-app\node_modules\react-dom\cjs\react-dom.development.js:26473:7)
            at renderRootSync (C:\Users\rashe\Projects\CodingProjects\CodeMaster\chrome-extension-app\node_modules\react-dom\cjs\react-dom.development.js:25889:20)
            at recoverFromConcurrentError (C:\Users\rashe\Projects\CodingProjects\CodeMaster\chrome-extension-app\node_modules\react-dom\cjs\react-dom.development.js:25789:22)
            at flushActQueue (C:\Users\rashe\Projects\CodingProjects\CodeMaster\chrome-extension-app\node_modules\react\cjs\react.development.js:2667:24)
            at act (C:\Users\rashe\Projects\CodingProjects\CodeMaster\chrome-extension-app\node_modules\react\cjs\react.development.js:2582:11)
            at actImplementation (C:\Users\rashe\Projects\CodingProjects\CodeMaster\chrome-extension-app\node_modules\@testing-library\react\dist\act-compat.js:47:25)
            at renderRoot (C:\Users\rashe\Projects\CodingProjects\CodeMaster\chrome-extension-app\node_modules\@testing-library\react\dist\pure.js:190:25)
            at renderRoot (C:\Users\rashe\Projects\CodingProjects\CodeMaster\chrome-extension-app\node_modules\@testing-library\react\dist\pure.js:292:10)
            at Object.<anonymous> (C:\Users\rashe\Projects\CodingProjects\CodeMaster\chrome-extension-app\src\shared\components\__tests__\ErrorBoundary.test.jsx:86:13)
            at Promise.finally.completed (C:\Users\rashe\Projects\CodingProjects\CodeMaster\chrome-extension-app\node_modules\jest-circus\build\jestAdapterInit.js:1556:28)
            at new Promise (<anonymous>)
            at callAsyncCircusFn (C:\Users\rashe\Projects\CodingProjects\CodeMaster\chrome-extension-app\node_modules\jest-circus\build\jestAdapterInit.js:1496:10)
            at _callCircusTest (C:\Users\rashe\Projects\CodingProjects\CodeMaster\chrome-extension-app\node_modules\jest-circus\build\jestAdapterInit.js:1006:40)
            at processTicksAndRejections (node:internal/process/task_queues:105:5)
            at _runTest (C:\Users\rashe\Projects\CodingProjects\CodeMaster\chrome-extension-app\node_modules\jest-circus\build\jestAdapterInit.js:946:3)
            at _runTestsForDescribeBlock (C:\Users\rashe\Projects\CodingProjects\CodeMaster\chrome-extension-app\node_modules\jest-circus\build\jestAdapterInit.js:839:13)
            at _runTestsForDescribeBlock (C:\Users\rashe\Projects\CodingProjects\CodeMaster\chrome-extension-app\node_modules\jest-circus\build\jestAdapterInit.js:829:11)
            at _runTestsForDescribeBlock (C:\Users\rashe\Projects\CodingProjects\CodeMaster\chrome-extension-app\node_modules\jest-circus\build\jestAdapterInit.js:829:11)
            at run (C:\Users\rashe\Projects\CodingProjects\CodeMaster\chrome-extension-app\node_modules\jest-circus\build\jestAdapterInit.js:757:3)
            at runAndTransformResultsToJestFormat (C:\Users\rashe\Projects\CodingProjects\CodeMaster\chrome-extension-app\node_modules\jest-circus\build\jestAdapterInit.js:1917:21)
            at jestAdapter (C:\Users\rashe\Projects\CodingProjects\CodeMaster\chrome-extension-app\node_modules\jest-circus\build\runner.js:101:19)
            at runTestInternal (C:\Users\rashe\Projects\CodingProjects\CodeMaster\chrome-extension-app\node_modules\jest-runner\build\testWorker.js:275:16)
            at runTest (C:\Users\rashe\Projects\CodingProjects\CodeMaster\chrome-extension-app\node_modules\jest-runner\build\testWorker.js:343:7)
            at Object.worker (C:\Users\rashe\Projects\CodingProjects\CodeMaster\chrome-extension-app\node_modules\jest-runner\build\testWorker.js:497:12),
        type: 'unhandled exception'
      }

    [0m [90m 256 |[39m     [36mreturn[39m[33m;[39m [90m// Suppress JSDOM navigation warnings[39m
     [90m 257 |[39m   }
    [31m[1m>[22m[39m[90m 258 |[39m   originalError[33m.[39mcall(console[33m,[39m [33m...[39margs)[33m;[39m
     [90m     |[39m                 [31m[1m^[22m[39m
     [90m 259 |[39m }[33m;[39m
     [90m 260 |[39m
     [90m 261 |[39m [90m// Mock console methods to reduce noise in tests, but preserve error handling[39m[0m

      at console.call [as error] (test/setup.js:258:17)
      at VirtualConsole.<anonymous> (node_modules/@jest/environment-jsdom-abstract/build/index.js:78:23)
      at reportException (node_modules/jsdom/lib/jsdom/living/helpers/runtime-script-errors.js:70:28)
      at innerInvokeEventListeners (node_modules/jsdom/lib/jsdom/living/events/EventTarget-impl.js:353:9)
      at invokeEventListeners (node_modules/jsdom/lib/jsdom/living/events/EventTarget-impl.js:286:3)
      at HTMLUnknownElementImpl._dispatch (node_modules/jsdom/lib/jsdom/living/events/EventTarget-impl.js:233:9)
      at HTMLUnknownElementImpl.dispatchEvent (node_modules/jsdom/lib/jsdom/living/events/EventTarget-impl.js:104:17)
      at HTMLUnknownElement.dispatchEvent (node_modules/jsdom/lib/jsdom/living/generated/EventTarget.js:241:34)
      at Object.dispatchEvent (node_modules/react-dom/cjs/react-dom.development.js:4213:16)
      at apply (node_modules/react-dom/cjs/react-dom.development.js:4277:31)
      at invokeGuardedCallback (node_modules/react-dom/cjs/react-dom.development.js:27490:7)
      at beginWork$1 (node_modules/react-dom/cjs/react-dom.development.js:26599:12)
      at performUnitOfWork (node_modules/react-dom/cjs/react-dom.development.js:26505:5)
      at workLoopSync (node_modules/react-dom/cjs/react-dom.development.js:26473:7)
      at renderRootSync (node_modules/react-dom/cjs/react-dom.development.js:25889:20)
      at recoverFromConcurrentError (node_modules/react-dom/cjs/react-dom.development.js:25789:22)
      at flushActQueue (node_modules/react/cjs/react.development.js:2667:24)
      at act (node_modules/react/cjs/react.development.js:2582:11)
      at actImplementation (node_modules/@testing-library/react/dist/act-compat.js:47:25)
      at renderRoot (node_modules/@testing-library/react/dist/pure.js:190:25)
      at renderRoot (node_modules/@testing-library/react/dist/pure.js:292:10)
      at Object.<anonymous> (src/shared/components/__tests__/ErrorBoundary.test.jsx:86:13)

    console.error
      Error: Uncaught [Error: Test error]
          at reportException (C:\Users\rashe\Projects\CodingProjects\CodeMaster\chrome-extension-app\node_modules\jsdom\lib\jsdom\living\helpers\runtime-script-errors.js:66:24)
          at innerInvokeEventListeners (C:\Users\rashe\Projects\CodingProjects\CodeMaster\chrome-extension-app\node_modules\jsdom\lib\jsdom\living\events\EventTarget-impl.js:353:9)
          at invokeEventListeners (C:\Users\rashe\Projects\CodingProjects\CodeMaster\chrome-extension-app\node_modules\jsdom\lib\jsdom\living\events\EventTarget-impl.js:286:3)
          at HTMLUnknownElementImpl._dispatch (C:\Users\rashe\Projects\CodingProjects\CodeMaster\chrome-extension-app\node_modules\jsdom\lib\jsdom\living\events\EventTarget-impl.js:233:9)
          at HTMLUnknownElementImpl.dispatchEvent (C:\Users\rashe\Projects\CodingProjects\CodeMaster\chrome-extension-app\node_modules\jsdom\lib\jsdom\living\events\EventTarget-impl.js:104:17)
          at HTMLUnknownElement.dispatchEvent (C:\Users\rashe\Projects\CodingProjects\CodeMaster\chrome-extension-app\node_modules\jsdom\lib\jsdom\living\generated\EventTarget.js:241:34)
          at Object.dispatchEvent (C:\Users\rashe\Projects\CodingProjects\CodeMaster\chrome-extension-app\node_modules\react-dom\cjs\react-dom.development.js:4213:16)
          at apply (C:\Users\rashe\Projects\CodingProjects\CodeMaster\chrome-extension-app\node_modules\react-dom\cjs\react-dom.development.js:4277:31)
          at invokeGuardedCallback (C:\Users\rashe\Projects\CodingProjects\CodeMaster\chrome-extension-app\node_modules\react-dom\cjs\react-dom.development.js:27490:7)
          at beginWork$1 (C:\Users\rashe\Projects\CodingProjects\CodeMaster\chrome-extension-app\node_modules\react-dom\cjs\react-dom.development.js:26599:12)
          at performUnitOfWork (C:\Users\rashe\Projects\CodingProjects\CodeMaster\chrome-extension-app\node_modules\react-dom\cjs\react-dom.development.js:26505:5)
          at workLoopSync (C:\Users\rashe\Projects\CodingProjects\CodeMaster\chrome-extension-app\node_modules\react-dom\cjs\react-dom.development.js:26473:7)
          at renderRootSync (C:\Users\rashe\Projects\CodingProjects\CodeMaster\chrome-extension-app\node_modules\react-dom\cjs\react-dom.development.js:25777:74)
          at flushActQueue (C:\Users\rashe\Projects\CodingProjects\CodeMaster\chrome-extension-app\node_modules\react\cjs\react.development.js:2667:24)
          at act (C:\Users\rashe\Projects\CodingProjects\CodeMaster\chrome-extension-app\node_modules\react\cjs\react.development.js:2582:11)
          at actImplementation (C:\Users\rashe\Projects\CodingProjects\CodeMaster\chrome-extension-app\node_modules\@testing-library\react\dist\act-compat.js:47:25)
          at renderRoot (C:\Users\rashe\Projects\CodingProjects\CodeMaster\chrome-extension-app\node_modules\@testing-library\react\dist\pure.js:190:25)
          at renderRoot (C:\Users\rashe\Projects\CodingProjects\CodeMaster\chrome-extension-app\node_modules\@testing-library\react\dist\pure.js:292:10)
          at Object.<anonymous> (C:\Users\rashe\Projects\CodingProjects\CodeMaster\chrome-extension-app\src\shared\components\__tests__\ErrorBoundary.test.jsx:105:13)
          at Promise.finally.completed (C:\Users\rashe\Projects\CodingProjects\CodeMaster\chrome-extension-app\node_modules\jest-circus\build\jestAdapterInit.js:1556:28)
          at new Promise (<anonymous>)
          at callAsyncCircusFn (C:\Users\rashe\Projects\CodingProjects\CodeMaster\chrome-extension-app\node_modules\jest-circus\build\jestAdapterInit.js:1496:10)
          at _callCircusTest (C:\Users\rashe\Projects\CodingProjects\CodeMaster\chrome-extension-app\node_modules\jest-circus\build\jestAdapterInit.js:1006:40)
          at processTicksAndRejections (node:internal/process/task_queues:105:5)
          at _runTest (C:\Users\rashe\Projects\CodingProjects\CodeMaster\chrome-extension-app\node_modules\jest-circus\build\jestAdapterInit.js:946:3)
          at _runTestsForDescribeBlock (C:\Users\rashe\Projects\CodingProjects\CodeMaster\chrome-extension-app\node_modules\jest-circus\build\jestAdapterInit.js:839:13)
          at _runTestsForDescribeBlock (C:\Users\rashe\Projects\CodingProjects\CodeMaster\chrome-extension-app\node_modules\jest-circus\build\jestAdapterInit.js:829:11)
          at _runTestsForDescribeBlock (C:\Users\rashe\Projects\CodingProjects\CodeMaster\chrome-extension-app\node_modules\jest-circus\build\jestAdapterInit.js:829:11)
          at run (C:\Users\rashe\Projects\CodingProjects\CodeMaster\chrome-extension-app\node_modules\jest-circus\build\jestAdapterInit.js:757:3)
          at runAndTransformResultsToJestFormat (C:\Users\rashe\Projects\CodingProjects\CodeMaster\chrome-extension-app\node_modules\jest-circus\build\jestAdapterInit.js:1917:21)
          at jestAdapter (C:\Users\rashe\Projects\CodingProjects\CodeMaster\chrome-extension-app\node_modules\jest-circus\build\runner.js:101:19)
          at runTestInternal (C:\Users\rashe\Projects\CodingProjects\CodeMaster\chrome-extension-app\node_modules\jest-runner\build\testWorker.js:275:16)
          at runTest (C:\Users\rashe\Projects\CodingProjects\CodeMaster\chrome-extension-app\node_modules\jest-runner\build\testWorker.js:343:7)
          at Object.worker (C:\Users\rashe\Projects\CodingProjects\CodeMaster\chrome-extension-app\node_modules\jest-runner\build\testWorker.js:497:12) {
        detail: Error: Test error
            at ThrowError (C:\Users\rashe\Projects\CodingProjects\CodeMaster\chrome-extension-app\src\shared\components\__tests__\ErrorBoundary.test.jsx:33:11)
            at Component (C:\Users\rashe\Projects\CodingProjects\CodeMaster\chrome-extension-app\node_modules\react-dom\cjs\react-dom.development.js:15486:18)
            at renderWithHooks (C:\Users\rashe\Projects\CodingProjects\CodeMaster\chrome-extension-app\node_modules\react-dom\cjs\react-dom.development.js:20103:13)
            at mountIndeterminateComponent (C:\Users\rashe\Projects\CodingProjects\CodeMaster\chrome-extension-app\node_modules\react-dom\cjs\react-dom.development.js:21626:16)
            at HTMLUnknownElement.apply (C:\Users\rashe\Projects\CodingProjects\CodeMaster\chrome-extension-app\node_modules\react-dom\cjs\react-dom.development.js:4164:14)
            at HTMLUnknownElement.callTheUserObjectsOperation (C:\Users\rashe\Projects\CodingProjects\CodeMaster\chrome-extension-app\node_modules\jsdom\lib\jsdom\living\generated\EventListener.js:26:30)
            at innerInvokeEventListeners (C:\Users\rashe\Projects\CodingProjects\CodeMaster\chrome-extension-app\node_modules\jsdom\lib\jsdom\living\events\EventTarget-impl.js:350:25)
            at invokeEventListeners (C:\Users\rashe\Projects\CodingProjects\CodeMaster\chrome-extension-app\node_modules\jsdom\lib\jsdom\living\events\EventTarget-impl.js:286:3)
            at HTMLUnknownElementImpl._dispatch (C:\Users\rashe\Projects\CodingProjects\CodeMaster\chrome-extension-app\node_modules\jsdom\lib\jsdom\living\events\EventTarget-impl.js:233:9)
            at HTMLUnknownElementImpl.dispatchEvent (C:\Users\rashe\Projects\CodingProjects\CodeMaster\chrome-extension-app\node_modules\jsdom\lib\jsdom\living\events\EventTarget-impl.js:104:17)
            at HTMLUnknownElement.dispatchEvent (C:\Users\rashe\Projects\CodingProjects\CodeMaster\chrome-extension-app\node_modules\jsdom\lib\jsdom\living\generated\EventTarget.js:241:34)
            at Object.dispatchEvent (C:\Users\rashe\Projects\CodingProjects\CodeMaster\chrome-extension-app\node_modules\react-dom\cjs\react-dom.development.js:4213:16)
            at apply (C:\Users\rashe\Projects\CodingProjects\CodeMaster\chrome-extension-app\node_modules\react-dom\cjs\react-dom.development.js:4277:31)
            at invokeGuardedCallback (C:\Users\rashe\Projects\CodingProjects\CodeMaster\chrome-extension-app\node_modules\react-dom\cjs\react-dom.development.js:27490:7)
            at beginWork$1 (C:\Users\rashe\Projects\CodingProjects\CodeMaster\chrome-extension-app\node_modules\react-dom\cjs\react-dom.development.js:26599:12)
            at performUnitOfWork (C:\Users\rashe\Projects\CodingProjects\CodeMaster\chrome-extension-app\node_modules\react-dom\cjs\react-dom.development.js:26505:5)
            at workLoopSync (C:\Users\rashe\Projects\CodingProjects\CodeMaster\chrome-extension-app\node_modules\react-dom\cjs\react-dom.development.js:26473:7)
            at renderRootSync (C:\Users\rashe\Projects\CodingProjects\CodeMaster\chrome-extension-app\node_modules\react-dom\cjs\react-dom.development.js:25777:74)
            at flushActQueue (C:\Users\rashe\Projects\CodingProjects\CodeMaster\chrome-extension-app\node_modules\react\cjs\react.development.js:2667:24)
            at act (C:\Users\rashe\Projects\CodingProjects\CodeMaster\chrome-extension-app\node_modules\react\cjs\react.development.js:2582:11)
            at actImplementation (C:\Users\rashe\Projects\CodingProjects\CodeMaster\chrome-extension-app\node_modules\@testing-library\react\dist\act-compat.js:47:25)
            at renderRoot (C:\Users\rashe\Projects\CodingProjects\CodeMaster\chrome-extension-app\node_modules\@testing-library\react\dist\pure.js:190:25)
            at renderRoot (C:\Users\rashe\Projects\CodingProjects\CodeMaster\chrome-extension-app\node_modules\@testing-library\react\dist\pure.js:292:10)
            at Object.<anonymous> (C:\Users\rashe\Projects\CodingProjects\CodeMaster\chrome-extension-app\src\shared\components\__tests__\ErrorBoundary.test.jsx:105:13)
            at Promise.finally.completed (C:\Users\rashe\Projects\CodingProjects\CodeMaster\chrome-extension-app\node_modules\jest-circus\build\jestAdapterInit.js:1556:28)
            at new Promise (<anonymous>)
            at callAsyncCircusFn (C:\Users\rashe\Projects\CodingProjects\CodeMaster\chrome-extension-app\node_modules\jest-circus\build\jestAdapterInit.js:1496:10)
            at _callCircusTest (C:\Users\rashe\Projects\CodingProjects\CodeMaster\chrome-extension-app\node_modules\jest-circus\build\jestAdapterInit.js:1006:40)
            at processTicksAndRejections (node:internal/process/task_queues:105:5)
            at _runTest (C:\Users\rashe\Projects\CodingProjects\CodeMaster\chrome-extension-app\node_modules\jest-circus\build\jestAdapterInit.js:946:3)
            at _runTestsForDescribeBlock (C:\Users\rashe\Projects\CodingProjects\CodeMaster\chrome-extension-app\node_modules\jest-circus\build\jestAdapterInit.js:839:13)
            at _runTestsForDescribeBlock (C:\Users\rashe\Projects\CodingProjects\CodeMaster\chrome-extension-app\node_modules\jest-circus\build\jestAdapterInit.js:829:11)
            at _runTestsForDescribeBlock (C:\Users\rashe\Projects\CodingProjects\CodeMaster\chrome-extension-app\node_modules\jest-circus\build\jestAdapterInit.js:829:11)
            at run (C:\Users\rashe\Projects\CodingProjects\CodeMaster\chrome-extension-app\node_modules\jest-circus\build\jestAdapterInit.js:757:3)
            at runAndTransformResultsToJestFormat (C:\Users\rashe\Projects\CodingProjects\CodeMaster\chrome-extension-app\node_modules\jest-circus\build\jestAdapterInit.js:1917:21)
            at jestAdapter (C:\Users\rashe\Projects\CodingProjects\CodeMaster\chrome-extension-app\node_modules\jest-circus\build\runner.js:101:19)
            at runTestInternal (C:\Users\rashe\Projects\CodingProjects\CodeMaster\chrome-extension-app\node_modules\jest-runner\build\testWorker.js:275:16)
            at runTest (C:\Users\rashe\Projects\CodingProjects\CodeMaster\chrome-extension-app\node_modules\jest-runner\build\testWorker.js:343:7)
            at Object.worker (C:\Users\rashe\Projects\CodingProjects\CodeMaster\chrome-extension-app\node_modules\jest-runner\build\testWorker.js:497:12),
        type: 'unhandled exception'
      }

    [0m [90m 256 |[39m     [36mreturn[39m[33m;[39m [90m// Suppress JSDOM navigation warnings[39m
     [90m 257 |[39m   }
    [31m[1m>[22m[39m[90m 258 |[39m   originalError[33m.[39mcall(console[33m,[39m [33m...[39margs)[33m;[39m
     [90m     |[39m                 [31m[1m^[22m[39m
     [90m 259 |[39m }[33m;[39m
     [90m 260 |[39m
     [90m 261 |[39m [90m// Mock console methods to reduce noise in tests, but preserve error handling[39m[0m

      at console.call [as error] (test/setup.js:258:17)
      at VirtualConsole.<anonymous> (node_modules/@jest/environment-jsdom-abstract/build/index.js:78:23)
      at reportException (node_modules/jsdom/lib/jsdom/living/helpers/runtime-script-errors.js:70:28)
      at innerInvokeEventListeners (node_modules/jsdom/lib/jsdom/living/events/EventTarget-impl.js:353:9)
      at invokeEventListeners (node_modules/jsdom/lib/jsdom/living/events/EventTarget-impl.js:286:3)
      at HTMLUnknownElementImpl._dispatch (node_modules/jsdom/lib/jsdom/living/events/EventTarget-impl.js:233:9)
      at HTMLUnknownElementImpl.dispatchEvent (node_modules/jsdom/lib/jsdom/living/events/EventTarget-impl.js:104:17)
      at HTMLUnknownElement.dispatchEvent (node_modules/jsdom/lib/jsdom/living/generated/EventTarget.js:241:34)
      at Object.dispatchEvent (node_modules/react-dom/cjs/react-dom.development.js:4213:16)
      at apply (node_modules/react-dom/cjs/react-dom.development.js:4277:31)
      at invokeGuardedCallback (node_modules/react-dom/cjs/react-dom.development.js:27490:7)
      at beginWork$1 (node_modules/react-dom/cjs/react-dom.development.js:26599:12)
      at performUnitOfWork (node_modules/react-dom/cjs/react-dom.development.js:26505:5)
      at workLoopSync (node_modules/react-dom/cjs/react-dom.development.js:26473:7)
      at renderRootSync (node_modules/react-dom/cjs/react-dom.development.js:25777:74)
      at flushActQueue (node_modules/react/cjs/react.development.js:2667:24)
      at act (node_modules/react/cjs/react.development.js:2582:11)
      at actImplementation (node_modules/@testing-library/react/dist/act-compat.js:47:25)
      at renderRoot (node_modules/@testing-library/react/dist/pure.js:190:25)
      at renderRoot (node_modules/@testing-library/react/dist/pure.js:292:10)
      at Object.<anonymous> (src/shared/components/__tests__/ErrorBoundary.test.jsx:105:13)

    console.error
      Error: Uncaught [Error: Test error]
          at reportException (C:\Users\rashe\Projects\CodingProjects\CodeMaster\chrome-extension-app\node_modules\jsdom\lib\jsdom\living\helpers\runtime-script-errors.js:66:24)
          at innerInvokeEventListeners (C:\Users\rashe\Projects\CodingProjects\CodeMaster\chrome-extension-app\node_modules\jsdom\lib\jsdom\living\events\EventTarget-impl.js:353:9)
          at invokeEventListeners (C:\Users\rashe\Projects\CodingProjects\CodeMaster\chrome-extension-app\node_modules\jsdom\lib\jsdom\living\events\EventTarget-impl.js:286:3)
          at HTMLUnknownElementImpl._dispatch (C:\Users\rashe\Projects\CodingProjects\CodeMaster\chrome-extension-app\node_modules\jsdom\lib\jsdom\living\events\EventTarget-impl.js:233:9)
          at HTMLUnknownElementImpl.dispatchEvent (C:\Users\rashe\Projects\CodingProjects\CodeMaster\chrome-extension-app\node_modules\jsdom\lib\jsdom\living\events\EventTarget-impl.js:104:17)
          at HTMLUnknownElement.dispatchEvent (C:\Users\rashe\Projects\CodingProjects\CodeMaster\chrome-extension-app\node_modules\jsdom\lib\jsdom\living\generated\EventTarget.js:241:34)
          at Object.dispatchEvent (C:\Users\rashe\Projects\CodingProjects\CodeMaster\chrome-extension-app\node_modules\react-dom\cjs\react-dom.development.js:4213:16)
          at apply (C:\Users\rashe\Projects\CodingProjects\CodeMaster\chrome-extension-app\node_modules\react-dom\cjs\react-dom.development.js:4277:31)
          at invokeGuardedCallback (C:\Users\rashe\Projects\CodingProjects\CodeMaster\chrome-extension-app\node_modules\react-dom\cjs\react-dom.development.js:27490:7)
          at beginWork$1 (C:\Users\rashe\Projects\CodingProjects\CodeMaster\chrome-extension-app\node_modules\react-dom\cjs\react-dom.development.js:26599:12)
          at performUnitOfWork (C:\Users\rashe\Projects\CodingProjects\CodeMaster\chrome-extension-app\node_modules\react-dom\cjs\react-dom.development.js:26505:5)
          at workLoopSync (C:\Users\rashe\Projects\CodingProjects\CodeMaster\chrome-extension-app\node_modules\react-dom\cjs\react-dom.development.js:26473:7)
          at renderRootSync (C:\Users\rashe\Projects\CodingProjects\CodeMaster\chrome-extension-app\node_modules\react-dom\cjs\react-dom.development.js:25889:20)
          at recoverFromConcurrentError (C:\Users\rashe\Projects\CodingProjects\CodeMaster\chrome-extension-app\node_modules\react-dom\cjs\react-dom.development.js:25789:22)
          at flushActQueue (C:\Users\rashe\Projects\CodingProjects\CodeMaster\chrome-extension-app\node_modules\react\cjs\react.development.js:2667:24)
          at act (C:\Users\rashe\Projects\CodingProjects\CodeMaster\chrome-extension-app\node_modules\react\cjs\react.development.js:2582:11)
          at actImplementation (C:\Users\rashe\Projects\CodingProjects\CodeMaster\chrome-extension-app\node_modules\@testing-library\react\dist\act-compat.js:47:25)
          at renderRoot (C:\Users\rashe\Projects\CodingProjects\CodeMaster\chrome-extension-app\node_modules\@testing-library\react\dist\pure.js:190:25)
          at renderRoot (C:\Users\rashe\Projects\CodingProjects\CodeMaster\chrome-extension-app\node_modules\@testing-library\react\dist\pure.js:292:10)
          at Object.<anonymous> (C:\Users\rashe\Projects\CodingProjects\CodeMaster\chrome-extension-app\src\shared\components\__tests__\ErrorBoundary.test.jsx:105:13)
          at Promise.finally.completed (C:\Users\rashe\Projects\CodingProjects\CodeMaster\chrome-extension-app\node_modules\jest-circus\build\jestAdapterInit.js:1556:28)
          at new Promise (<anonymous>)
          at callAsyncCircusFn (C:\Users\rashe\Projects\CodingProjects\CodeMaster\chrome-extension-app\node_modules\jest-circus\build\jestAdapterInit.js:1496:10)
          at _callCircusTest (C:\Users\rashe\Projects\CodingProjects\CodeMaster\chrome-extension-app\node_modules\jest-circus\build\jestAdapterInit.js:1006:40)
          at processTicksAndRejections (node:internal/process/task_queues:105:5)
          at _runTest (C:\Users\rashe\Projects\CodingProjects\CodeMaster\chrome-extension-app\node_modules\jest-circus\build\jestAdapterInit.js:946:3)
          at _runTestsForDescribeBlock (C:\Users\rashe\Projects\CodingProjects\CodeMaster\chrome-extension-app\node_modules\jest-circus\build\jestAdapterInit.js:839:13)
          at _runTestsForDescribeBlock (C:\Users\rashe\Projects\CodingProjects\CodeMaster\chrome-extension-app\node_modules\jest-circus\build\jestAdapterInit.js:829:11)
          at _runTestsForDescribeBlock (C:\Users\rashe\Projects\CodingProjects\CodeMaster\chrome-extension-app\node_modules\jest-circus\build\jestAdapterInit.js:829:11)
          at run (C:\Users\rashe\Projects\CodingProjects\CodeMaster\chrome-extension-app\node_modules\jest-circus\build\jestAdapterInit.js:757:3)
          at runAndTransformResultsToJestFormat (C:\Users\rashe\Projects\CodingProjects\CodeMaster\chrome-extension-app\node_modules\jest-circus\build\jestAdapterInit.js:1917:21)
          at jestAdapter (C:\Users\rashe\Projects\CodingProjects\CodeMaster\chrome-extension-app\node_modules\jest-circus\build\runner.js:101:19)
          at runTestInternal (C:\Users\rashe\Projects\CodingProjects\CodeMaster\chrome-extension-app\node_modules\jest-runner\build\testWorker.js:275:16)
          at runTest (C:\Users\rashe\Projects\CodingProjects\CodeMaster\chrome-extension-app\node_modules\jest-runner\build\testWorker.js:343:7)
          at Object.worker (C:\Users\rashe\Projects\CodingProjects\CodeMaster\chrome-extension-app\node_modules\jest-runner\build\testWorker.js:497:12) {
        detail: Error: Test error
            at ThrowError (C:\Users\rashe\Projects\CodingProjects\CodeMaster\chrome-extension-app\src\shared\components\__tests__\ErrorBoundary.test.jsx:33:11)
            at Component (C:\Users\rashe\Projects\CodingProjects\CodeMaster\chrome-extension-app\node_modules\react-dom\cjs\react-dom.development.js:15486:18)
            at renderWithHooks (C:\Users\rashe\Projects\CodingProjects\CodeMaster\chrome-extension-app\node_modules\react-dom\cjs\react-dom.development.js:20103:13)
            at mountIndeterminateComponent (C:\Users\rashe\Projects\CodingProjects\CodeMaster\chrome-extension-app\node_modules\react-dom\cjs\react-dom.development.js:21626:16)
            at HTMLUnknownElement.apply (C:\Users\rashe\Projects\CodingProjects\CodeMaster\chrome-extension-app\node_modules\react-dom\cjs\react-dom.development.js:4164:14)
            at HTMLUnknownElement.callTheUserObjectsOperation (C:\Users\rashe\Projects\CodingProjects\CodeMaster\chrome-extension-app\node_modules\jsdom\lib\jsdom\living\generated\EventListener.js:26:30)
            at innerInvokeEventListeners (C:\Users\rashe\Projects\CodingProjects\CodeMaster\chrome-extension-app\node_modules\jsdom\lib\jsdom\living\events\EventTarget-impl.js:350:25)
            at invokeEventListeners (C:\Users\rashe\Projects\CodingProjects\CodeMaster\chrome-extension-app\node_modules\jsdom\lib\jsdom\living\events\EventTarget-impl.js:286:3)
            at HTMLUnknownElementImpl._dispatch (C:\Users\rashe\Projects\CodingProjects\CodeMaster\chrome-extension-app\node_modules\jsdom\lib\jsdom\living\events\EventTarget-impl.js:233:9)
            at HTMLUnknownElementImpl.dispatchEvent (C:\Users\rashe\Projects\CodingProjects\CodeMaster\chrome-extension-app\node_modules\jsdom\lib\jsdom\living\events\EventTarget-impl.js:104:17)
            at HTMLUnknownElement.dispatchEvent (C:\Users\rashe\Projects\CodingProjects\CodeMaster\chrome-extension-app\node_modules\jsdom\lib\jsdom\living\generated\EventTarget.js:241:34)
            at Object.dispatchEvent (C:\Users\rashe\Projects\CodingProjects\CodeMaster\chrome-extension-app\node_modules\react-dom\cjs\react-dom.development.js:4213:16)
            at apply (C:\Users\rashe\Projects\CodingProjects\CodeMaster\chrome-extension-app\node_modules\react-dom\cjs\react-dom.development.js:4277:31)
            at invokeGuardedCallback (C:\Users\rashe\Projects\CodingProjects\CodeMaster\chrome-extension-app\node_modules\react-dom\cjs\react-dom.development.js:27490:7)
            at beginWork$1 (C:\Users\rashe\Projects\CodingProjects\CodeMaster\chrome-extension-app\node_modules\react-dom\cjs\react-dom.development.js:26599:12)
            at performUnitOfWork (C:\Users\rashe\Projects\CodingProjects\CodeMaster\chrome-extension-app\node_modules\react-dom\cjs\react-dom.development.js:26505:5)
            at workLoopSync (C:\Users\rashe\Projects\CodingProjects\CodeMaster\chrome-extension-app\node_modules\react-dom\cjs\react-dom.development.js:26473:7)
            at renderRootSync (C:\Users\rashe\Projects\CodingProjects\CodeMaster\chrome-extension-app\node_modules\react-dom\cjs\react-dom.development.js:25889:20)
            at recoverFromConcurrentError (C:\Users\rashe\Projects\CodingProjects\CodeMaster\chrome-extension-app\node_modules\react-dom\cjs\react-dom.development.js:25789:22)
            at flushActQueue (C:\Users\rashe\Projects\CodingProjects\CodeMaster\chrome-extension-app\node_modules\react\cjs\react.development.js:2667:24)
            at act (C:\Users\rashe\Projects\CodingProjects\CodeMaster\chrome-extension-app\node_modules\react\cjs\react.development.js:2582:11)
            at actImplementation (C:\Users\rashe\Projects\CodingProjects\CodeMaster\chrome-extension-app\node_modules\@testing-library\react\dist\act-compat.js:47:25)
            at renderRoot (C:\Users\rashe\Projects\CodingProjects\CodeMaster\chrome-extension-app\node_modules\@testing-library\react\dist\pure.js:190:25)
            at renderRoot (C:\Users\rashe\Projects\CodingProjects\CodeMaster\chrome-extension-app\node_modules\@testing-library\react\dist\pure.js:292:10)
            at Object.<anonymous> (C:\Users\rashe\Projects\CodingProjects\CodeMaster\chrome-extension-app\src\shared\components\__tests__\ErrorBoundary.test.jsx:105:13)
            at Promise.finally.completed (C:\Users\rashe\Projects\CodingProjects\CodeMaster\chrome-extension-app\node_modules\jest-circus\build\jestAdapterInit.js:1556:28)
            at new Promise (<anonymous>)
            at callAsyncCircusFn (C:\Users\rashe\Projects\CodingProjects\CodeMaster\chrome-extension-app\node_modules\jest-circus\build\jestAdapterInit.js:1496:10)
            at _callCircusTest (C:\Users\rashe\Projects\CodingProjects\CodeMaster\chrome-extension-app\node_modules\jest-circus\build\jestAdapterInit.js:1006:40)
            at processTicksAndRejections (node:internal/process/task_queues:105:5)
            at _runTest (C:\Users\rashe\Projects\CodingProjects\CodeMaster\chrome-extension-app\node_modules\jest-circus\build\jestAdapterInit.js:946:3)
            at _runTestsForDescribeBlock (C:\Users\rashe\Projects\CodingProjects\CodeMaster\chrome-extension-app\node_modules\jest-circus\build\jestAdapterInit.js:839:13)
            at _runTestsForDescribeBlock (C:\Users\rashe\Projects\CodingProjects\CodeMaster\chrome-extension-app\node_modules\jest-circus\build\jestAdapterInit.js:829:11)
            at _runTestsForDescribeBlock (C:\Users\rashe\Projects\CodingProjects\CodeMaster\chrome-extension-app\node_modules\jest-circus\build\jestAdapterInit.js:829:11)
            at run (C:\Users\rashe\Projects\CodingProjects\CodeMaster\chrome-extension-app\node_modules\jest-circus\build\jestAdapterInit.js:757:3)
            at runAndTransformResultsToJestFormat (C:\Users\rashe\Projects\CodingProjects\CodeMaster\chrome-extension-app\node_modules\jest-circus\build\jestAdapterInit.js:1917:21)
            at jestAdapter (C:\Users\rashe\Projects\CodingProjects\CodeMaster\chrome-extension-app\node_modules\jest-circus\build\runner.js:101:19)
            at runTestInternal (C:\Users\rashe\Projects\CodingProjects\CodeMaster\chrome-extension-app\node_modules\jest-runner\build\testWorker.js:275:16)
            at runTest (C:\Users\rashe\Projects\CodingProjects\CodeMaster\chrome-extension-app\node_modules\jest-runner\build\testWorker.js:343:7)
            at Object.worker (C:\Users\rashe\Projects\CodingProjects\CodeMaster\chrome-extension-app\node_modules\jest-runner\build\testWorker.js:497:12),
        type: 'unhandled exception'
      }

    [0m [90m 256 |[39m     [36mreturn[39m[33m;[39m [90m// Suppress JSDOM navigation warnings[39m
     [90m 257 |[39m   }
    [31m[1m>[22m[39m[90m 258 |[39m   originalError[33m.[39mcall(console[33m,[39m [33m...[39margs)[33m;[39m
     [90m     |[39m                 [31m[1m^[22m[39m
     [90m 259 |[39m }[33m;[39m
     [90m 260 |[39m
     [90m 261 |[39m [90m// Mock console methods to reduce noise in tests, but preserve error handling[39m[0m

      at console.call [as error] (test/setup.js:258:17)
      at VirtualConsole.<anonymous> (node_modules/@jest/environment-jsdom-abstract/build/index.js:78:23)
      at reportException (node_modules/jsdom/lib/jsdom/living/helpers/runtime-script-errors.js:70:28)
      at innerInvokeEventListeners (node_modules/jsdom/lib/jsdom/living/events/EventTarget-impl.js:353:9)
      at invokeEventListeners (node_modules/jsdom/lib/jsdom/living/events/EventTarget-impl.js:286:3)
      at HTMLUnknownElementImpl._dispatch (node_modules/jsdom/lib/jsdom/living/events/EventTarget-impl.js:233:9)
      at HTMLUnknownElementImpl.dispatchEvent (node_modules/jsdom/lib/jsdom/living/events/EventTarget-impl.js:104:17)
      at HTMLUnknownElement.dispatchEvent (node_modules/jsdom/lib/jsdom/living/generated/EventTarget.js:241:34)
      at Object.dispatchEvent (node_modules/react-dom/cjs/react-dom.development.js:4213:16)
      at apply (node_modules/react-dom/cjs/react-dom.development.js:4277:31)
      at invokeGuardedCallback (node_modules/react-dom/cjs/react-dom.development.js:27490:7)
      at beginWork$1 (node_modules/react-dom/cjs/react-dom.development.js:26599:12)
      at performUnitOfWork (node_modules/react-dom/cjs/react-dom.development.js:26505:5)
      at workLoopSync (node_modules/react-dom/cjs/react-dom.development.js:26473:7)
      at renderRootSync (node_modules/react-dom/cjs/react-dom.development.js:25889:20)
      at recoverFromConcurrentError (node_modules/react-dom/cjs/react-dom.development.js:25789:22)
      at flushActQueue (node_modules/react/cjs/react.development.js:2667:24)
      at act (node_modules/react/cjs/react.development.js:2582:11)
      at actImplementation (node_modules/@testing-library/react/dist/act-compat.js:47:25)
      at renderRoot (node_modules/@testing-library/react/dist/pure.js:190:25)
      at renderRoot (node_modules/@testing-library/react/dist/pure.js:292:10)
      at Object.<anonymous> (src/shared/components/__tests__/ErrorBoundary.test.jsx:105:13)

    console.error
      Error: Uncaught [Error: Test error]
          at reportException (C:\Users\rashe\Projects\CodingProjects\CodeMaster\chrome-extension-app\node_modules\jsdom\lib\jsdom\living\helpers\runtime-script-errors.js:66:24)
          at innerInvokeEventListeners (C:\Users\rashe\Projects\CodingProjects\CodeMaster\chrome-extension-app\node_modules\jsdom\lib\jsdom\living\events\EventTarget-impl.js:353:9)
          at invokeEventListeners (C:\Users\rashe\Projects\CodingProjects\CodeMaster\chrome-extension-app\node_modules\jsdom\lib\jsdom\living\events\EventTarget-impl.js:286:3)
          at HTMLUnknownElementImpl._dispatch (C:\Users\rashe\Projects\CodingProjects\CodeMaster\chrome-extension-app\node_modules\jsdom\lib\jsdom\living\events\EventTarget-impl.js:233:9)
          at HTMLUnknownElementImpl.dispatchEvent (C:\Users\rashe\Projects\CodingProjects\CodeMaster\chrome-extension-app\node_modules\jsdom\lib\jsdom\living\events\EventTarget-impl.js:104:17)
          at HTMLUnknownElement.dispatchEvent (C:\Users\rashe\Projects\CodingProjects\CodeMaster\chrome-extension-app\node_modules\jsdom\lib\jsdom\living\generated\EventTarget.js:241:34)
          at Object.dispatchEvent (C:\Users\rashe\Projects\CodingProjects\CodeMaster\chrome-extension-app\node_modules\react-dom\cjs\react-dom.development.js:4213:16)
          at apply (C:\Users\rashe\Projects\CodingProjects\CodeMaster\chrome-extension-app\node_modules\react-dom\cjs\react-dom.development.js:4277:31)
          at invokeGuardedCallback (C:\Users\rashe\Projects\CodingProjects\CodeMaster\chrome-extension-app\node_modules\react-dom\cjs\react-dom.development.js:27490:7)
          at beginWork$1 (C:\Users\rashe\Projects\CodingProjects\CodeMaster\chrome-extension-app\node_modules\react-dom\cjs\react-dom.development.js:26599:12)
          at performUnitOfWork (C:\Users\rashe\Projects\CodingProjects\CodeMaster\chrome-extension-app\node_modules\react-dom\cjs\react-dom.development.js:26505:5)
          at workLoopSync (C:\Users\rashe\Projects\CodingProjects\CodeMaster\chrome-extension-app\node_modules\react-dom\cjs\react-dom.development.js:26473:7)
          at renderRootSync (C:\Users\rashe\Projects\CodingProjects\CodeMaster\chrome-extension-app\node_modules\react-dom\cjs\react-dom.development.js:25777:74)
          at flushActQueue (C:\Users\rashe\Projects\CodingProjects\CodeMaster\chrome-extension-app\node_modules\react\cjs\react.development.js:2667:24)
          at act (C:\Users\rashe\Projects\CodingProjects\CodeMaster\chrome-extension-app\node_modules\react\cjs\react.development.js:2582:11)
          at actImplementation (C:\Users\rashe\Projects\CodingProjects\CodeMaster\chrome-extension-app\node_modules\@testing-library\react\dist\act-compat.js:47:25)
          at renderRoot (C:\Users\rashe\Projects\CodingProjects\CodeMaster\chrome-extension-app\node_modules\@testing-library\react\dist\pure.js:190:25)
          at renderRoot (C:\Users\rashe\Projects\CodingProjects\CodeMaster\chrome-extension-app\node_modules\@testing-library\react\dist\pure.js:292:10)
          at Object.<anonymous> (C:\Users\rashe\Projects\CodingProjects\CodeMaster\chrome-extension-app\src\shared\components\__tests__\ErrorBoundary.test.jsx:118:13)
          at Promise.finally.completed (C:\Users\rashe\Projects\CodingProjects\CodeMaster\chrome-extension-app\node_modules\jest-circus\build\jestAdapterInit.js:1556:28)
          at new Promise (<anonymous>)
          at callAsyncCircusFn (C:\Users\rashe\Projects\CodingProjects\CodeMaster\chrome-extension-app\node_modules\jest-circus\build\jestAdapterInit.js:1496:10)
          at _callCircusTest (C:\Users\rashe\Projects\CodingProjects\CodeMaster\chrome-extension-app\node_modules\jest-circus\build\jestAdapterInit.js:1006:40)
          at processTicksAndRejections (node:internal/process/task_queues:105:5)
          at _runTest (C:\Users\rashe\Projects\CodingProjects\CodeMaster\chrome-extension-app\node_modules\jest-circus\build\jestAdapterInit.js:946:3)
          at _runTestsForDescribeBlock (C:\Users\rashe\Projects\CodingProjects\CodeMaster\chrome-extension-app\node_modules\jest-circus\build\jestAdapterInit.js:839:13)
          at _runTestsForDescribeBlock (C:\Users\rashe\Projects\CodingProjects\CodeMaster\chrome-extension-app\node_modules\jest-circus\build\jestAdapterInit.js:829:11)
          at _runTestsForDescribeBlock (C:\Users\rashe\Projects\CodingProjects\CodeMaster\chrome-extension-app\node_modules\jest-circus\build\jestAdapterInit.js:829:11)
          at run (C:\Users\rashe\Projects\CodingProjects\CodeMaster\chrome-extension-app\node_modules\jest-circus\build\jestAdapterInit.js:757:3)
          at runAndTransformResultsToJestFormat (C:\Users\rashe\Projects\CodingProjects\CodeMaster\chrome-extension-app\node_modules\jest-circus\build\jestAdapterInit.js:1917:21)
          at jestAdapter (C:\Users\rashe\Projects\CodingProjects\CodeMaster\chrome-extension-app\node_modules\jest-circus\build\runner.js:101:19)
          at runTestInternal (C:\Users\rashe\Projects\CodingProjects\CodeMaster\chrome-extension-app\node_modules\jest-runner\build\testWorker.js:275:16)
          at runTest (C:\Users\rashe\Projects\CodingProjects\CodeMaster\chrome-extension-app\node_modules\jest-runner\build\testWorker.js:343:7)
          at Object.worker (C:\Users\rashe\Projects\CodingProjects\CodeMaster\chrome-extension-app\node_modules\jest-runner\build\testWorker.js:497:12) {
        detail: Error: Test error
            at ThrowError (C:\Users\rashe\Projects\CodingProjects\CodeMaster\chrome-extension-app\src\shared\components\__tests__\ErrorBoundary.test.jsx:33:11)
            at Component (C:\Users\rashe\Projects\CodingProjects\CodeMaster\chrome-extension-app\node_modules\react-dom\cjs\react-dom.development.js:15486:18)
            at renderWithHooks (C:\Users\rashe\Projects\CodingProjects\CodeMaster\chrome-extension-app\node_modules\react-dom\cjs\react-dom.development.js:20103:13)
            at mountIndeterminateComponent (C:\Users\rashe\Projects\CodingProjects\CodeMaster\chrome-extension-app\node_modules\react-dom\cjs\react-dom.development.js:21626:16)
            at HTMLUnknownElement.apply (C:\Users\rashe\Projects\CodingProjects\CodeMaster\chrome-extension-app\node_modules\react-dom\cjs\react-dom.development.js:4164:14)
            at HTMLUnknownElement.callTheUserObjectsOperation (C:\Users\rashe\Projects\CodingProjects\CodeMaster\chrome-extension-app\node_modules\jsdom\lib\jsdom\living\generated\EventListener.js:26:30)
            at innerInvokeEventListeners (C:\Users\rashe\Projects\CodingProjects\CodeMaster\chrome-extension-app\node_modules\jsdom\lib\jsdom\living\events\EventTarget-impl.js:350:25)
            at invokeEventListeners (C:\Users\rashe\Projects\CodingProjects\CodeMaster\chrome-extension-app\node_modules\jsdom\lib\jsdom\living\events\EventTarget-impl.js:286:3)
            at HTMLUnknownElementImpl._dispatch (C:\Users\rashe\Projects\CodingProjects\CodeMaster\chrome-extension-app\node_modules\jsdom\lib\jsdom\living\events\EventTarget-impl.js:233:9)
            at HTMLUnknownElementImpl.dispatchEvent (C:\Users\rashe\Projects\CodingProjects\CodeMaster\chrome-extension-app\node_modules\jsdom\lib\jsdom\living\events\EventTarget-impl.js:104:17)
            at HTMLUnknownElement.dispatchEvent (C:\Users\rashe\Projects\CodingProjects\CodeMaster\chrome-extension-app\node_modules\jsdom\lib\jsdom\living\generated\EventTarget.js:241:34)
            at Object.dispatchEvent (C:\Users\rashe\Projects\CodingProjects\CodeMaster\chrome-extension-app\node_modules\react-dom\cjs\react-dom.development.js:4213:16)
            at apply (C:\Users\rashe\Projects\CodingProjects\CodeMaster\chrome-extension-app\node_modules\react-dom\cjs\react-dom.development.js:4277:31)
            at invokeGuardedCallback (C:\Users\rashe\Projects\CodingProjects\CodeMaster\chrome-extension-app\node_modules\react-dom\cjs\react-dom.development.js:27490:7)
            at beginWork$1 (C:\Users\rashe\Projects\CodingProjects\CodeMaster\chrome-extension-app\node_modules\react-dom\cjs\react-dom.development.js:26599:12)
            at performUnitOfWork (C:\Users\rashe\Projects\CodingProjects\CodeMaster\chrome-extension-app\node_modules\react-dom\cjs\react-dom.development.js:26505:5)
            at workLoopSync (C:\Users\rashe\Projects\CodingProjects\CodeMaster\chrome-extension-app\node_modules\react-dom\cjs\react-dom.development.js:26473:7)
            at renderRootSync (C:\Users\rashe\Projects\CodingProjects\CodeMaster\chrome-extension-app\node_modules\react-dom\cjs\react-dom.development.js:25777:74)
            at flushActQueue (C:\Users\rashe\Projects\CodingProjects\CodeMaster\chrome-extension-app\node_modules\react\cjs\react.development.js:2667:24)
            at act (C:\Users\rashe\Projects\CodingProjects\CodeMaster\chrome-extension-app\node_modules\react\cjs\react.development.js:2582:11)
            at actImplementation (C:\Users\rashe\Projects\CodingProjects\CodeMaster\chrome-extension-app\node_modules\@testing-library\react\dist\act-compat.js:47:25)
            at renderRoot (C:\Users\rashe\Projects\CodingProjects\CodeMaster\chrome-extension-app\node_modules\@testing-library\react\dist\pure.js:190:25)
            at renderRoot (C:\Users\rashe\Projects\CodingProjects\CodeMaster\chrome-extension-app\node_modules\@testing-library\react\dist\pure.js:292:10)
            at Object.<anonymous> (C:\Users\rashe\Projects\CodingProjects\CodeMaster\chrome-extension-app\src\shared\components\__tests__\ErrorBoundary.test.jsx:118:13)
            at Promise.finally.completed (C:\Users\rashe\Projects\CodingProjects\CodeMaster\chrome-extension-app\node_modules\jest-circus\build\jestAdapterInit.js:1556:28)
            at new Promise (<anonymous>)
            at callAsyncCircusFn (C:\Users\rashe\Projects\CodingProjects\CodeMaster\chrome-extension-app\node_modules\jest-circus\build\jestAdapterInit.js:1496:10)
            at _callCircusTest (C:\Users\rashe\Projects\CodingProjects\CodeMaster\chrome-extension-app\node_modules\jest-circus\build\jestAdapterInit.js:1006:40)
            at processTicksAndRejections (node:internal/process/task_queues:105:5)
            at _runTest (C:\Users\rashe\Projects\CodingProjects\CodeMaster\chrome-extension-app\node_modules\jest-circus\build\jestAdapterInit.js:946:3)
            at _runTestsForDescribeBlock (C:\Users\rashe\Projects\CodingProjects\CodeMaster\chrome-extension-app\node_modules\jest-circus\build\jestAdapterInit.js:839:13)
            at _runTestsForDescribeBlock (C:\Users\rashe\Projects\CodingProjects\CodeMaster\chrome-extension-app\node_modules\jest-circus\build\jestAdapterInit.js:829:11)
            at _runTestsForDescribeBlock (C:\Users\rashe\Projects\CodingProjects\CodeMaster\chrome-extension-app\node_modules\jest-circus\build\jestAdapterInit.js:829:11)
            at run (C:\Users\rashe\Projects\CodingProjects\CodeMaster\chrome-extension-app\node_modules\jest-circus\build\jestAdapterInit.js:757:3)
            at runAndTransformResultsToJestFormat (C:\Users\rashe\Projects\CodingProjects\CodeMaster\chrome-extension-app\node_modules\jest-circus\build\jestAdapterInit.js:1917:21)
            at jestAdapter (C:\Users\rashe\Projects\CodingProjects\CodeMaster\chrome-extension-app\node_modules\jest-circus\build\runner.js:101:19)
            at runTestInternal (C:\Users\rashe\Projects\CodingProjects\CodeMaster\chrome-extension-app\node_modules\jest-runner\build\testWorker.js:275:16)
            at runTest (C:\Users\rashe\Projects\CodingProjects\CodeMaster\chrome-extension-app\node_modules\jest-runner\build\testWorker.js:343:7)
            at Object.worker (C:\Users\rashe\Projects\CodingProjects\CodeMaster\chrome-extension-app\node_modules\jest-runner\build\testWorker.js:497:12),
        type: 'unhandled exception'
      }

    [0m [90m 256 |[39m     [36mreturn[39m[33m;[39m [90m// Suppress JSDOM navigation warnings[39m
     [90m 257 |[39m   }
    [31m[1m>[22m[39m[90m 258 |[39m   originalError[33m.[39mcall(console[33m,[39m [33m...[39margs)[33m;[39m
     [90m     |[39m                 [31m[1m^[22m[39m
     [90m 259 |[39m }[33m;[39m
     [90m 260 |[39m
     [90m 261 |[39m [90m// Mock console methods to reduce noise in tests, but preserve error handling[39m[0m

      at console.call [as error] (test/setup.js:258:17)
      at VirtualConsole.<anonymous> (node_modules/@jest/environment-jsdom-abstract/build/index.js:78:23)
      at reportException (node_modules/jsdom/lib/jsdom/living/helpers/runtime-script-errors.js:70:28)
      at innerInvokeEventListeners (node_modules/jsdom/lib/jsdom/living/events/EventTarget-impl.js:353:9)
      at invokeEventListeners (node_modules/jsdom/lib/jsdom/living/events/EventTarget-impl.js:286:3)
      at HTMLUnknownElementImpl._dispatch (node_modules/jsdom/lib/jsdom/living/events/EventTarget-impl.js:233:9)
      at HTMLUnknownElementImpl.dispatchEvent (node_modules/jsdom/lib/jsdom/living/events/EventTarget-impl.js:104:17)
      at HTMLUnknownElement.dispatchEvent (node_modules/jsdom/lib/jsdom/living/generated/EventTarget.js:241:34)
      at Object.dispatchEvent (node_modules/react-dom/cjs/react-dom.development.js:4213:16)
      at apply (node_modules/react-dom/cjs/react-dom.development.js:4277:31)
      at invokeGuardedCallback (node_modules/react-dom/cjs/react-dom.development.js:27490:7)
      at beginWork$1 (node_modules/react-dom/cjs/react-dom.development.js:26599:12)
      at performUnitOfWork (node_modules/react-dom/cjs/react-dom.development.js:26505:5)
      at workLoopSync (node_modules/react-dom/cjs/react-dom.development.js:26473:7)
      at renderRootSync (node_modules/react-dom/cjs/react-dom.development.js:25777:74)
      at flushActQueue (node_modules/react/cjs/react.development.js:2667:24)
      at act (node_modules/react/cjs/react.development.js:2582:11)
      at actImplementation (node_modules/@testing-library/react/dist/act-compat.js:47:25)
      at renderRoot (node_modules/@testing-library/react/dist/pure.js:190:25)
      at renderRoot (node_modules/@testing-library/react/dist/pure.js:292:10)
      at Object.<anonymous> (src/shared/components/__tests__/ErrorBoundary.test.jsx:118:13)

    console.error
      Error: Uncaught [Error: Test error]
          at reportException (C:\Users\rashe\Projects\CodingProjects\CodeMaster\chrome-extension-app\node_modules\jsdom\lib\jsdom\living\helpers\runtime-script-errors.js:66:24)
          at innerInvokeEventListeners (C:\Users\rashe\Projects\CodingProjects\CodeMaster\chrome-extension-app\node_modules\jsdom\lib\jsdom\living\events\EventTarget-impl.js:353:9)
          at invokeEventListeners (C:\Users\rashe\Projects\CodingProjects\CodeMaster\chrome-extension-app\node_modules\jsdom\lib\jsdom\living\events\EventTarget-impl.js:286:3)
          at HTMLUnknownElementImpl._dispatch (C:\Users\rashe\Projects\CodingProjects\CodeMaster\chrome-extension-app\node_modules\jsdom\lib\jsdom\living\events\EventTarget-impl.js:233:9)
          at HTMLUnknownElementImpl.dispatchEvent (C:\Users\rashe\Projects\CodingProjects\CodeMaster\chrome-extension-app\node_modules\jsdom\lib\jsdom\living\events\EventTarget-impl.js:104:17)
          at HTMLUnknownElement.dispatchEvent (C:\Users\rashe\Projects\CodingProjects\CodeMaster\chrome-extension-app\node_modules\jsdom\lib\jsdom\living\generated\EventTarget.js:241:34)
          at Object.dispatchEvent (C:\Users\rashe\Projects\CodingProjects\CodeMaster\chrome-extension-app\node_modules\react-dom\cjs\react-dom.development.js:4213:16)
          at apply (C:\Users\rashe\Projects\CodingProjects\CodeMaster\chrome-extension-app\node_modules\react-dom\cjs\react-dom.development.js:4277:31)
          at invokeGuardedCallback (C:\Users\rashe\Projects\CodingProjects\CodeMaster\chrome-extension-app\node_modules\react-dom\cjs\react-dom.development.js:27490:7)
          at beginWork$1 (C:\Users\rashe\Projects\CodingProjects\CodeMaster\chrome-extension-app\node_modules\react-dom\cjs\react-dom.development.js:26599:12)
          at performUnitOfWork (C:\Users\rashe\Projects\CodingProjects\CodeMaster\chrome-extension-app\node_modules\react-dom\cjs\react-dom.development.js:26505:5)
          at workLoopSync (C:\Users\rashe\Projects\CodingProjects\CodeMaster\chrome-extension-app\node_modules\react-dom\cjs\react-dom.development.js:26473:7)
          at renderRootSync (C:\Users\rashe\Projects\CodingProjects\CodeMaster\chrome-extension-app\node_modules\react-dom\cjs\react-dom.development.js:25889:20)
          at recoverFromConcurrentError (C:\Users\rashe\Projects\CodingProjects\CodeMaster\chrome-extension-app\node_modules\react-dom\cjs\react-dom.development.js:25789:22)
          at flushActQueue (C:\Users\rashe\Projects\CodingProjects\CodeMaster\chrome-extension-app\node_modules\react\cjs\react.development.js:2667:24)
          at act (C:\Users\rashe\Projects\CodingProjects\CodeMaster\chrome-extension-app\node_modules\react\cjs\react.development.js:2582:11)
          at actImplementation (C:\Users\rashe\Projects\CodingProjects\CodeMaster\chrome-extension-app\node_modules\@testing-library\react\dist\act-compat.js:47:25)
          at renderRoot (C:\Users\rashe\Projects\CodingProjects\CodeMaster\chrome-extension-app\node_modules\@testing-library\react\dist\pure.js:190:25)
          at renderRoot (C:\Users\rashe\Projects\CodingProjects\CodeMaster\chrome-extension-app\node_modules\@testing-library\react\dist\pure.js:292:10)
          at Object.<anonymous> (C:\Users\rashe\Projects\CodingProjects\CodeMaster\chrome-extension-app\src\shared\components\__tests__\ErrorBoundary.test.jsx:118:13)
          at Promise.finally.completed (C:\Users\rashe\Projects\CodingProjects\CodeMaster\chrome-extension-app\node_modules\jest-circus\build\jestAdapterInit.js:1556:28)
          at new Promise (<anonymous>)
          at callAsyncCircusFn (C:\Users\rashe\Projects\CodingProjects\CodeMaster\chrome-extension-app\node_modules\jest-circus\build\jestAdapterInit.js:1496:10)
          at _callCircusTest (C:\Users\rashe\Projects\CodingProjects\CodeMaster\chrome-extension-app\node_modules\jest-circus\build\jestAdapterInit.js:1006:40)
          at processTicksAndRejections (node:internal/process/task_queues:105:5)
          at _runTest (C:\Users\rashe\Projects\CodingProjects\CodeMaster\chrome-extension-app\node_modules\jest-circus\build\jestAdapterInit.js:946:3)
          at _runTestsForDescribeBlock (C:\Users\rashe\Projects\CodingProjects\CodeMaster\chrome-extension-app\node_modules\jest-circus\build\jestAdapterInit.js:839:13)
          at _runTestsForDescribeBlock (C:\Users\rashe\Projects\CodingProjects\CodeMaster\chrome-extension-app\node_modules\jest-circus\build\jestAdapterInit.js:829:11)
          at _runTestsForDescribeBlock (C:\Users\rashe\Projects\CodingProjects\CodeMaster\chrome-extension-app\node_modules\jest-circus\build\jestAdapterInit.js:829:11)
          at run (C:\Users\rashe\Projects\CodingProjects\CodeMaster\chrome-extension-app\node_modules\jest-circus\build\jestAdapterInit.js:757:3)
          at runAndTransformResultsToJestFormat (C:\Users\rashe\Projects\CodingProjects\CodeMaster\chrome-extension-app\node_modules\jest-circus\build\jestAdapterInit.js:1917:21)
          at jestAdapter (C:\Users\rashe\Projects\CodingProjects\CodeMaster\chrome-extension-app\node_modules\jest-circus\build\runner.js:101:19)
          at runTestInternal (C:\Users\rashe\Projects\CodingProjects\CodeMaster\chrome-extension-app\node_modules\jest-runner\build\testWorker.js:275:16)
          at runTest (C:\Users\rashe\Projects\CodingProjects\CodeMaster\chrome-extension-app\node_modules\jest-runner\build\testWorker.js:343:7)
          at Object.worker (C:\Users\rashe\Projects\CodingProjects\CodeMaster\chrome-extension-app\node_modules\jest-runner\build\testWorker.js:497:12) {
        detail: Error: Test error
            at ThrowError (C:\Users\rashe\Projects\CodingProjects\CodeMaster\chrome-extension-app\src\shared\components\__tests__\ErrorBoundary.test.jsx:33:11)
            at Component (C:\Users\rashe\Projects\CodingProjects\CodeMaster\chrome-extension-app\node_modules\react-dom\cjs\react-dom.development.js:15486:18)
            at renderWithHooks (C:\Users\rashe\Projects\CodingProjects\CodeMaster\chrome-extension-app\node_modules\react-dom\cjs\react-dom.development.js:20103:13)
            at mountIndeterminateComponent (C:\Users\rashe\Projects\CodingProjects\CodeMaster\chrome-extension-app\node_modules\react-dom\cjs\react-dom.development.js:21626:16)
            at HTMLUnknownElement.apply (C:\Users\rashe\Projects\CodingProjects\CodeMaster\chrome-extension-app\node_modules\react-dom\cjs\react-dom.development.js:4164:14)
            at HTMLUnknownElement.callTheUserObjectsOperation (C:\Users\rashe\Projects\CodingProjects\CodeMaster\chrome-extension-app\node_modules\jsdom\lib\jsdom\living\generated\EventListener.js:26:30)
            at innerInvokeEventListeners (C:\Users\rashe\Projects\CodingProjects\CodeMaster\chrome-extension-app\node_modules\jsdom\lib\jsdom\living\events\EventTarget-impl.js:350:25)
            at invokeEventListeners (C:\Users\rashe\Projects\CodingProjects\CodeMaster\chrome-extension-app\node_modules\jsdom\lib\jsdom\living\events\EventTarget-impl.js:286:3)
            at HTMLUnknownElementImpl._dispatch (C:\Users\rashe\Projects\CodingProjects\CodeMaster\chrome-extension-app\node_modules\jsdom\lib\jsdom\living\events\EventTarget-impl.js:233:9)
            at HTMLUnknownElementImpl.dispatchEvent (C:\Users\rashe\Projects\CodingProjects\CodeMaster\chrome-extension-app\node_modules\jsdom\lib\jsdom\living\events\EventTarget-impl.js:104:17)
            at HTMLUnknownElement.dispatchEvent (C:\Users\rashe\Projects\CodingProjects\CodeMaster\chrome-extension-app\node_modules\jsdom\lib\jsdom\living\generated\EventTarget.js:241:34)
            at Object.dispatchEvent (C:\Users\rashe\Projects\CodingProjects\CodeMaster\chrome-extension-app\node_modules\react-dom\cjs\react-dom.development.js:4213:16)
            at apply (C:\Users\rashe\Projects\CodingProjects\CodeMaster\chrome-extension-app\node_modules\react-dom\cjs\react-dom.development.js:4277:31)
            at invokeGuardedCallback (C:\Users\rashe\Projects\CodingProjects\CodeMaster\chrome-extension-app\node_modules\react-dom\cjs\react-dom.development.js:27490:7)
            at beginWork$1 (C:\Users\rashe\Projects\CodingProjects\CodeMaster\chrome-extension-app\node_modules\react-dom\cjs\react-dom.development.js:26599:12)
            at performUnitOfWork (C:\Users\rashe\Projects\CodingProjects\CodeMaster\chrome-extension-app\node_modules\react-dom\cjs\react-dom.development.js:26505:5)
            at workLoopSync (C:\Users\rashe\Projects\CodingProjects\CodeMaster\chrome-extension-app\node_modules\react-dom\cjs\react-dom.development.js:26473:7)
            at renderRootSync (C:\Users\rashe\Projects\CodingProjects\CodeMaster\chrome-extension-app\node_modules\react-dom\cjs\react-dom.development.js:25889:20)
            at recoverFromConcurrentError (C:\Users\rashe\Projects\CodingProjects\CodeMaster\chrome-extension-app\node_modules\react-dom\cjs\react-dom.development.js:25789:22)
            at flushActQueue (C:\Users\rashe\Projects\CodingProjects\CodeMaster\chrome-extension-app\node_modules\react\cjs\react.development.js:2667:24)
            at act (C:\Users\rashe\Projects\CodingProjects\CodeMaster\chrome-extension-app\node_modules\react\cjs\react.development.js:2582:11)
            at actImplementation (C:\Users\rashe\Projects\CodingProjects\CodeMaster\chrome-extension-app\node_modules\@testing-library\react\dist\act-compat.js:47:25)
            at renderRoot (C:\Users\rashe\Projects\CodingProjects\CodeMaster\chrome-extension-app\node_modules\@testing-library\react\dist\pure.js:190:25)
            at renderRoot (C:\Users\rashe\Projects\CodingProjects\CodeMaster\chrome-extension-app\node_modules\@testing-library\react\dist\pure.js:292:10)
            at Object.<anonymous> (C:\Users\rashe\Projects\CodingProjects\CodeMaster\chrome-extension-app\src\shared\components\__tests__\ErrorBoundary.test.jsx:118:13)
            at Promise.finally.completed (C:\Users\rashe\Projects\CodingProjects\CodeMaster\chrome-extension-app\node_modules\jest-circus\build\jestAdapterInit.js:1556:28)
            at new Promise (<anonymous>)
            at callAsyncCircusFn (C:\Users\rashe\Projects\CodingProjects\CodeMaster\chrome-extension-app\node_modules\jest-circus\build\jestAdapterInit.js:1496:10)
            at _callCircusTest (C:\Users\rashe\Projects\CodingProjects\CodeMaster\chrome-extension-app\node_modules\jest-circus\build\jestAdapterInit.js:1006:40)
            at processTicksAndRejections (node:internal/process/task_queues:105:5)
            at _runTest (C:\Users\rashe\Projects\CodingProjects\CodeMaster\chrome-extension-app\node_modules\jest-circus\build\jestAdapterInit.js:946:3)
            at _runTestsForDescribeBlock (C:\Users\rashe\Projects\CodingProjects\CodeMaster\chrome-extension-app\node_modules\jest-circus\build\jestAdapterInit.js:839:13)
            at _runTestsForDescribeBlock (C:\Users\rashe\Projects\CodingProjects\CodeMaster\chrome-extension-app\node_modules\jest-circus\build\jestAdapterInit.js:829:11)
            at _runTestsForDescribeBlock (C:\Users\rashe\Projects\CodingProjects\CodeMaster\chrome-extension-app\node_modules\jest-circus\build\jestAdapterInit.js:829:11)
            at run (C:\Users\rashe\Projects\CodingProjects\CodeMaster\chrome-extension-app\node_modules\jest-circus\build\jestAdapterInit.js:757:3)
            at runAndTransformResultsToJestFormat (C:\Users\rashe\Projects\CodingProjects\CodeMaster\chrome-extension-app\node_modules\jest-circus\build\jestAdapterInit.js:1917:21)
            at jestAdapter (C:\Users\rashe\Projects\CodingProjects\CodeMaster\chrome-extension-app\node_modules\jest-circus\build\runner.js:101:19)
            at runTestInternal (C:\Users\rashe\Projects\CodingProjects\CodeMaster\chrome-extension-app\node_modules\jest-runner\build\testWorker.js:275:16)
            at runTest (C:\Users\rashe\Projects\CodingProjects\CodeMaster\chrome-extension-app\node_modules\jest-runner\build\testWorker.js:343:7)
            at Object.worker (C:\Users\rashe\Projects\CodingProjects\CodeMaster\chrome-extension-app\node_modules\jest-runner\build\testWorker.js:497:12),
        type: 'unhandled exception'
      }

    [0m [90m 256 |[39m     [36mreturn[39m[33m;[39m [90m// Suppress JSDOM navigation warnings[39m
     [90m 257 |[39m   }
    [31m[1m>[22m[39m[90m 258 |[39m   originalError[33m.[39mcall(console[33m,[39m [33m...[39margs)[33m;[39m
     [90m     |[39m                 [31m[1m^[22m[39m
     [90m 259 |[39m }[33m;[39m
     [90m 260 |[39m
     [90m 261 |[39m [90m// Mock console methods to reduce noise in tests, but preserve error handling[39m[0m

      at console.call [as error] (test/setup.js:258:17)
      at VirtualConsole.<anonymous> (node_modules/@jest/environment-jsdom-abstract/build/index.js:78:23)
      at reportException (node_modules/jsdom/lib/jsdom/living/helpers/runtime-script-errors.js:70:28)
      at innerInvokeEventListeners (node_modules/jsdom/lib/jsdom/living/events/EventTarget-impl.js:353:9)
      at invokeEventListeners (node_modules/jsdom/lib/jsdom/living/events/EventTarget-impl.js:286:3)
      at HTMLUnknownElementImpl._dispatch (node_modules/jsdom/lib/jsdom/living/events/EventTarget-impl.js:233:9)
      at HTMLUnknownElementImpl.dispatchEvent (node_modules/jsdom/lib/jsdom/living/events/EventTarget-impl.js:104:17)
      at HTMLUnknownElement.dispatchEvent (node_modules/jsdom/lib/jsdom/living/generated/EventTarget.js:241:34)
      at Object.dispatchEvent (node_modules/react-dom/cjs/react-dom.development.js:4213:16)
      at apply (node_modules/react-dom/cjs/react-dom.development.js:4277:31)
      at invokeGuardedCallback (node_modules/react-dom/cjs/react-dom.development.js:27490:7)
      at beginWork$1 (node_modules/react-dom/cjs/react-dom.development.js:26599:12)
      at performUnitOfWork (node_modules/react-dom/cjs/react-dom.development.js:26505:5)
      at workLoopSync (node_modules/react-dom/cjs/react-dom.development.js:26473:7)
      at renderRootSync (node_modules/react-dom/cjs/react-dom.development.js:25889:20)
      at recoverFromConcurrentError (node_modules/react-dom/cjs/react-dom.development.js:25789:22)
      at flushActQueue (node_modules/react/cjs/react.development.js:2667:24)
      at act (node_modules/react/cjs/react.development.js:2582:11)
      at actImplementation (node_modules/@testing-library/react/dist/act-compat.js:47:25)
      at renderRoot (node_modules/@testing-library/react/dist/pure.js:190:25)
      at renderRoot (node_modules/@testing-library/react/dist/pure.js:292:10)
      at Object.<anonymous> (src/shared/components/__tests__/ErrorBoundary.test.jsx:118:13)

    console.error
      Error: Uncaught [Error: Test error]
          at reportException (C:\Users\rashe\Projects\CodingProjects\CodeMaster\chrome-extension-app\node_modules\jsdom\lib\jsdom\living\helpers\runtime-script-errors.js:66:24)
          at innerInvokeEventListeners (C:\Users\rashe\Projects\CodingProjects\CodeMaster\chrome-extension-app\node_modules\jsdom\lib\jsdom\living\events\EventTarget-impl.js:353:9)
          at invokeEventListeners (C:\Users\rashe\Projects\CodingProjects\CodeMaster\chrome-extension-app\node_modules\jsdom\lib\jsdom\living\events\EventTarget-impl.js:286:3)
          at HTMLUnknownElementImpl._dispatch (C:\Users\rashe\Projects\CodingProjects\CodeMaster\chrome-extension-app\node_modules\jsdom\lib\jsdom\living\events\EventTarget-impl.js:233:9)
          at HTMLUnknownElementImpl.dispatchEvent (C:\Users\rashe\Projects\CodingProjects\CodeMaster\chrome-extension-app\node_modules\jsdom\lib\jsdom\living\events\EventTarget-impl.js:104:17)
          at HTMLUnknownElement.dispatchEvent (C:\Users\rashe\Projects\CodingProjects\CodeMaster\chrome-extension-app\node_modules\jsdom\lib\jsdom\living\generated\EventTarget.js:241:34)
          at Object.dispatchEvent (C:\Users\rashe\Projects\CodingProjects\CodeMaster\chrome-extension-app\node_modules\react-dom\cjs\react-dom.development.js:4213:16)
          at apply (C:\Users\rashe\Projects\CodingProjects\CodeMaster\chrome-extension-app\node_modules\react-dom\cjs\react-dom.development.js:4277:31)
          at invokeGuardedCallback (C:\Users\rashe\Projects\CodingProjects\CodeMaster\chrome-extension-app\node_modules\react-dom\cjs\react-dom.development.js:27490:7)
          at beginWork$1 (C:\Users\rashe\Projects\CodingProjects\CodeMaster\chrome-extension-app\node_modules\react-dom\cjs\react-dom.development.js:26599:12)
          at performUnitOfWork (C:\Users\rashe\Projects\CodingProjects\CodeMaster\chrome-extension-app\node_modules\react-dom\cjs\react-dom.development.js:26505:5)
          at workLoopSync (C:\Users\rashe\Projects\CodingProjects\CodeMaster\chrome-extension-app\node_modules\react-dom\cjs\react-dom.development.js:26473:7)
          at renderRootSync (C:\Users\rashe\Projects\CodingProjects\CodeMaster\chrome-extension-app\node_modules\react-dom\cjs\react-dom.development.js:26124:20)
          at callback (C:\Users\rashe\Projects\CodingProjects\CodeMaster\chrome-extension-app\node_modules\react-dom\cjs\react-dom.development.js:12042:22)
          at flushActQueue (C:\Users\rashe\Projects\CodingProjects\CodeMaster\chrome-extension-app\node_modules\react\cjs\react.development.js:2667:24)
          at act (C:\Users\rashe\Projects\CodingProjects\CodeMaster\chrome-extension-app\node_modules\react\cjs\react.development.js:2582:11)
          at actImplementation (C:\Users\rashe\Projects\CodingProjects\CodeMaster\chrome-extension-app\node_modules\@testing-library\react\dist\act-compat.js:47:25)
          at Object.eventWrapper (C:\Users\rashe\Projects\CodingProjects\CodeMaster\chrome-extension-app\node_modules\@testing-library\react\dist\pure.js:107:27)
          at eventWrapper (C:\Users\rashe\Projects\CodingProjects\CodeMaster\chrome-extension-app\node_modules\@testing-library\dom\dist\events.js:12:35)
          at Function.fireEvent [as click] (C:\Users\rashe\Projects\CodingProjects\CodeMaster\chrome-extension-app\node_modules\@testing-library\dom\dist\events.js:110:36)
          at Function.fireEvent.<computed> [as click] (C:\Users\rashe\Projects\CodingProjects\CodeMaster\chrome-extension-app\node_modules\@testing-library\react\dist\fire-event.js:15:52)
          at Object.click (C:\Users\rashe\Projects\CodingProjects\CodeMaster\chrome-extension-app\src\shared\components\__tests__\ErrorBoundary.test.jsx:130:17)
          at Promise.finally.completed (C:\Users\rashe\Projects\CodingProjects\CodeMaster\chrome-extension-app\node_modules\jest-circus\build\jestAdapterInit.js:1556:28)
          at new Promise (<anonymous>)
          at callAsyncCircusFn (C:\Users\rashe\Projects\CodingProjects\CodeMaster\chrome-extension-app\node_modules\jest-circus\build\jestAdapterInit.js:1496:10)
          at _callCircusTest (C:\Users\rashe\Projects\CodingProjects\CodeMaster\chrome-extension-app\node_modules\jest-circus\build\jestAdapterInit.js:1006:40)
          at processTicksAndRejections (node:internal/process/task_queues:105:5)
          at _runTest (C:\Users\rashe\Projects\CodingProjects\CodeMaster\chrome-extension-app\node_modules\jest-circus\build\jestAdapterInit.js:946:3)
          at _runTestsForDescribeBlock (C:\Users\rashe\Projects\CodingProjects\CodeMaster\chrome-extension-app\node_modules\jest-circus\build\jestAdapterInit.js:839:13)
          at _runTestsForDescribeBlock (C:\Users\rashe\Projects\CodingProjects\CodeMaster\chrome-extension-app\node_modules\jest-circus\build\jestAdapterInit.js:829:11)
          at _runTestsForDescribeBlock (C:\Users\rashe\Projects\CodingProjects\CodeMaster\chrome-extension-app\node_modules\jest-circus\build\jestAdapterInit.js:829:11)
          at run (C:\Users\rashe\Projects\CodingProjects\CodeMaster\chrome-extension-app\node_modules\jest-circus\build\jestAdapterInit.js:757:3)
          at runAndTransformResultsToJestFormat (C:\Users\rashe\Projects\CodingProjects\CodeMaster\chrome-extension-app\node_modules\jest-circus\build\jestAdapterInit.js:1917:21)
          at jestAdapter (C:\Users\rashe\Projects\CodingProjects\CodeMaster\chrome-extension-app\node_modules\jest-circus\build\runner.js:101:19)
          at runTestInternal (C:\Users\rashe\Projects\CodingProjects\CodeMaster\chrome-extension-app\node_modules\jest-runner\build\testWorker.js:275:16)
          at runTest (C:\Users\rashe\Projects\CodingProjects\CodeMaster\chrome-extension-app\node_modules\jest-runner\build\testWorker.js:343:7)
          at Object.worker (C:\Users\rashe\Projects\CodingProjects\CodeMaster\chrome-extension-app\node_modules\jest-runner\build\testWorker.js:497:12) {
        detail: Error: Test error
            at ThrowError (C:\Users\rashe\Projects\CodingProjects\CodeMaster\chrome-extension-app\src\shared\components\__tests__\ErrorBoundary.test.jsx:33:11)
            at Component (C:\Users\rashe\Projects\CodingProjects\CodeMaster\chrome-extension-app\node_modules\react-dom\cjs\react-dom.development.js:15486:18)
            at renderWithHooks (C:\Users\rashe\Projects\CodingProjects\CodeMaster\chrome-extension-app\node_modules\react-dom\cjs\react-dom.development.js:20103:13)
            at mountIndeterminateComponent (C:\Users\rashe\Projects\CodingProjects\CodeMaster\chrome-extension-app\node_modules\react-dom\cjs\react-dom.development.js:21626:16)
            at HTMLUnknownElement.apply (C:\Users\rashe\Projects\CodingProjects\CodeMaster\chrome-extension-app\node_modules\react-dom\cjs\react-dom.development.js:4164:14)
            at HTMLUnknownElement.callTheUserObjectsOperation (C:\Users\rashe\Projects\CodingProjects\CodeMaster\chrome-extension-app\node_modules\jsdom\lib\jsdom\living\generated\EventListener.js:26:30)
            at innerInvokeEventListeners (C:\Users\rashe\Projects\CodingProjects\CodeMaster\chrome-extension-app\node_modules\jsdom\lib\jsdom\living\events\EventTarget-impl.js:350:25)
            at invokeEventListeners (C:\Users\rashe\Projects\CodingProjects\CodeMaster\chrome-extension-app\node_modules\jsdom\lib\jsdom\living\events\EventTarget-impl.js:286:3)
            at HTMLUnknownElementImpl._dispatch (C:\Users\rashe\Projects\CodingProjects\CodeMaster\chrome-extension-app\node_modules\jsdom\lib\jsdom\living\events\EventTarget-impl.js:233:9)
            at HTMLUnknownElementImpl.dispatchEvent (C:\Users\rashe\Projects\CodingProjects\CodeMaster\chrome-extension-app\node_modules\jsdom\lib\jsdom\living\events\EventTarget-impl.js:104:17)
            at HTMLUnknownElement.dispatchEvent (C:\Users\rashe\Projects\CodingProjects\CodeMaster\chrome-extension-app\node_modules\jsdom\lib\jsdom\living\generated\EventTarget.js:241:34)
            at Object.dispatchEvent (C:\Users\rashe\Projects\CodingProjects\CodeMaster\chrome-extension-app\node_modules\react-dom\cjs\react-dom.development.js:4213:16)
            at apply (C:\Users\rashe\Projects\CodingProjects\CodeMaster\chrome-extension-app\node_modules\react-dom\cjs\react-dom.development.js:4277:31)
            at invokeGuardedCallback (C:\Users\rashe\Projects\CodingProjects\CodeMaster\chrome-extension-app\node_modules\react-dom\cjs\react-dom.development.js:27490:7)
            at beginWork$1 (C:\Users\rashe\Projects\CodingProjects\CodeMaster\chrome-extension-app\node_modules\react-dom\cjs\react-dom.development.js:26599:12)
            at performUnitOfWork (C:\Users\rashe\Projects\CodingProjects\CodeMaster\chrome-extension-app\node_modules\react-dom\cjs\react-dom.development.js:26505:5)
            at workLoopSync (C:\Users\rashe\Projects\CodingProjects\CodeMaster\chrome-extension-app\node_modules\react-dom\cjs\react-dom.development.js:26473:7)
            at renderRootSync (C:\Users\rashe\Projects\CodingProjects\CodeMaster\chrome-extension-app\node_modules\react-dom\cjs\react-dom.development.js:26124:20)
            at callback (C:\Users\rashe\Projects\CodingProjects\CodeMaster\chrome-extension-app\node_modules\react-dom\cjs\react-dom.development.js:12042:22)
            at flushActQueue (C:\Users\rashe\Projects\CodingProjects\CodeMaster\chrome-extension-app\node_modules\react\cjs\react.development.js:2667:24)
            at act (C:\Users\rashe\Projects\CodingProjects\CodeMaster\chrome-extension-app\node_modules\react\cjs\react.development.js:2582:11)
            at actImplementation (C:\Users\rashe\Projects\CodingProjects\CodeMaster\chrome-extension-app\node_modules\@testing-library\react\dist\act-compat.js:47:25)
            at Object.eventWrapper (C:\Users\rashe\Projects\CodingProjects\CodeMaster\chrome-extension-app\node_modules\@testing-library\react\dist\pure.js:107:27)
            at eventWrapper (C:\Users\rashe\Projects\CodingProjects\CodeMaster\chrome-extension-app\node_modules\@testing-library\dom\dist\events.js:12:35)
            at Function.fireEvent [as click] (C:\Users\rashe\Projects\CodingProjects\CodeMaster\chrome-extension-app\node_modules\@testing-library\dom\dist\events.js:110:36)
            at Function.fireEvent.<computed> [as click] (C:\Users\rashe\Projects\CodingProjects\CodeMaster\chrome-extension-app\node_modules\@testing-library\react\dist\fire-event.js:15:52)
            at Object.click (C:\Users\rashe\Projects\CodingProjects\CodeMaster\chrome-extension-app\src\shared\components\__tests__\ErrorBoundary.test.jsx:130:17)
            at Promise.finally.completed (C:\Users\rashe\Projects\CodingProjects\CodeMaster\chrome-extension-app\node_modules\jest-circus\build\jestAdapterInit.js:1556:28)
            at new Promise (<anonymous>)
            at callAsyncCircusFn (C:\Users\rashe\Projects\CodingProjects\CodeMaster\chrome-extension-app\node_modules\jest-circus\build\jestAdapterInit.js:1496:10)
            at _callCircusTest (C:\Users\rashe\Projects\CodingProjects\CodeMaster\chrome-extension-app\node_modules\jest-circus\build\jestAdapterInit.js:1006:40)
            at processTicksAndRejections (node:internal/process/task_queues:105:5)
            at _runTest (C:\Users\rashe\Projects\CodingProjects\CodeMaster\chrome-extension-app\node_modules\jest-circus\build\jestAdapterInit.js:946:3)
            at _runTestsForDescribeBlock (C:\Users\rashe\Projects\CodingProjects\CodeMaster\chrome-extension-app\node_modules\jest-circus\build\jestAdapterInit.js:839:13)
            at _runTestsForDescribeBlock (C:\Users\rashe\Projects\CodingProjects\CodeMaster\chrome-extension-app\node_modules\jest-circus\build\jestAdapterInit.js:829:11)
            at _runTestsForDescribeBlock (C:\Users\rashe\Projects\CodingProjects\CodeMaster\chrome-extension-app\node_modules\jest-circus\build\jestAdapterInit.js:829:11)
            at run (C:\Users\rashe\Projects\CodingProjects\CodeMaster\chrome-extension-app\node_modules\jest-circus\build\jestAdapterInit.js:757:3)
            at runAndTransformResultsToJestFormat (C:\Users\rashe\Projects\CodingProjects\CodeMaster\chrome-extension-app\node_modules\jest-circus\build\jestAdapterInit.js:1917:21)
            at jestAdapter (C:\Users\rashe\Projects\CodingProjects\CodeMaster\chrome-extension-app\node_modules\jest-circus\build\runner.js:101:19)
            at runTestInternal (C:\Users\rashe\Projects\CodingProjects\CodeMaster\chrome-extension-app\node_modules\jest-runner\build\testWorker.js:275:16)
            at runTest (C:\Users\rashe\Projects\CodingProjects\CodeMaster\chrome-extension-app\node_modules\jest-runner\build\testWorker.js:343:7)
            at Object.worker (C:\Users\rashe\Projects\CodingProjects\CodeMaster\chrome-extension-app\node_modules\jest-runner\build\testWorker.js:497:12),
        type: 'unhandled exception'
      }

    [0m [90m 256 |[39m     [36mreturn[39m[33m;[39m [90m// Suppress JSDOM navigation warnings[39m
     [90m 257 |[39m   }
    [31m[1m>[22m[39m[90m 258 |[39m   originalError[33m.[39mcall(console[33m,[39m [33m...[39margs)[33m;[39m
     [90m     |[39m                 [31m[1m^[22m[39m
     [90m 259 |[39m }[33m;[39m
     [90m 260 |[39m
     [90m 261 |[39m [90m// Mock console methods to reduce noise in tests, but preserve error handling[39m[0m

      at console.call [as error] (test/setup.js:258:17)
      at VirtualConsole.<anonymous> (node_modules/@jest/environment-jsdom-abstract/build/index.js:78:23)
      at reportException (node_modules/jsdom/lib/jsdom/living/helpers/runtime-script-errors.js:70:28)
      at innerInvokeEventListeners (node_modules/jsdom/lib/jsdom/living/events/EventTarget-impl.js:353:9)
      at invokeEventListeners (node_modules/jsdom/lib/jsdom/living/events/EventTarget-impl.js:286:3)
      at HTMLUnknownElementImpl._dispatch (node_modules/jsdom/lib/jsdom/living/events/EventTarget-impl.js:233:9)
      at HTMLUnknownElementImpl.dispatchEvent (node_modules/jsdom/lib/jsdom/living/events/EventTarget-impl.js:104:17)
      at HTMLUnknownElement.dispatchEvent (node_modules/jsdom/lib/jsdom/living/generated/EventTarget.js:241:34)
      at Object.dispatchEvent (node_modules/react-dom/cjs/react-dom.development.js:4213:16)
      at apply (node_modules/react-dom/cjs/react-dom.development.js:4277:31)
      at invokeGuardedCallback (node_modules/react-dom/cjs/react-dom.development.js:27490:7)
      at beginWork$1 (node_modules/react-dom/cjs/react-dom.development.js:26599:12)
      at performUnitOfWork (node_modules/react-dom/cjs/react-dom.development.js:26505:5)
      at workLoopSync (node_modules/react-dom/cjs/react-dom.development.js:26473:7)
      at renderRootSync (node_modules/react-dom/cjs/react-dom.development.js:26124:20)
      at callback (node_modules/react-dom/cjs/react-dom.development.js:12042:22)
      at flushActQueue (node_modules/react/cjs/react.development.js:2667:24)
      at act (node_modules/react/cjs/react.development.js:2582:11)
      at actImplementation (node_modules/@testing-library/react/dist/act-compat.js:47:25)
      at Object.eventWrapper (node_modules/@testing-library/react/dist/pure.js:107:27)
      at eventWrapper (node_modules/@testing-library/dom/dist/events.js:12:35)
      at Function.fireEvent [as click] (node_modules/@testing-library/dom/dist/events.js:110:36)
      at Function.fireEvent.<computed> [as click] (node_modules/@testing-library/react/dist/fire-event.js:15:52)
      at Object.click (src/shared/components/__tests__/ErrorBoundary.test.jsx:130:17)

    console.error
      Error: Uncaught [Error: Test error]
          at reportException (C:\Users\rashe\Projects\CodingProjects\CodeMaster\chrome-extension-app\node_modules\jsdom\lib\jsdom\living\helpers\runtime-script-errors.js:66:24)
          at innerInvokeEventListeners (C:\Users\rashe\Projects\CodingProjects\CodeMaster\chrome-extension-app\node_modules\jsdom\lib\jsdom\living\events\EventTarget-impl.js:353:9)
          at invokeEventListeners (C:\Users\rashe\Projects\CodingProjects\CodeMaster\chrome-extension-app\node_modules\jsdom\lib\jsdom\living\events\EventTarget-impl.js:286:3)
          at HTMLUnknownElementImpl._dispatch (C:\Users\rashe\Projects\CodingProjects\CodeMaster\chrome-extension-app\node_modules\jsdom\lib\jsdom\living\events\EventTarget-impl.js:233:9)
          at HTMLUnknownElementImpl.dispatchEvent (C:\Users\rashe\Projects\CodingProjects\CodeMaster\chrome-extension-app\node_modules\jsdom\lib\jsdom\living\events\EventTarget-impl.js:104:17)
          at HTMLUnknownElement.dispatchEvent (C:\Users\rashe\Projects\CodingProjects\CodeMaster\chrome-extension-app\node_modules\jsdom\lib\jsdom\living\generated\EventTarget.js:241:34)
          at Object.dispatchEvent (C:\Users\rashe\Projects\CodingProjects\CodeMaster\chrome-extension-app\node_modules\react-dom\cjs\react-dom.development.js:4213:16)
          at apply (C:\Users\rashe\Projects\CodingProjects\CodeMaster\chrome-extension-app\node_modules\react-dom\cjs\react-dom.development.js:4277:31)
          at invokeGuardedCallback (C:\Users\rashe\Projects\CodingProjects\CodeMaster\chrome-extension-app\node_modules\react-dom\cjs\react-dom.development.js:27490:7)
          at beginWork$1 (C:\Users\rashe\Projects\CodingProjects\CodeMaster\chrome-extension-app\node_modules\react-dom\cjs\react-dom.development.js:26599:12)
          at performUnitOfWork (C:\Users\rashe\Projects\CodingProjects\CodeMaster\chrome-extension-app\node_modules\react-dom\cjs\react-dom.development.js:26505:5)
          at workLoopSync (C:\Users\rashe\Projects\CodingProjects\CodeMaster\chrome-extension-app\node_modules\react-dom\cjs\react-dom.development.js:26473:7)
          at renderRootSync (C:\Users\rashe\Projects\CodingProjects\CodeMaster\chrome-extension-app\node_modules\react-dom\cjs\react-dom.development.js:25889:20)
          at recoverFromConcurrentError (C:\Users\rashe\Projects\CodingProjects\CodeMaster\chrome-extension-app\node_modules\react-dom\cjs\react-dom.development.js:26135:20)
          at callback (C:\Users\rashe\Projects\CodingProjects\CodeMaster\chrome-extension-app\node_modules\react-dom\cjs\react-dom.development.js:12042:22)
          at flushActQueue (C:\Users\rashe\Projects\CodingProjects\CodeMaster\chrome-extension-app\node_modules\react\cjs\react.development.js:2667:24)
          at act (C:\Users\rashe\Projects\CodingProjects\CodeMaster\chrome-extension-app\node_modules\react\cjs\react.development.js:2582:11)
          at actImplementation (C:\Users\rashe\Projects\CodingProjects\CodeMaster\chrome-extension-app\node_modules\@testing-library\react\dist\act-compat.js:47:25)
          at Object.eventWrapper (C:\Users\rashe\Projects\CodingProjects\CodeMaster\chrome-extension-app\node_modules\@testing-library\react\dist\pure.js:107:27)
          at eventWrapper (C:\Users\rashe\Projects\CodingProjects\CodeMaster\chrome-extension-app\node_modules\@testing-library\dom\dist\events.js:12:35)
          at Function.fireEvent [as click] (C:\Users\rashe\Projects\CodingProjects\CodeMaster\chrome-extension-app\node_modules\@testing-library\dom\dist\events.js:110:36)
          at Function.fireEvent.<computed> [as click] (C:\Users\rashe\Projects\CodingProjects\CodeMaster\chrome-extension-app\node_modules\@testing-library\react\dist\fire-event.js:15:52)
          at Object.click (C:\Users\rashe\Projects\CodingProjects\CodeMaster\chrome-extension-app\src\shared\components\__tests__\ErrorBoundary.test.jsx:130:17)
          at Promise.finally.completed (C:\Users\rashe\Projects\CodingProjects\CodeMaster\chrome-extension-app\node_modules\jest-circus\build\jestAdapterInit.js:1556:28)
          at new Promise (<anonymous>)
          at callAsyncCircusFn (C:\Users\rashe\Projects\CodingProjects\CodeMaster\chrome-extension-app\node_modules\jest-circus\build\jestAdapterInit.js:1496:10)
          at _callCircusTest (C:\Users\rashe\Projects\CodingProjects\CodeMaster\chrome-extension-app\node_modules\jest-circus\build\jestAdapterInit.js:1006:40)
          at processTicksAndRejections (node:internal/process/task_queues:105:5)
          at _runTest (C:\Users\rashe\Projects\CodingProjects\CodeMaster\chrome-extension-app\node_modules\jest-circus\build\jestAdapterInit.js:946:3)
          at _runTestsForDescribeBlock (C:\Users\rashe\Projects\CodingProjects\CodeMaster\chrome-extension-app\node_modules\jest-circus\build\jestAdapterInit.js:839:13)
          at _runTestsForDescribeBlock (C:\Users\rashe\Projects\CodingProjects\CodeMaster\chrome-extension-app\node_modules\jest-circus\build\jestAdapterInit.js:829:11)
          at _runTestsForDescribeBlock (C:\Users\rashe\Projects\CodingProjects\CodeMaster\chrome-extension-app\node_modules\jest-circus\build\jestAdapterInit.js:829:11)
          at run (C:\Users\rashe\Projects\CodingProjects\CodeMaster\chrome-extension-app\node_modules\jest-circus\build\jestAdapterInit.js:757:3)
          at runAndTransformResultsToJestFormat (C:\Users\rashe\Projects\CodingProjects\CodeMaster\chrome-extension-app\node_modules\jest-circus\build\jestAdapterInit.js:1917:21)
          at jestAdapter (C:\Users\rashe\Projects\CodingProjects\CodeMaster\chrome-extension-app\node_modules\jest-circus\build\runner.js:101:19)
          at runTestInternal (C:\Users\rashe\Projects\CodingProjects\CodeMaster\chrome-extension-app\node_modules\jest-runner\build\testWorker.js:275:16)
          at runTest (C:\Users\rashe\Projects\CodingProjects\CodeMaster\chrome-extension-app\node_modules\jest-runner\build\testWorker.js:343:7)
          at Object.worker (C:\Users\rashe\Projects\CodingProjects\CodeMaster\chrome-extension-app\node_modules\jest-runner\build\testWorker.js:497:12) {
        detail: Error: Test error
            at ThrowError (C:\Users\rashe\Projects\CodingProjects\CodeMaster\chrome-extension-app\src\shared\components\__tests__\ErrorBoundary.test.jsx:33:11)
            at Component (C:\Users\rashe\Projects\CodingProjects\CodeMaster\chrome-extension-app\node_modules\react-dom\cjs\react-dom.development.js:15486:18)
            at renderWithHooks (C:\Users\rashe\Projects\CodingProjects\CodeMaster\chrome-extension-app\node_modules\react-dom\cjs\react-dom.development.js:20103:13)
            at mountIndeterminateComponent (C:\Users\rashe\Projects\CodingProjects\CodeMaster\chrome-extension-app\node_modules\react-dom\cjs\react-dom.development.js:21626:16)
            at HTMLUnknownElement.apply (C:\Users\rashe\Projects\CodingProjects\CodeMaster\chrome-extension-app\node_modules\react-dom\cjs\react-dom.development.js:4164:14)
            at HTMLUnknownElement.callTheUserObjectsOperation (C:\Users\rashe\Projects\CodingProjects\CodeMaster\chrome-extension-app\node_modules\jsdom\lib\jsdom\living\generated\EventListener.js:26:30)
            at innerInvokeEventListeners (C:\Users\rashe\Projects\CodingProjects\CodeMaster\chrome-extension-app\node_modules\jsdom\lib\jsdom\living\events\EventTarget-impl.js:350:25)
            at invokeEventListeners (C:\Users\rashe\Projects\CodingProjects\CodeMaster\chrome-extension-app\node_modules\jsdom\lib\jsdom\living\events\EventTarget-impl.js:286:3)
            at HTMLUnknownElementImpl._dispatch (C:\Users\rashe\Projects\CodingProjects\CodeMaster\chrome-extension-app\node_modules\jsdom\lib\jsdom\living\events\EventTarget-impl.js:233:9)
            at HTMLUnknownElementImpl.dispatchEvent (C:\Users\rashe\Projects\CodingProjects\CodeMaster\chrome-extension-app\node_modules\jsdom\lib\jsdom\living\events\EventTarget-impl.js:104:17)
            at HTMLUnknownElement.dispatchEvent (C:\Users\rashe\Projects\CodingProjects\CodeMaster\chrome-extension-app\node_modules\jsdom\lib\jsdom\living\generated\EventTarget.js:241:34)
            at Object.dispatchEvent (C:\Users\rashe\Projects\CodingProjects\CodeMaster\chrome-extension-app\node_modules\react-dom\cjs\react-dom.development.js:4213:16)
            at apply (C:\Users\rashe\Projects\CodingProjects\CodeMaster\chrome-extension-app\node_modules\react-dom\cjs\react-dom.development.js:4277:31)
            at invokeGuardedCallback (C:\Users\rashe\Projects\CodingProjects\CodeMaster\chrome-extension-app\node_modules\react-dom\cjs\react-dom.development.js:27490:7)
            at beginWork$1 (C:\Users\rashe\Projects\CodingProjects\CodeMaster\chrome-extension-app\node_modules\react-dom\cjs\react-dom.development.js:26599:12)
            at performUnitOfWork (C:\Users\rashe\Projects\CodingProjects\CodeMaster\chrome-extension-app\node_modules\react-dom\cjs\react-dom.development.js:26505:5)
            at workLoopSync (C:\Users\rashe\Projects\CodingProjects\CodeMaster\chrome-extension-app\node_modules\react-dom\cjs\react-dom.development.js:26473:7)
            at renderRootSync (C:\Users\rashe\Projects\CodingProjects\CodeMaster\chrome-extension-app\node_modules\react-dom\cjs\react-dom.development.js:25889:20)
            at recoverFromConcurrentError (C:\Users\rashe\Projects\CodingProjects\CodeMaster\chrome-extension-app\node_modules\react-dom\cjs\react-dom.development.js:26135:20)
            at callback (C:\Users\rashe\Projects\CodingProjects\CodeMaster\chrome-extension-app\node_modules\react-dom\cjs\react-dom.development.js:12042:22)
            at flushActQueue (C:\Users\rashe\Projects\CodingProjects\CodeMaster\chrome-extension-app\node_modules\react\cjs\react.development.js:2667:24)
            at act (C:\Users\rashe\Projects\CodingProjects\CodeMaster\chrome-extension-app\node_modules\react\cjs\react.development.js:2582:11)
            at actImplementation (C:\Users\rashe\Projects\CodingProjects\CodeMaster\chrome-extension-app\node_modules\@testing-library\react\dist\act-compat.js:47:25)
            at Object.eventWrapper (C:\Users\rashe\Projects\CodingProjects\CodeMaster\chrome-extension-app\node_modules\@testing-library\react\dist\pure.js:107:27)
            at eventWrapper (C:\Users\rashe\Projects\CodingProjects\CodeMaster\chrome-extension-app\node_modules\@testing-library\dom\dist\events.js:12:35)
            at Function.fireEvent [as click] (C:\Users\rashe\Projects\CodingProjects\CodeMaster\chrome-extension-app\node_modules\@testing-library\dom\dist\events.js:110:36)
            at Function.fireEvent.<computed> [as click] (C:\Users\rashe\Projects\CodingProjects\CodeMaster\chrome-extension-app\node_modules\@testing-library\react\dist\fire-event.js:15:52)
            at Object.click (C:\Users\rashe\Projects\CodingProjects\CodeMaster\chrome-extension-app\src\shared\components\__tests__\ErrorBoundary.test.jsx:130:17)
            at Promise.finally.completed (C:\Users\rashe\Projects\CodingProjects\CodeMaster\chrome-extension-app\node_modules\jest-circus\build\jestAdapterInit.js:1556:28)
            at new Promise (<anonymous>)
            at callAsyncCircusFn (C:\Users\rashe\Projects\CodingProjects\CodeMaster\chrome-extension-app\node_modules\jest-circus\build\jestAdapterInit.js:1496:10)
            at _callCircusTest (C:\Users\rashe\Projects\CodingProjects\CodeMaster\chrome-extension-app\node_modules\jest-circus\build\jestAdapterInit.js:1006:40)
            at processTicksAndRejections (node:internal/process/task_queues:105:5)
            at _runTest (C:\Users\rashe\Projects\CodingProjects\CodeMaster\chrome-extension-app\node_modules\jest-circus\build\jestAdapterInit.js:946:3)
            at _runTestsForDescribeBlock (C:\Users\rashe\Projects\CodingProjects\CodeMaster\chrome-extension-app\node_modules\jest-circus\build\jestAdapterInit.js:839:13)
            at _runTestsForDescribeBlock (C:\Users\rashe\Projects\CodingProjects\CodeMaster\chrome-extension-app\node_modules\jest-circus\build\jestAdapterInit.js:829:11)
            at _runTestsForDescribeBlock (C:\Users\rashe\Projects\CodingProjects\CodeMaster\chrome-extension-app\node_modules\jest-circus\build\jestAdapterInit.js:829:11)
            at run (C:\Users\rashe\Projects\CodingProjects\CodeMaster\chrome-extension-app\node_modules\jest-circus\build\jestAdapterInit.js:757:3)
            at runAndTransformResultsToJestFormat (C:\Users\rashe\Projects\CodingProjects\CodeMaster\chrome-extension-app\node_modules\jest-circus\build\jestAdapterInit.js:1917:21)
            at jestAdapter (C:\Users\rashe\Projects\CodingProjects\CodeMaster\chrome-extension-app\node_modules\jest-circus\build\runner.js:101:19)
            at runTestInternal (C:\Users\rashe\Projects\CodingProjects\CodeMaster\chrome-extension-app\node_modules\jest-runner\build\testWorker.js:275:16)
            at runTest (C:\Users\rashe\Projects\CodingProjects\CodeMaster\chrome-extension-app\node_modules\jest-runner\build\testWorker.js:343:7)
            at Object.worker (C:\Users\rashe\Projects\CodingProjects\CodeMaster\chrome-extension-app\node_modules\jest-runner\build\testWorker.js:497:12),
        type: 'unhandled exception'
      }

    [0m [90m 256 |[39m     [36mreturn[39m[33m;[39m [90m// Suppress JSDOM navigation warnings[39m
     [90m 257 |[39m   }
    [31m[1m>[22m[39m[90m 258 |[39m   originalError[33m.[39mcall(console[33m,[39m [33m...[39margs)[33m;[39m
     [90m     |[39m                 [31m[1m^[22m[39m
     [90m 259 |[39m }[33m;[39m
     [90m 260 |[39m
     [90m 261 |[39m [90m// Mock console methods to reduce noise in tests, but preserve error handling[39m[0m

      at console.call [as error] (test/setup.js:258:17)
      at VirtualConsole.<anonymous> (node_modules/@jest/environment-jsdom-abstract/build/index.js:78:23)
      at reportException (node_modules/jsdom/lib/jsdom/living/helpers/runtime-script-errors.js:70:28)
      at innerInvokeEventListeners (node_modules/jsdom/lib/jsdom/living/events/EventTarget-impl.js:353:9)
      at invokeEventListeners (node_modules/jsdom/lib/jsdom/living/events/EventTarget-impl.js:286:3)
      at HTMLUnknownElementImpl._dispatch (node_modules/jsdom/lib/jsdom/living/events/EventTarget-impl.js:233:9)
      at HTMLUnknownElementImpl.dispatchEvent (node_modules/jsdom/lib/jsdom/living/events/EventTarget-impl.js:104:17)
      at HTMLUnknownElement.dispatchEvent (node_modules/jsdom/lib/jsdom/living/generated/EventTarget.js:241:34)
      at Object.dispatchEvent (node_modules/react-dom/cjs/react-dom.development.js:4213:16)
      at apply (node_modules/react-dom/cjs/react-dom.development.js:4277:31)
      at invokeGuardedCallback (node_modules/react-dom/cjs/react-dom.development.js:27490:7)
      at beginWork$1 (node_modules/react-dom/cjs/react-dom.development.js:26599:12)
      at performUnitOfWork (node_modules/react-dom/cjs/react-dom.development.js:26505:5)
      at workLoopSync (node_modules/react-dom/cjs/react-dom.development.js:26473:7)
      at renderRootSync (node_modules/react-dom/cjs/react-dom.development.js:25889:20)
      at recoverFromConcurrentError (node_modules/react-dom/cjs/react-dom.development.js:26135:20)
      at callback (node_modules/react-dom/cjs/react-dom.development.js:12042:22)
      at flushActQueue (node_modules/react/cjs/react.development.js:2667:24)
      at act (node_modules/react/cjs/react.development.js:2582:11)
      at actImplementation (node_modules/@testing-library/react/dist/act-compat.js:47:25)
      at Object.eventWrapper (node_modules/@testing-library/react/dist/pure.js:107:27)
      at eventWrapper (node_modules/@testing-library/dom/dist/events.js:12:35)
      at Function.fireEvent [as click] (node_modules/@testing-library/dom/dist/events.js:110:36)
      at Function.fireEvent.<computed> [as click] (node_modules/@testing-library/react/dist/fire-event.js:15:52)
      at Object.click (src/shared/components/__tests__/ErrorBoundary.test.jsx:130:17)

    console.error
      Error: Uncaught [Error: Test error]
          at reportException (C:\Users\rashe\Projects\CodingProjects\CodeMaster\chrome-extension-app\node_modules\jsdom\lib\jsdom\living\helpers\runtime-script-errors.js:66:24)
          at innerInvokeEventListeners (C:\Users\rashe\Projects\CodingProjects\CodeMaster\chrome-extension-app\node_modules\jsdom\lib\jsdom\living\events\EventTarget-impl.js:353:9)
          at invokeEventListeners (C:\Users\rashe\Projects\CodingProjects\CodeMaster\chrome-extension-app\node_modules\jsdom\lib\jsdom\living\events\EventTarget-impl.js:286:3)
          at HTMLUnknownElementImpl._dispatch (C:\Users\rashe\Projects\CodingProjects\CodeMaster\chrome-extension-app\node_modules\jsdom\lib\jsdom\living\events\EventTarget-impl.js:233:9)
          at HTMLUnknownElementImpl.dispatchEvent (C:\Users\rashe\Projects\CodingProjects\CodeMaster\chrome-extension-app\node_modules\jsdom\lib\jsdom\living\events\EventTarget-impl.js:104:17)
          at HTMLUnknownElement.dispatchEvent (C:\Users\rashe\Projects\CodingProjects\CodeMaster\chrome-extension-app\node_modules\jsdom\lib\jsdom\living\generated\EventTarget.js:241:34)
          at Object.dispatchEvent (C:\Users\rashe\Projects\CodingProjects\CodeMaster\chrome-extension-app\node_modules\react-dom\cjs\react-dom.development.js:4213:16)
          at apply (C:\Users\rashe\Projects\CodingProjects\CodeMaster\chrome-extension-app\node_modules\react-dom\cjs\react-dom.development.js:4277:31)
          at invokeGuardedCallback (C:\Users\rashe\Projects\CodingProjects\CodeMaster\chrome-extension-app\node_modules\react-dom\cjs\react-dom.development.js:27490:7)
          at beginWork$1 (C:\Users\rashe\Projects\CodingProjects\CodeMaster\chrome-extension-app\node_modules\react-dom\cjs\react-dom.development.js:26599:12)
          at performUnitOfWork (C:\Users\rashe\Projects\CodingProjects\CodeMaster\chrome-extension-app\node_modules\react-dom\cjs\react-dom.development.js:26505:5)
          at workLoopSync (C:\Users\rashe\Projects\CodingProjects\CodeMaster\chrome-extension-app\node_modules\react-dom\cjs\react-dom.development.js:26473:7)
          at renderRootSync (C:\Users\rashe\Projects\CodingProjects\CodeMaster\chrome-extension-app\node_modules\react-dom\cjs\react-dom.development.js:25777:74)
          at flushActQueue (C:\Users\rashe\Projects\CodingProjects\CodeMaster\chrome-extension-app\node_modules\react\cjs\react.development.js:2667:24)
          at act (C:\Users\rashe\Projects\CodingProjects\CodeMaster\chrome-extension-app\node_modules\react\cjs\react.development.js:2582:11)
          at actImplementation (C:\Users\rashe\Projects\CodingProjects\CodeMaster\chrome-extension-app\node_modules\@testing-library\react\dist\act-compat.js:47:25)
          at renderRoot (C:\Users\rashe\Projects\CodingProjects\CodeMaster\chrome-extension-app\node_modules\@testing-library\react\dist\pure.js:190:25)
          at renderRoot (C:\Users\rashe\Projects\CodingProjects\CodeMaster\chrome-extension-app\node_modules\@testing-library\react\dist\pure.js:292:10)
          at Object.<anonymous> (C:\Users\rashe\Projects\CodingProjects\CodeMaster\chrome-extension-app\src\shared\components\__tests__\ErrorBoundary.test.jsx:138:13)
          at Promise.finally.completed (C:\Users\rashe\Projects\CodingProjects\CodeMaster\chrome-extension-app\node_modules\jest-circus\build\jestAdapterInit.js:1556:28)
          at new Promise (<anonymous>)
          at callAsyncCircusFn (C:\Users\rashe\Projects\CodingProjects\CodeMaster\chrome-extension-app\node_modules\jest-circus\build\jestAdapterInit.js:1496:10)
          at _callCircusTest (C:\Users\rashe\Projects\CodingProjects\CodeMaster\chrome-extension-app\node_modules\jest-circus\build\jestAdapterInit.js:1006:40)
          at processTicksAndRejections (node:internal/process/task_queues:105:5)
          at _runTest (C:\Users\rashe\Projects\CodingProjects\CodeMaster\chrome-extension-app\node_modules\jest-circus\build\jestAdapterInit.js:946:3)
          at _runTestsForDescribeBlock (C:\Users\rashe\Projects\CodingProjects\CodeMaster\chrome-extension-app\node_modules\jest-circus\build\jestAdapterInit.js:839:13)
          at _runTestsForDescribeBlock (C:\Users\rashe\Projects\CodingProjects\CodeMaster\chrome-extension-app\node_modules\jest-circus\build\jestAdapterInit.js:829:11)
          at _runTestsForDescribeBlock (C:\Users\rashe\Projects\CodingProjects\CodeMaster\chrome-extension-app\node_modules\jest-circus\build\jestAdapterInit.js:829:11)
          at run (C:\Users\rashe\Projects\CodingProjects\CodeMaster\chrome-extension-app\node_modules\jest-circus\build\jestAdapterInit.js:757:3)
          at runAndTransformResultsToJestFormat (C:\Users\rashe\Projects\CodingProjects\CodeMaster\chrome-extension-app\node_modules\jest-circus\build\jestAdapterInit.js:1917:21)
          at jestAdapter (C:\Users\rashe\Projects\CodingProjects\CodeMaster\chrome-extension-app\node_modules\jest-circus\build\runner.js:101:19)
          at runTestInternal (C:\Users\rashe\Projects\CodingProjects\CodeMaster\chrome-extension-app\node_modules\jest-runner\build\testWorker.js:275:16)
          at runTest (C:\Users\rashe\Projects\CodingProjects\CodeMaster\chrome-extension-app\node_modules\jest-runner\build\testWorker.js:343:7)
          at Object.worker (C:\Users\rashe\Projects\CodingProjects\CodeMaster\chrome-extension-app\node_modules\jest-runner\build\testWorker.js:497:12) {
        detail: Error: Test error
            at ThrowError (C:\Users\rashe\Projects\CodingProjects\CodeMaster\chrome-extension-app\src\shared\components\__tests__\ErrorBoundary.test.jsx:33:11)
            at Component (C:\Users\rashe\Projects\CodingProjects\CodeMaster\chrome-extension-app\node_modules\react-dom\cjs\react-dom.development.js:15486:18)
            at renderWithHooks (C:\Users\rashe\Projects\CodingProjects\CodeMaster\chrome-extension-app\node_modules\react-dom\cjs\react-dom.development.js:20103:13)
            at mountIndeterminateComponent (C:\Users\rashe\Projects\CodingProjects\CodeMaster\chrome-extension-app\node_modules\react-dom\cjs\react-dom.development.js:21626:16)
            at HTMLUnknownElement.apply (C:\Users\rashe\Projects\CodingProjects\CodeMaster\chrome-extension-app\node_modules\react-dom\cjs\react-dom.development.js:4164:14)
            at HTMLUnknownElement.callTheUserObjectsOperation (C:\Users\rashe\Projects\CodingProjects\CodeMaster\chrome-extension-app\node_modules\jsdom\lib\jsdom\living\generated\EventListener.js:26:30)
            at innerInvokeEventListeners (C:\Users\rashe\Projects\CodingProjects\CodeMaster\chrome-extension-app\node_modules\jsdom\lib\jsdom\living\events\EventTarget-impl.js:350:25)
            at invokeEventListeners (C:\Users\rashe\Projects\CodingProjects\CodeMaster\chrome-extension-app\node_modules\jsdom\lib\jsdom\living\events\EventTarget-impl.js:286:3)
            at HTMLUnknownElementImpl._dispatch (C:\Users\rashe\Projects\CodingProjects\CodeMaster\chrome-extension-app\node_modules\jsdom\lib\jsdom\living\events\EventTarget-impl.js:233:9)
            at HTMLUnknownElementImpl.dispatchEvent (C:\Users\rashe\Projects\CodingProjects\CodeMaster\chrome-extension-app\node_modules\jsdom\lib\jsdom\living\events\EventTarget-impl.js:104:17)
            at HTMLUnknownElement.dispatchEvent (C:\Users\rashe\Projects\CodingProjects\CodeMaster\chrome-extension-app\node_modules\jsdom\lib\jsdom\living\generated\EventTarget.js:241:34)
            at Object.dispatchEvent (C:\Users\rashe\Projects\CodingProjects\CodeMaster\chrome-extension-app\node_modules\react-dom\cjs\react-dom.development.js:4213:16)
            at apply (C:\Users\rashe\Projects\CodingProjects\CodeMaster\chrome-extension-app\node_modules\react-dom\cjs\react-dom.development.js:4277:31)
            at invokeGuardedCallback (C:\Users\rashe\Projects\CodingProjects\CodeMaster\chrome-extension-app\node_modules\react-dom\cjs\react-dom.development.js:27490:7)
            at beginWork$1 (C:\Users\rashe\Projects\CodingProjects\CodeMaster\chrome-extension-app\node_modules\react-dom\cjs\react-dom.development.js:26599:12)
            at performUnitOfWork (C:\Users\rashe\Projects\CodingProjects\CodeMaster\chrome-extension-app\node_modules\react-dom\cjs\react-dom.development.js:26505:5)
            at workLoopSync (C:\Users\rashe\Projects\CodingProjects\CodeMaster\chrome-extension-app\node_modules\react-dom\cjs\react-dom.development.js:26473:7)
            at renderRootSync (C:\Users\rashe\Projects\CodingProjects\CodeMaster\chrome-extension-app\node_modules\react-dom\cjs\react-dom.development.js:25777:74)
            at flushActQueue (C:\Users\rashe\Projects\CodingProjects\CodeMaster\chrome-extension-app\node_modules\react\cjs\react.development.js:2667:24)
            at act (C:\Users\rashe\Projects\CodingProjects\CodeMaster\chrome-extension-app\node_modules\react\cjs\react.development.js:2582:11)
            at actImplementation (C:\Users\rashe\Projects\CodingProjects\CodeMaster\chrome-extension-app\node_modules\@testing-library\react\dist\act-compat.js:47:25)
            at renderRoot (C:\Users\rashe\Projects\CodingProjects\CodeMaster\chrome-extension-app\node_modules\@testing-library\react\dist\pure.js:190:25)
            at renderRoot (C:\Users\rashe\Projects\CodingProjects\CodeMaster\chrome-extension-app\node_modules\@testing-library\react\dist\pure.js:292:10)
            at Object.<anonymous> (C:\Users\rashe\Projects\CodingProjects\CodeMaster\chrome-extension-app\src\shared\components\__tests__\ErrorBoundary.test.jsx:138:13)
            at Promise.finally.completed (C:\Users\rashe\Projects\CodingProjects\CodeMaster\chrome-extension-app\node_modules\jest-circus\build\jestAdapterInit.js:1556:28)
            at new Promise (<anonymous>)
            at callAsyncCircusFn (C:\Users\rashe\Projects\CodingProjects\CodeMaster\chrome-extension-app\node_modules\jest-circus\build\jestAdapterInit.js:1496:10)
            at _callCircusTest (C:\Users\rashe\Projects\CodingProjects\CodeMaster\chrome-extension-app\node_modules\jest-circus\build\jestAdapterInit.js:1006:40)
            at processTicksAndRejections (node:internal/process/task_queues:105:5)
            at _runTest (C:\Users\rashe\Projects\CodingProjects\CodeMaster\chrome-extension-app\node_modules\jest-circus\build\jestAdapterInit.js:946:3)
            at _runTestsForDescribeBlock (C:\Users\rashe\Projects\CodingProjects\CodeMaster\chrome-extension-app\node_modules\jest-circus\build\jestAdapterInit.js:839:13)
            at _runTestsForDescribeBlock (C:\Users\rashe\Projects\CodingProjects\CodeMaster\chrome-extension-app\node_modules\jest-circus\build\jestAdapterInit.js:829:11)
            at _runTestsForDescribeBlock (C:\Users\rashe\Projects\CodingProjects\CodeMaster\chrome-extension-app\node_modules\jest-circus\build\jestAdapterInit.js:829:11)
            at run (C:\Users\rashe\Projects\CodingProjects\CodeMaster\chrome-extension-app\node_modules\jest-circus\build\jestAdapterInit.js:757:3)
            at runAndTransformResultsToJestFormat (C:\Users\rashe\Projects\CodingProjects\CodeMaster\chrome-extension-app\node_modules\jest-circus\build\jestAdapterInit.js:1917:21)
            at jestAdapter (C:\Users\rashe\Projects\CodingProjects\CodeMaster\chrome-extension-app\node_modules\jest-circus\build\runner.js:101:19)
            at runTestInternal (C:\Users\rashe\Projects\CodingProjects\CodeMaster\chrome-extension-app\node_modules\jest-runner\build\testWorker.js:275:16)
            at runTest (C:\Users\rashe\Projects\CodingProjects\CodeMaster\chrome-extension-app\node_modules\jest-runner\build\testWorker.js:343:7)
            at Object.worker (C:\Users\rashe\Projects\CodingProjects\CodeMaster\chrome-extension-app\node_modules\jest-runner\build\testWorker.js:497:12),
        type: 'unhandled exception'
      }

    [0m [90m 256 |[39m     [36mreturn[39m[33m;[39m [90m// Suppress JSDOM navigation warnings[39m
     [90m 257 |[39m   }
    [31m[1m>[22m[39m[90m 258 |[39m   originalError[33m.[39mcall(console[33m,[39m [33m...[39margs)[33m;[39m
     [90m     |[39m                 [31m[1m^[22m[39m
     [90m 259 |[39m }[33m;[39m
     [90m 260 |[39m
     [90m 261 |[39m [90m// Mock console methods to reduce noise in tests, but preserve error handling[39m[0m

      at console.call [as error] (test/setup.js:258:17)
      at VirtualConsole.<anonymous> (node_modules/@jest/environment-jsdom-abstract/build/index.js:78:23)
      at reportException (node_modules/jsdom/lib/jsdom/living/helpers/runtime-script-errors.js:70:28)
      at innerInvokeEventListeners (node_modules/jsdom/lib/jsdom/living/events/EventTarget-impl.js:353:9)
      at invokeEventListeners (node_modules/jsdom/lib/jsdom/living/events/EventTarget-impl.js:286:3)
      at HTMLUnknownElementImpl._dispatch (node_modules/jsdom/lib/jsdom/living/events/EventTarget-impl.js:233:9)
      at HTMLUnknownElementImpl.dispatchEvent (node_modules/jsdom/lib/jsdom/living/events/EventTarget-impl.js:104:17)
      at HTMLUnknownElement.dispatchEvent (node_modules/jsdom/lib/jsdom/living/generated/EventTarget.js:241:34)
      at Object.dispatchEvent (node_modules/react-dom/cjs/react-dom.development.js:4213:16)
      at apply (node_modules/react-dom/cjs/react-dom.development.js:4277:31)
      at invokeGuardedCallback (node_modules/react-dom/cjs/react-dom.development.js:27490:7)
      at beginWork$1 (node_modules/react-dom/cjs/react-dom.development.js:26599:12)
      at performUnitOfWork (node_modules/react-dom/cjs/react-dom.development.js:26505:5)
      at workLoopSync (node_modules/react-dom/cjs/react-dom.development.js:26473:7)
      at renderRootSync (node_modules/react-dom/cjs/react-dom.development.js:25777:74)
      at flushActQueue (node_modules/react/cjs/react.development.js:2667:24)
      at act (node_modules/react/cjs/react.development.js:2582:11)
      at actImplementation (node_modules/@testing-library/react/dist/act-compat.js:47:25)
      at renderRoot (node_modules/@testing-library/react/dist/pure.js:190:25)
      at renderRoot (node_modules/@testing-library/react/dist/pure.js:292:10)
      at Object.<anonymous> (src/shared/components/__tests__/ErrorBoundary.test.jsx:138:13)

    console.error
      Error: Uncaught [Error: Test error]
          at reportException (C:\Users\rashe\Projects\CodingProjects\CodeMaster\chrome-extension-app\node_modules\jsdom\lib\jsdom\living\helpers\runtime-script-errors.js:66:24)
          at innerInvokeEventListeners (C:\Users\rashe\Projects\CodingProjects\CodeMaster\chrome-extension-app\node_modules\jsdom\lib\jsdom\living\events\EventTarget-impl.js:353:9)
          at invokeEventListeners (C:\Users\rashe\Projects\CodingProjects\CodeMaster\chrome-extension-app\node_modules\jsdom\lib\jsdom\living\events\EventTarget-impl.js:286:3)
          at HTMLUnknownElementImpl._dispatch (C:\Users\rashe\Projects\CodingProjects\CodeMaster\chrome-extension-app\node_modules\jsdom\lib\jsdom\living\events\EventTarget-impl.js:233:9)
          at HTMLUnknownElementImpl.dispatchEvent (C:\Users\rashe\Projects\CodingProjects\CodeMaster\chrome-extension-app\node_modules\jsdom\lib\jsdom\living\events\EventTarget-impl.js:104:17)
          at HTMLUnknownElement.dispatchEvent (C:\Users\rashe\Projects\CodingProjects\CodeMaster\chrome-extension-app\node_modules\jsdom\lib\jsdom\living\generated\EventTarget.js:241:34)
          at Object.dispatchEvent (C:\Users\rashe\Projects\CodingProjects\CodeMaster\chrome-extension-app\node_modules\react-dom\cjs\react-dom.development.js:4213:16)
          at apply (C:\Users\rashe\Projects\CodingProjects\CodeMaster\chrome-extension-app\node_modules\react-dom\cjs\react-dom.development.js:4277:31)
          at invokeGuardedCallback (C:\Users\rashe\Projects\CodingProjects\CodeMaster\chrome-extension-app\node_modules\react-dom\cjs\react-dom.development.js:27490:7)
          at beginWork$1 (C:\Users\rashe\Projects\CodingProjects\CodeMaster\chrome-extension-app\node_modules\react-dom\cjs\react-dom.development.js:26599:12)
          at performUnitOfWork (C:\Users\rashe\Projects\CodingProjects\CodeMaster\chrome-extension-app\node_modules\react-dom\cjs\react-dom.development.js:26505:5)
          at workLoopSync (C:\Users\rashe\Projects\CodingProjects\CodeMaster\chrome-extension-app\node_modules\react-dom\cjs\react-dom.development.js:26473:7)
          at renderRootSync (C:\Users\rashe\Projects\CodingProjects\CodeMaster\chrome-extension-app\node_modules\react-dom\cjs\react-dom.development.js:25889:20)
          at recoverFromConcurrentError (C:\Users\rashe\Projects\CodingProjects\CodeMaster\chrome-extension-app\node_modules\react-dom\cjs\react-dom.development.js:25789:22)
          at flushActQueue (C:\Users\rashe\Projects\CodingProjects\CodeMaster\chrome-extension-app\node_modules\react\cjs\react.development.js:2667:24)
          at act (C:\Users\rashe\Projects\CodingProjects\CodeMaster\chrome-extension-app\node_modules\react\cjs\react.development.js:2582:11)
          at actImplementation (C:\Users\rashe\Projects\CodingProjects\CodeMaster\chrome-extension-app\node_modules\@testing-library\react\dist\act-compat.js:47:25)
          at renderRoot (C:\Users\rashe\Projects\CodingProjects\CodeMaster\chrome-extension-app\node_modules\@testing-library\react\dist\pure.js:190:25)
          at renderRoot (C:\Users\rashe\Projects\CodingProjects\CodeMaster\chrome-extension-app\node_modules\@testing-library\react\dist\pure.js:292:10)
          at Object.<anonymous> (C:\Users\rashe\Projects\CodingProjects\CodeMaster\chrome-extension-app\src\shared\components\__tests__\ErrorBoundary.test.jsx:138:13)
          at Promise.finally.completed (C:\Users\rashe\Projects\CodingProjects\CodeMaster\chrome-extension-app\node_modules\jest-circus\build\jestAdapterInit.js:1556:28)
          at new Promise (<anonymous>)
          at callAsyncCircusFn (C:\Users\rashe\Projects\CodingProjects\CodeMaster\chrome-extension-app\node_modules\jest-circus\build\jestAdapterInit.js:1496:10)
          at _callCircusTest (C:\Users\rashe\Projects\CodingProjects\CodeMaster\chrome-extension-app\node_modules\jest-circus\build\jestAdapterInit.js:1006:40)
          at processTicksAndRejections (node:internal/process/task_queues:105:5)
          at _runTest (C:\Users\rashe\Projects\CodingProjects\CodeMaster\chrome-extension-app\node_modules\jest-circus\build\jestAdapterInit.js:946:3)
          at _runTestsForDescribeBlock (C:\Users\rashe\Projects\CodingProjects\CodeMaster\chrome-extension-app\node_modules\jest-circus\build\jestAdapterInit.js:839:13)
          at _runTestsForDescribeBlock (C:\Users\rashe\Projects\CodingProjects\CodeMaster\chrome-extension-app\node_modules\jest-circus\build\jestAdapterInit.js:829:11)
          at _runTestsForDescribeBlock (C:\Users\rashe\Projects\CodingProjects\CodeMaster\chrome-extension-app\node_modules\jest-circus\build\jestAdapterInit.js:829:11)
          at run (C:\Users\rashe\Projects\CodingProjects\CodeMaster\chrome-extension-app\node_modules\jest-circus\build\jestAdapterInit.js:757:3)
          at runAndTransformResultsToJestFormat (C:\Users\rashe\Projects\CodingProjects\CodeMaster\chrome-extension-app\node_modules\jest-circus\build\jestAdapterInit.js:1917:21)
          at jestAdapter (C:\Users\rashe\Projects\CodingProjects\CodeMaster\chrome-extension-app\node_modules\jest-circus\build\runner.js:101:19)
          at runTestInternal (C:\Users\rashe\Projects\CodingProjects\CodeMaster\chrome-extension-app\node_modules\jest-runner\build\testWorker.js:275:16)
          at runTest (C:\Users\rashe\Projects\CodingProjects\CodeMaster\chrome-extension-app\node_modules\jest-runner\build\testWorker.js:343:7)
          at Object.worker (C:\Users\rashe\Projects\CodingProjects\CodeMaster\chrome-extension-app\node_modules\jest-runner\build\testWorker.js:497:12) {
        detail: Error: Test error
            at ThrowError (C:\Users\rashe\Projects\CodingProjects\CodeMaster\chrome-extension-app\src\shared\components\__tests__\ErrorBoundary.test.jsx:33:11)
            at Component (C:\Users\rashe\Projects\CodingProjects\CodeMaster\chrome-extension-app\node_modules\react-dom\cjs\react-dom.development.js:15486:18)
            at renderWithHooks (C:\Users\rashe\Projects\CodingProjects\CodeMaster\chrome-extension-app\node_modules\react-dom\cjs\react-dom.development.js:20103:13)
            at mountIndeterminateComponent (C:\Users\rashe\Projects\CodingProjects\CodeMaster\chrome-extension-app\node_modules\react-dom\cjs\react-dom.development.js:21626:16)
            at HTMLUnknownElement.apply (C:\Users\rashe\Projects\CodingProjects\CodeMaster\chrome-extension-app\node_modules\react-dom\cjs\react-dom.development.js:4164:14)
            at HTMLUnknownElement.callTheUserObjectsOperation (C:\Users\rashe\Projects\CodingProjects\CodeMaster\chrome-extension-app\node_modules\jsdom\lib\jsdom\living\generated\EventListener.js:26:30)
            at innerInvokeEventListeners (C:\Users\rashe\Projects\CodingProjects\CodeMaster\chrome-extension-app\node_modules\jsdom\lib\jsdom\living\events\EventTarget-impl.js:350:25)
            at invokeEventListeners (C:\Users\rashe\Projects\CodingProjects\CodeMaster\chrome-extension-app\node_modules\jsdom\lib\jsdom\living\events\EventTarget-impl.js:286:3)
            at HTMLUnknownElementImpl._dispatch (C:\Users\rashe\Projects\CodingProjects\CodeMaster\chrome-extension-app\node_modules\jsdom\lib\jsdom\living\events\EventTarget-impl.js:233:9)
            at HTMLUnknownElementImpl.dispatchEvent (C:\Users\rashe\Projects\CodingProjects\CodeMaster\chrome-extension-app\node_modules\jsdom\lib\jsdom\living\events\EventTarget-impl.js:104:17)
            at HTMLUnknownElement.dispatchEvent (C:\Users\rashe\Projects\CodingProjects\CodeMaster\chrome-extension-app\node_modules\jsdom\lib\jsdom\living\generated\EventTarget.js:241:34)
            at Object.dispatchEvent (C:\Users\rashe\Projects\CodingProjects\CodeMaster\chrome-extension-app\node_modules\react-dom\cjs\react-dom.development.js:4213:16)
            at apply (C:\Users\rashe\Projects\CodingProjects\CodeMaster\chrome-extension-app\node_modules\react-dom\cjs\react-dom.development.js:4277:31)
            at invokeGuardedCallback (C:\Users\rashe\Projects\CodingProjects\CodeMaster\chrome-extension-app\node_modules\react-dom\cjs\react-dom.development.js:27490:7)
            at beginWork$1 (C:\Users\rashe\Projects\CodingProjects\CodeMaster\chrome-extension-app\node_modules\react-dom\cjs\react-dom.development.js:26599:12)
            at performUnitOfWork (C:\Users\rashe\Projects\CodingProjects\CodeMaster\chrome-extension-app\node_modules\react-dom\cjs\react-dom.development.js:26505:5)
            at workLoopSync (C:\Users\rashe\Projects\CodingProjects\CodeMaster\chrome-extension-app\node_modules\react-dom\cjs\react-dom.development.js:26473:7)
            at renderRootSync (C:\Users\rashe\Projects\CodingProjects\CodeMaster\chrome-extension-app\node_modules\react-dom\cjs\react-dom.development.js:25889:20)
            at recoverFromConcurrentError (C:\Users\rashe\Projects\CodingProjects\CodeMaster\chrome-extension-app\node_modules\react-dom\cjs\react-dom.development.js:25789:22)
            at flushActQueue (C:\Users\rashe\Projects\CodingProjects\CodeMaster\chrome-extension-app\node_modules\react\cjs\react.development.js:2667:24)
            at act (C:\Users\rashe\Projects\CodingProjects\CodeMaster\chrome-extension-app\node_modules\react\cjs\react.development.js:2582:11)
            at actImplementation (C:\Users\rashe\Projects\CodingProjects\CodeMaster\chrome-extension-app\node_modules\@testing-library\react\dist\act-compat.js:47:25)
            at renderRoot (C:\Users\rashe\Projects\CodingProjects\CodeMaster\chrome-extension-app\node_modules\@testing-library\react\dist\pure.js:190:25)
            at renderRoot (C:\Users\rashe\Projects\CodingProjects\CodeMaster\chrome-extension-app\node_modules\@testing-library\react\dist\pure.js:292:10)
            at Object.<anonymous> (C:\Users\rashe\Projects\CodingProjects\CodeMaster\chrome-extension-app\src\shared\components\__tests__\ErrorBoundary.test.jsx:138:13)
            at Promise.finally.completed (C:\Users\rashe\Projects\CodingProjects\CodeMaster\chrome-extension-app\node_modules\jest-circus\build\jestAdapterInit.js:1556:28)
            at new Promise (<anonymous>)
            at callAsyncCircusFn (C:\Users\rashe\Projects\CodingProjects\CodeMaster\chrome-extension-app\node_modules\jest-circus\build\jestAdapterInit.js:1496:10)
            at _callCircusTest (C:\Users\rashe\Projects\CodingProjects\CodeMaster\chrome-extension-app\node_modules\jest-circus\build\jestAdapterInit.js:1006:40)
            at processTicksAndRejections (node:internal/process/task_queues:105:5)
            at _runTest (C:\Users\rashe\Projects\CodingProjects\CodeMaster\chrome-extension-app\node_modules\jest-circus\build\jestAdapterInit.js:946:3)
            at _runTestsForDescribeBlock (C:\Users\rashe\Projects\CodingProjects\CodeMaster\chrome-extension-app\node_modules\jest-circus\build\jestAdapterInit.js:839:13)
            at _runTestsForDescribeBlock (C:\Users\rashe\Projects\CodingProjects\CodeMaster\chrome-extension-app\node_modules\jest-circus\build\jestAdapterInit.js:829:11)
            at _runTestsForDescribeBlock (C:\Users\rashe\Projects\CodingProjects\CodeMaster\chrome-extension-app\node_modules\jest-circus\build\jestAdapterInit.js:829:11)
            at run (C:\Users\rashe\Projects\CodingProjects\CodeMaster\chrome-extension-app\node_modules\jest-circus\build\jestAdapterInit.js:757:3)
            at runAndTransformResultsToJestFormat (C:\Users\rashe\Projects\CodingProjects\CodeMaster\chrome-extension-app\node_modules\jest-circus\build\jestAdapterInit.js:1917:21)
            at jestAdapter (C:\Users\rashe\Projects\CodingProjects\CodeMaster\chrome-extension-app\node_modules\jest-circus\build\runner.js:101:19)
            at runTestInternal (C:\Users\rashe\Projects\CodingProjects\CodeMaster\chrome-extension-app\node_modules\jest-runner\build\testWorker.js:275:16)
            at runTest (C:\Users\rashe\Projects\CodingProjects\CodeMaster\chrome-extension-app\node_modules\jest-runner\build\testWorker.js:343:7)
            at Object.worker (C:\Users\rashe\Projects\CodingProjects\CodeMaster\chrome-extension-app\node_modules\jest-runner\build\testWorker.js:497:12),
        type: 'unhandled exception'
      }

    [0m [90m 256 |[39m     [36mreturn[39m[33m;[39m [90m// Suppress JSDOM navigation warnings[39m
     [90m 257 |[39m   }
    [31m[1m>[22m[39m[90m 258 |[39m   originalError[33m.[39mcall(console[33m,[39m [33m...[39margs)[33m;[39m
     [90m     |[39m                 [31m[1m^[22m[39m
     [90m 259 |[39m }[33m;[39m
     [90m 260 |[39m
     [90m 261 |[39m [90m// Mock console methods to reduce noise in tests, but preserve error handling[39m[0m

      at console.call [as error] (test/setup.js:258:17)
      at VirtualConsole.<anonymous> (node_modules/@jest/environment-jsdom-abstract/build/index.js:78:23)
      at reportException (node_modules/jsdom/lib/jsdom/living/helpers/runtime-script-errors.js:70:28)
      at innerInvokeEventListeners (node_modules/jsdom/lib/jsdom/living/events/EventTarget-impl.js:353:9)
      at invokeEventListeners (node_modules/jsdom/lib/jsdom/living/events/EventTarget-impl.js:286:3)
      at HTMLUnknownElementImpl._dispatch (node_modules/jsdom/lib/jsdom/living/events/EventTarget-impl.js:233:9)
      at HTMLUnknownElementImpl.dispatchEvent (node_modules/jsdom/lib/jsdom/living/events/EventTarget-impl.js:104:17)
      at HTMLUnknownElement.dispatchEvent (node_modules/jsdom/lib/jsdom/living/generated/EventTarget.js:241:34)
      at Object.dispatchEvent (node_modules/react-dom/cjs/react-dom.development.js:4213:16)
      at apply (node_modules/react-dom/cjs/react-dom.development.js:4277:31)
      at invokeGuardedCallback (node_modules/react-dom/cjs/react-dom.development.js:27490:7)
      at beginWork$1 (node_modules/react-dom/cjs/react-dom.development.js:26599:12)
      at performUnitOfWork (node_modules/react-dom/cjs/react-dom.development.js:26505:5)
      at workLoopSync (node_modules/react-dom/cjs/react-dom.development.js:26473:7)
      at renderRootSync (node_modules/react-dom/cjs/react-dom.development.js:25889:20)
      at recoverFromConcurrentError (node_modules/react-dom/cjs/react-dom.development.js:25789:22)
      at flushActQueue (node_modules/react/cjs/react.development.js:2667:24)
      at act (node_modules/react/cjs/react.development.js:2582:11)
      at actImplementation (node_modules/@testing-library/react/dist/act-compat.js:47:25)
      at renderRoot (node_modules/@testing-library/react/dist/pure.js:190:25)
      at renderRoot (node_modules/@testing-library/react/dist/pure.js:292:10)
      at Object.<anonymous> (src/shared/components/__tests__/ErrorBoundary.test.jsx:138:13)

    console.error
      Error: Uncaught [Error: Dev mode error]
          at reportException (C:\Users\rashe\Projects\CodingProjects\CodeMaster\chrome-extension-app\node_modules\jsdom\lib\jsdom\living\helpers\runtime-script-errors.js:66:24)
          at innerInvokeEventListeners (C:\Users\rashe\Projects\CodingProjects\CodeMaster\chrome-extension-app\node_modules\jsdom\lib\jsdom\living\events\EventTarget-impl.js:353:9)
          at invokeEventListeners (C:\Users\rashe\Projects\CodingProjects\CodeMaster\chrome-extension-app\node_modules\jsdom\lib\jsdom\living\events\EventTarget-impl.js:286:3)
          at HTMLUnknownElementImpl._dispatch (C:\Users\rashe\Projects\CodingProjects\CodeMaster\chrome-extension-app\node_modules\jsdom\lib\jsdom\living\events\EventTarget-impl.js:233:9)
          at HTMLUnknownElementImpl.dispatchEvent (C:\Users\rashe\Projects\CodingProjects\CodeMaster\chrome-extension-app\node_modules\jsdom\lib\jsdom\living\events\EventTarget-impl.js:104:17)
          at HTMLUnknownElement.dispatchEvent (C:\Users\rashe\Projects\CodingProjects\CodeMaster\chrome-extension-app\node_modules\jsdom\lib\jsdom\living\generated\EventTarget.js:241:34)
          at Object.dispatchEvent (C:\Users\rashe\Projects\CodingProjects\CodeMaster\chrome-extension-app\node_modules\react-dom\cjs\react-dom.development.js:4213:16)
          at apply (C:\Users\rashe\Projects\CodingProjects\CodeMaster\chrome-extension-app\node_modules\react-dom\cjs\react-dom.development.js:4277:31)
          at invokeGuardedCallback (C:\Users\rashe\Projects\CodingProjects\CodeMaster\chrome-extension-app\node_modules\react-dom\cjs\react-dom.development.js:27490:7)
          at beginWork$1 (C:\Users\rashe\Projects\CodingProjects\CodeMaster\chrome-extension-app\node_modules\react-dom\cjs\react-dom.development.js:26599:12)
          at performUnitOfWork (C:\Users\rashe\Projects\CodingProjects\CodeMaster\chrome-extension-app\node_modules\react-dom\cjs\react-dom.development.js:26505:5)
          at workLoopSync (C:\Users\rashe\Projects\CodingProjects\CodeMaster\chrome-extension-app\node_modules\react-dom\cjs\react-dom.development.js:26473:7)
          at renderRootSync (C:\Users\rashe\Projects\CodingProjects\CodeMaster\chrome-extension-app\node_modules\react-dom\cjs\react-dom.development.js:25777:74)
          at flushActQueue (C:\Users\rashe\Projects\CodingProjects\CodeMaster\chrome-extension-app\node_modules\react\cjs\react.development.js:2667:24)
          at act (C:\Users\rashe\Projects\CodingProjects\CodeMaster\chrome-extension-app\node_modules\react\cjs\react.development.js:2582:11)
          at actImplementation (C:\Users\rashe\Projects\CodingProjects\CodeMaster\chrome-extension-app\node_modules\@testing-library\react\dist\act-compat.js:47:25)
          at renderRoot (C:\Users\rashe\Projects\CodingProjects\CodeMaster\chrome-extension-app\node_modules\@testing-library\react\dist\pure.js:190:25)
          at renderRoot (C:\Users\rashe\Projects\CodingProjects\CodeMaster\chrome-extension-app\node_modules\@testing-library\react\dist\pure.js:292:10)
          at Object.<anonymous> (C:\Users\rashe\Projects\CodingProjects\CodeMaster\chrome-extension-app\src\shared\components\__tests__\ErrorBoundary.test.jsx:159:15)
          at Promise.finally.completed (C:\Users\rashe\Projects\CodingProjects\CodeMaster\chrome-extension-app\node_modules\jest-circus\build\jestAdapterInit.js:1556:28)
          at new Promise (<anonymous>)
          at callAsyncCircusFn (C:\Users\rashe\Projects\CodingProjects\CodeMaster\chrome-extension-app\node_modules\jest-circus\build\jestAdapterInit.js:1496:10)
          at _callCircusTest (C:\Users\rashe\Projects\CodingProjects\CodeMaster\chrome-extension-app\node_modules\jest-circus\build\jestAdapterInit.js:1006:40)
          at processTicksAndRejections (node:internal/process/task_queues:105:5)
          at _runTest (C:\Users\rashe\Projects\CodingProjects\CodeMaster\chrome-extension-app\node_modules\jest-circus\build\jestAdapterInit.js:946:3)
          at _runTestsForDescribeBlock (C:\Users\rashe\Projects\CodingProjects\CodeMaster\chrome-extension-app\node_modules\jest-circus\build\jestAdapterInit.js:839:13)
          at _runTestsForDescribeBlock (C:\Users\rashe\Projects\CodingProjects\CodeMaster\chrome-extension-app\node_modules\jest-circus\build\jestAdapterInit.js:829:11)
          at _runTestsForDescribeBlock (C:\Users\rashe\Projects\CodingProjects\CodeMaster\chrome-extension-app\node_modules\jest-circus\build\jestAdapterInit.js:829:11)
          at run (C:\Users\rashe\Projects\CodingProjects\CodeMaster\chrome-extension-app\node_modules\jest-circus\build\jestAdapterInit.js:757:3)
          at runAndTransformResultsToJestFormat (C:\Users\rashe\Projects\CodingProjects\CodeMaster\chrome-extension-app\node_modules\jest-circus\build\jestAdapterInit.js:1917:21)
          at jestAdapter (C:\Users\rashe\Projects\CodingProjects\CodeMaster\chrome-extension-app\node_modules\jest-circus\build\runner.js:101:19)
          at runTestInternal (C:\Users\rashe\Projects\CodingProjects\CodeMaster\chrome-extension-app\node_modules\jest-runner\build\testWorker.js:275:16)
          at runTest (C:\Users\rashe\Projects\CodingProjects\CodeMaster\chrome-extension-app\node_modules\jest-runner\build\testWorker.js:343:7)
          at Object.worker (C:\Users\rashe\Projects\CodingProjects\CodeMaster\chrome-extension-app\node_modules\jest-runner\build\testWorker.js:497:12) {
        detail: Error: Dev mode error
            at ThrowError (C:\Users\rashe\Projects\CodingProjects\CodeMaster\chrome-extension-app\src\shared\components\__tests__\ErrorBoundary.test.jsx:33:11)
            at Component (C:\Users\rashe\Projects\CodingProjects\CodeMaster\chrome-extension-app\node_modules\react-dom\cjs\react-dom.development.js:15486:18)
            at renderWithHooks (C:\Users\rashe\Projects\CodingProjects\CodeMaster\chrome-extension-app\node_modules\react-dom\cjs\react-dom.development.js:20103:13)
            at mountIndeterminateComponent (C:\Users\rashe\Projects\CodingProjects\CodeMaster\chrome-extension-app\node_modules\react-dom\cjs\react-dom.development.js:21626:16)
            at HTMLUnknownElement.apply (C:\Users\rashe\Projects\CodingProjects\CodeMaster\chrome-extension-app\node_modules\react-dom\cjs\react-dom.development.js:4164:14)
            at HTMLUnknownElement.callTheUserObjectsOperation (C:\Users\rashe\Projects\CodingProjects\CodeMaster\chrome-extension-app\node_modules\jsdom\lib\jsdom\living\generated\EventListener.js:26:30)
            at innerInvokeEventListeners (C:\Users\rashe\Projects\CodingProjects\CodeMaster\chrome-extension-app\node_modules\jsdom\lib\jsdom\living\events\EventTarget-impl.js:350:25)
            at invokeEventListeners (C:\Users\rashe\Projects\CodingProjects\CodeMaster\chrome-extension-app\node_modules\jsdom\lib\jsdom\living\events\EventTarget-impl.js:286:3)
            at HTMLUnknownElementImpl._dispatch (C:\Users\rashe\Projects\CodingProjects\CodeMaster\chrome-extension-app\node_modules\jsdom\lib\jsdom\living\events\EventTarget-impl.js:233:9)
            at HTMLUnknownElementImpl.dispatchEvent (C:\Users\rashe\Projects\CodingProjects\CodeMaster\chrome-extension-app\node_modules\jsdom\lib\jsdom\living\events\EventTarget-impl.js:104:17)
            at HTMLUnknownElement.dispatchEvent (C:\Users\rashe\Projects\CodingProjects\CodeMaster\chrome-extension-app\node_modules\jsdom\lib\jsdom\living\generated\EventTarget.js:241:34)
            at Object.dispatchEvent (C:\Users\rashe\Projects\CodingProjects\CodeMaster\chrome-extension-app\node_modules\react-dom\cjs\react-dom.development.js:4213:16)
            at apply (C:\Users\rashe\Projects\CodingProjects\CodeMaster\chrome-extension-app\node_modules\react-dom\cjs\react-dom.development.js:4277:31)
            at invokeGuardedCallback (C:\Users\rashe\Projects\CodingProjects\CodeMaster\chrome-extension-app\node_modules\react-dom\cjs\react-dom.development.js:27490:7)
            at beginWork$1 (C:\Users\rashe\Projects\CodingProjects\CodeMaster\chrome-extension-app\node_modules\react-dom\cjs\react-dom.development.js:26599:12)
            at performUnitOfWork (C:\Users\rashe\Projects\CodingProjects\CodeMaster\chrome-extension-app\node_modules\react-dom\cjs\react-dom.development.js:26505:5)
            at workLoopSync (C:\Users\rashe\Projects\CodingProjects\CodeMaster\chrome-extension-app\node_modules\react-dom\cjs\react-dom.development.js:26473:7)
            at renderRootSync (C:\Users\rashe\Projects\CodingProjects\CodeMaster\chrome-extension-app\node_modules\react-dom\cjs\react-dom.development.js:25777:74)
            at flushActQueue (C:\Users\rashe\Projects\CodingProjects\CodeMaster\chrome-extension-app\node_modules\react\cjs\react.development.js:2667:24)
            at act (C:\Users\rashe\Projects\CodingProjects\CodeMaster\chrome-extension-app\node_modules\react\cjs\react.development.js:2582:11)
            at actImplementation (C:\Users\rashe\Projects\CodingProjects\CodeMaster\chrome-extension-app\node_modules\@testing-library\react\dist\act-compat.js:47:25)
            at renderRoot (C:\Users\rashe\Projects\CodingProjects\CodeMaster\chrome-extension-app\node_modules\@testing-library\react\dist\pure.js:190:25)
            at renderRoot (C:\Users\rashe\Projects\CodingProjects\CodeMaster\chrome-extension-app\node_modules\@testing-library\react\dist\pure.js:292:10)
            at Object.<anonymous> (C:\Users\rashe\Projects\CodingProjects\CodeMaster\chrome-extension-app\src\shared\components\__tests__\ErrorBoundary.test.jsx:159:15)
            at Promise.finally.completed (C:\Users\rashe\Projects\CodingProjects\CodeMaster\chrome-extension-app\node_modules\jest-circus\build\jestAdapterInit.js:1556:28)
            at new Promise (<anonymous>)
            at callAsyncCircusFn (C:\Users\rashe\Projects\CodingProjects\CodeMaster\chrome-extension-app\node_modules\jest-circus\build\jestAdapterInit.js:1496:10)
            at _callCircusTest (C:\Users\rashe\Projects\CodingProjects\CodeMaster\chrome-extension-app\node_modules\jest-circus\build\jestAdapterInit.js:1006:40)
            at processTicksAndRejections (node:internal/process/task_queues:105:5)
            at _runTest (C:\Users\rashe\Projects\CodingProjects\CodeMaster\chrome-extension-app\node_modules\jest-circus\build\jestAdapterInit.js:946:3)
            at _runTestsForDescribeBlock (C:\Users\rashe\Projects\CodingProjects\CodeMaster\chrome-extension-app\node_modules\jest-circus\build\jestAdapterInit.js:839:13)
            at _runTestsForDescribeBlock (C:\Users\rashe\Projects\CodingProjects\CodeMaster\chrome-extension-app\node_modules\jest-circus\build\jestAdapterInit.js:829:11)
            at _runTestsForDescribeBlock (C:\Users\rashe\Projects\CodingProjects\CodeMaster\chrome-extension-app\node_modules\jest-circus\build\jestAdapterInit.js:829:11)
            at run (C:\Users\rashe\Projects\CodingProjects\CodeMaster\chrome-extension-app\node_modules\jest-circus\build\jestAdapterInit.js:757:3)
            at runAndTransformResultsToJestFormat (C:\Users\rashe\Projects\CodingProjects\CodeMaster\chrome-extension-app\node_modules\jest-circus\build\jestAdapterInit.js:1917:21)
            at jestAdapter (C:\Users\rashe\Projects\CodingProjects\CodeMaster\chrome-extension-app\node_modules\jest-circus\build\runner.js:101:19)
            at runTestInternal (C:\Users\rashe\Projects\CodingProjects\CodeMaster\chrome-extension-app\node_modules\jest-runner\build\testWorker.js:275:16)
            at runTest (C:\Users\rashe\Projects\CodingProjects\CodeMaster\chrome-extension-app\node_modules\jest-runner\build\testWorker.js:343:7)
            at Object.worker (C:\Users\rashe\Projects\CodingProjects\CodeMaster\chrome-extension-app\node_modules\jest-runner\build\testWorker.js:497:12),
        type: 'unhandled exception'
      }

    [0m [90m 256 |[39m     [36mreturn[39m[33m;[39m [90m// Suppress JSDOM navigation warnings[39m
     [90m 257 |[39m   }
    [31m[1m>[22m[39m[90m 258 |[39m   originalError[33m.[39mcall(console[33m,[39m [33m...[39margs)[33m;[39m
     [90m     |[39m                 [31m[1m^[22m[39m
     [90m 259 |[39m }[33m;[39m
     [90m 260 |[39m
     [90m 261 |[39m [90m// Mock console methods to reduce noise in tests, but preserve error handling[39m[0m

      at console.call [as error] (test/setup.js:258:17)
      at VirtualConsole.<anonymous> (node_modules/@jest/environment-jsdom-abstract/build/index.js:78:23)
      at reportException (node_modules/jsdom/lib/jsdom/living/helpers/runtime-script-errors.js:70:28)
      at innerInvokeEventListeners (node_modules/jsdom/lib/jsdom/living/events/EventTarget-impl.js:353:9)
      at invokeEventListeners (node_modules/jsdom/lib/jsdom/living/events/EventTarget-impl.js:286:3)
      at HTMLUnknownElementImpl._dispatch (node_modules/jsdom/lib/jsdom/living/events/EventTarget-impl.js:233:9)
      at HTMLUnknownElementImpl.dispatchEvent (node_modules/jsdom/lib/jsdom/living/events/EventTarget-impl.js:104:17)
      at HTMLUnknownElement.dispatchEvent (node_modules/jsdom/lib/jsdom/living/generated/EventTarget.js:241:34)
      at Object.dispatchEvent (node_modules/react-dom/cjs/react-dom.development.js:4213:16)
      at apply (node_modules/react-dom/cjs/react-dom.development.js:4277:31)
      at invokeGuardedCallback (node_modules/react-dom/cjs/react-dom.development.js:27490:7)
      at beginWork$1 (node_modules/react-dom/cjs/react-dom.development.js:26599:12)
      at performUnitOfWork (node_modules/react-dom/cjs/react-dom.development.js:26505:5)
      at workLoopSync (node_modules/react-dom/cjs/react-dom.development.js:26473:7)
      at renderRootSync (node_modules/react-dom/cjs/react-dom.development.js:25777:74)
      at flushActQueue (node_modules/react/cjs/react.development.js:2667:24)
      at act (node_modules/react/cjs/react.development.js:2582:11)
      at actImplementation (node_modules/@testing-library/react/dist/act-compat.js:47:25)
      at renderRoot (node_modules/@testing-library/react/dist/pure.js:190:25)
      at renderRoot (node_modules/@testing-library/react/dist/pure.js:292:10)
      at Object.<anonymous> (src/shared/components/__tests__/ErrorBoundary.test.jsx:159:15)

    console.error
      Error: Uncaught [Error: Dev mode error]
          at reportException (C:\Users\rashe\Projects\CodingProjects\CodeMaster\chrome-extension-app\node_modules\jsdom\lib\jsdom\living\helpers\runtime-script-errors.js:66:24)
          at innerInvokeEventListeners (C:\Users\rashe\Projects\CodingProjects\CodeMaster\chrome-extension-app\node_modules\jsdom\lib\jsdom\living\events\EventTarget-impl.js:353:9)
          at invokeEventListeners (C:\Users\rashe\Projects\CodingProjects\CodeMaster\chrome-extension-app\node_modules\jsdom\lib\jsdom\living\events\EventTarget-impl.js:286:3)
          at HTMLUnknownElementImpl._dispatch (C:\Users\rashe\Projects\CodingProjects\CodeMaster\chrome-extension-app\node_modules\jsdom\lib\jsdom\living\events\EventTarget-impl.js:233:9)
          at HTMLUnknownElementImpl.dispatchEvent (C:\Users\rashe\Projects\CodingProjects\CodeMaster\chrome-extension-app\node_modules\jsdom\lib\jsdom\living\events\EventTarget-impl.js:104:17)
          at HTMLUnknownElement.dispatchEvent (C:\Users\rashe\Projects\CodingProjects\CodeMaster\chrome-extension-app\node_modules\jsdom\lib\jsdom\living\generated\EventTarget.js:241:34)
          at Object.dispatchEvent (C:\Users\rashe\Projects\CodingProjects\CodeMaster\chrome-extension-app\node_modules\react-dom\cjs\react-dom.development.js:4213:16)
          at apply (C:\Users\rashe\Projects\CodingProjects\CodeMaster\chrome-extension-app\node_modules\react-dom\cjs\react-dom.development.js:4277:31)
          at invokeGuardedCallback (C:\Users\rashe\Projects\CodingProjects\CodeMaster\chrome-extension-app\node_modules\react-dom\cjs\react-dom.development.js:27490:7)
          at beginWork$1 (C:\Users\rashe\Projects\CodingProjects\CodeMaster\chrome-extension-app\node_modules\react-dom\cjs\react-dom.development.js:26599:12)
          at performUnitOfWork (C:\Users\rashe\Projects\CodingProjects\CodeMaster\chrome-extension-app\node_modules\react-dom\cjs\react-dom.development.js:26505:5)
          at workLoopSync (C:\Users\rashe\Projects\CodingProjects\CodeMaster\chrome-extension-app\node_modules\react-dom\cjs\react-dom.development.js:26473:7)
          at renderRootSync (C:\Users\rashe\Projects\CodingProjects\CodeMaster\chrome-extension-app\node_modules\react-dom\cjs\react-dom.development.js:25889:20)
          at recoverFromConcurrentError (C:\Users\rashe\Projects\CodingProjects\CodeMaster\chrome-extension-app\node_modules\react-dom\cjs\react-dom.development.js:25789:22)
          at flushActQueue (C:\Users\rashe\Projects\CodingProjects\CodeMaster\chrome-extension-app\node_modules\react\cjs\react.development.js:2667:24)
          at act (C:\Users\rashe\Projects\CodingProjects\CodeMaster\chrome-extension-app\node_modules\react\cjs\react.development.js:2582:11)
          at actImplementation (C:\Users\rashe\Projects\CodingProjects\CodeMaster\chrome-extension-app\node_modules\@testing-library\react\dist\act-compat.js:47:25)
          at renderRoot (C:\Users\rashe\Projects\CodingProjects\CodeMaster\chrome-extension-app\node_modules\@testing-library\react\dist\pure.js:190:25)
          at renderRoot (C:\Users\rashe\Projects\CodingProjects\CodeMaster\chrome-extension-app\node_modules\@testing-library\react\dist\pure.js:292:10)
          at Object.<anonymous> (C:\Users\rashe\Projects\CodingProjects\CodeMaster\chrome-extension-app\src\shared\components\__tests__\ErrorBoundary.test.jsx:159:15)
          at Promise.finally.completed (C:\Users\rashe\Projects\CodingProjects\CodeMaster\chrome-extension-app\node_modules\jest-circus\build\jestAdapterInit.js:1556:28)
          at new Promise (<anonymous>)
          at callAsyncCircusFn (C:\Users\rashe\Projects\CodingProjects\CodeMaster\chrome-extension-app\node_modules\jest-circus\build\jestAdapterInit.js:1496:10)
          at _callCircusTest (C:\Users\rashe\Projects\CodingProjects\CodeMaster\chrome-extension-app\node_modules\jest-circus\build\jestAdapterInit.js:1006:40)
          at processTicksAndRejections (node:internal/process/task_queues:105:5)
          at _runTest (C:\Users\rashe\Projects\CodingProjects\CodeMaster\chrome-extension-app\node_modules\jest-circus\build\jestAdapterInit.js:946:3)
          at _runTestsForDescribeBlock (C:\Users\rashe\Projects\CodingProjects\CodeMaster\chrome-extension-app\node_modules\jest-circus\build\jestAdapterInit.js:839:13)
          at _runTestsForDescribeBlock (C:\Users\rashe\Projects\CodingProjects\CodeMaster\chrome-extension-app\node_modules\jest-circus\build\jestAdapterInit.js:829:11)
          at _runTestsForDescribeBlock (C:\Users\rashe\Projects\CodingProjects\CodeMaster\chrome-extension-app\node_modules\jest-circus\build\jestAdapterInit.js:829:11)
          at run (C:\Users\rashe\Projects\CodingProjects\CodeMaster\chrome-extension-app\node_modules\jest-circus\build\jestAdapterInit.js:757:3)
          at runAndTransformResultsToJestFormat (C:\Users\rashe\Projects\CodingProjects\CodeMaster\chrome-extension-app\node_modules\jest-circus\build\jestAdapterInit.js:1917:21)
          at jestAdapter (C:\Users\rashe\Projects\CodingProjects\CodeMaster\chrome-extension-app\node_modules\jest-circus\build\runner.js:101:19)
          at runTestInternal (C:\Users\rashe\Projects\CodingProjects\CodeMaster\chrome-extension-app\node_modules\jest-runner\build\testWorker.js:275:16)
          at runTest (C:\Users\rashe\Projects\CodingProjects\CodeMaster\chrome-extension-app\node_modules\jest-runner\build\testWorker.js:343:7)
          at Object.worker (C:\Users\rashe\Projects\CodingProjects\CodeMaster\chrome-extension-app\node_modules\jest-runner\build\testWorker.js:497:12) {
        detail: Error: Dev mode error
            at ThrowError (C:\Users\rashe\Projects\CodingProjects\CodeMaster\chrome-extension-app\src\shared\components\__tests__\ErrorBoundary.test.jsx:33:11)
            at Component (C:\Users\rashe\Projects\CodingProjects\CodeMaster\chrome-extension-app\node_modules\react-dom\cjs\react-dom.development.js:15486:18)
            at renderWithHooks (C:\Users\rashe\Projects\CodingProjects\CodeMaster\chrome-extension-app\node_modules\react-dom\cjs\react-dom.development.js:20103:13)
            at mountIndeterminateComponent (C:\Users\rashe\Projects\CodingProjects\CodeMaster\chrome-extension-app\node_modules\react-dom\cjs\react-dom.development.js:21626:16)
            at HTMLUnknownElement.apply (C:\Users\rashe\Projects\CodingProjects\CodeMaster\chrome-extension-app\node_modules\react-dom\cjs\react-dom.development.js:4164:14)
            at HTMLUnknownElement.callTheUserObjectsOperation (C:\Users\rashe\Projects\CodingProjects\CodeMaster\chrome-extension-app\node_modules\jsdom\lib\jsdom\living\generated\EventListener.js:26:30)
            at innerInvokeEventListeners (C:\Users\rashe\Projects\CodingProjects\CodeMaster\chrome-extension-app\node_modules\jsdom\lib\jsdom\living\events\EventTarget-impl.js:350:25)
            at invokeEventListeners (C:\Users\rashe\Projects\CodingProjects\CodeMaster\chrome-extension-app\node_modules\jsdom\lib\jsdom\living\events\EventTarget-impl.js:286:3)
            at HTMLUnknownElementImpl._dispatch (C:\Users\rashe\Projects\CodingProjects\CodeMaster\chrome-extension-app\node_modules\jsdom\lib\jsdom\living\events\EventTarget-impl.js:233:9)
            at HTMLUnknownElementImpl.dispatchEvent (C:\Users\rashe\Projects\CodingProjects\CodeMaster\chrome-extension-app\node_modules\jsdom\lib\jsdom\living\events\EventTarget-impl.js:104:17)
            at HTMLUnknownElement.dispatchEvent (C:\Users\rashe\Projects\CodingProjects\CodeMaster\chrome-extension-app\node_modules\jsdom\lib\jsdom\living\generated\EventTarget.js:241:34)
            at Object.dispatchEvent (C:\Users\rashe\Projects\CodingProjects\CodeMaster\chrome-extension-app\node_modules\react-dom\cjs\react-dom.development.js:4213:16)
            at apply (C:\Users\rashe\Projects\CodingProjects\CodeMaster\chrome-extension-app\node_modules\react-dom\cjs\react-dom.development.js:4277:31)
            at invokeGuardedCallback (C:\Users\rashe\Projects\CodingProjects\CodeMaster\chrome-extension-app\node_modules\react-dom\cjs\react-dom.development.js:27490:7)
            at beginWork$1 (C:\Users\rashe\Projects\CodingProjects\CodeMaster\chrome-extension-app\node_modules\react-dom\cjs\react-dom.development.js:26599:12)
            at performUnitOfWork (C:\Users\rashe\Projects\CodingProjects\CodeMaster\chrome-extension-app\node_modules\react-dom\cjs\react-dom.development.js:26505:5)
            at workLoopSync (C:\Users\rashe\Projects\CodingProjects\CodeMaster\chrome-extension-app\node_modules\react-dom\cjs\react-dom.development.js:26473:7)
            at renderRootSync (C:\Users\rashe\Projects\CodingProjects\CodeMaster\chrome-extension-app\node_modules\react-dom\cjs\react-dom.development.js:25889:20)
            at recoverFromConcurrentError (C:\Users\rashe\Projects\CodingProjects\CodeMaster\chrome-extension-app\node_modules\react-dom\cjs\react-dom.development.js:25789:22)
            at flushActQueue (C:\Users\rashe\Projects\CodingProjects\CodeMaster\chrome-extension-app\node_modules\react\cjs\react.development.js:2667:24)
            at act (C:\Users\rashe\Projects\CodingProjects\CodeMaster\chrome-extension-app\node_modules\react\cjs\react.development.js:2582:11)
            at actImplementation (C:\Users\rashe\Projects\CodingProjects\CodeMaster\chrome-extension-app\node_modules\@testing-library\react\dist\act-compat.js:47:25)
            at renderRoot (C:\Users\rashe\Projects\CodingProjects\CodeMaster\chrome-extension-app\node_modules\@testing-library\react\dist\pure.js:190:25)
            at renderRoot (C:\Users\rashe\Projects\CodingProjects\CodeMaster\chrome-extension-app\node_modules\@testing-library\react\dist\pure.js:292:10)
            at Object.<anonymous> (C:\Users\rashe\Projects\CodingProjects\CodeMaster\chrome-extension-app\src\shared\components\__tests__\ErrorBoundary.test.jsx:159:15)
            at Promise.finally.completed (C:\Users\rashe\Projects\CodingProjects\CodeMaster\chrome-extension-app\node_modules\jest-circus\build\jestAdapterInit.js:1556:28)
            at new Promise (<anonymous>)
            at callAsyncCircusFn (C:\Users\rashe\Projects\CodingProjects\CodeMaster\chrome-extension-app\node_modules\jest-circus\build\jestAdapterInit.js:1496:10)
            at _callCircusTest (C:\Users\rashe\Projects\CodingProjects\CodeMaster\chrome-extension-app\node_modules\jest-circus\build\jestAdapterInit.js:1006:40)
            at processTicksAndRejections (node:internal/process/task_queues:105:5)
            at _runTest (C:\Users\rashe\Projects\CodingProjects\CodeMaster\chrome-extension-app\node_modules\jest-circus\build\jestAdapterInit.js:946:3)
            at _runTestsForDescribeBlock (C:\Users\rashe\Projects\CodingProjects\CodeMaster\chrome-extension-app\node_modules\jest-circus\build\jestAdapterInit.js:839:13)
            at _runTestsForDescribeBlock (C:\Users\rashe\Projects\CodingProjects\CodeMaster\chrome-extension-app\node_modules\jest-circus\build\jestAdapterInit.js:829:11)
            at _runTestsForDescribeBlock (C:\Users\rashe\Projects\CodingProjects\CodeMaster\chrome-extension-app\node_modules\jest-circus\build\jestAdapterInit.js:829:11)
            at run (C:\Users\rashe\Projects\CodingProjects\CodeMaster\chrome-extension-app\node_modules\jest-circus\build\jestAdapterInit.js:757:3)
            at runAndTransformResultsToJestFormat (C:\Users\rashe\Projects\CodingProjects\CodeMaster\chrome-extension-app\node_modules\jest-circus\build\jestAdapterInit.js:1917:21)
            at jestAdapter (C:\Users\rashe\Projects\CodingProjects\CodeMaster\chrome-extension-app\node_modules\jest-circus\build\runner.js:101:19)
            at runTestInternal (C:\Users\rashe\Projects\CodingProjects\CodeMaster\chrome-extension-app\node_modules\jest-runner\build\testWorker.js:275:16)
            at runTest (C:\Users\rashe\Projects\CodingProjects\CodeMaster\chrome-extension-app\node_modules\jest-runner\build\testWorker.js:343:7)
            at Object.worker (C:\Users\rashe\Projects\CodingProjects\CodeMaster\chrome-extension-app\node_modules\jest-runner\build\testWorker.js:497:12),
        type: 'unhandled exception'
      }

    [0m [90m 256 |[39m     [36mreturn[39m[33m;[39m [90m// Suppress JSDOM navigation warnings[39m
     [90m 257 |[39m   }
    [31m[1m>[22m[39m[90m 258 |[39m   originalError[33m.[39mcall(console[33m,[39m [33m...[39margs)[33m;[39m
     [90m     |[39m                 [31m[1m^[22m[39m
     [90m 259 |[39m }[33m;[39m
     [90m 260 |[39m
     [90m 261 |[39m [90m// Mock console methods to reduce noise in tests, but preserve error handling[39m[0m

      at console.call [as error] (test/setup.js:258:17)
      at VirtualConsole.<anonymous> (node_modules/@jest/environment-jsdom-abstract/build/index.js:78:23)
      at reportException (node_modules/jsdom/lib/jsdom/living/helpers/runtime-script-errors.js:70:28)
      at innerInvokeEventListeners (node_modules/jsdom/lib/jsdom/living/events/EventTarget-impl.js:353:9)
      at invokeEventListeners (node_modules/jsdom/lib/jsdom/living/events/EventTarget-impl.js:286:3)
      at HTMLUnknownElementImpl._dispatch (node_modules/jsdom/lib/jsdom/living/events/EventTarget-impl.js:233:9)
      at HTMLUnknownElementImpl.dispatchEvent (node_modules/jsdom/lib/jsdom/living/events/EventTarget-impl.js:104:17)
      at HTMLUnknownElement.dispatchEvent (node_modules/jsdom/lib/jsdom/living/generated/EventTarget.js:241:34)
      at Object.dispatchEvent (node_modules/react-dom/cjs/react-dom.development.js:4213:16)
      at apply (node_modules/react-dom/cjs/react-dom.development.js:4277:31)
      at invokeGuardedCallback (node_modules/react-dom/cjs/react-dom.development.js:27490:7)
      at beginWork$1 (node_modules/react-dom/cjs/react-dom.development.js:26599:12)
      at performUnitOfWork (node_modules/react-dom/cjs/react-dom.development.js:26505:5)
      at workLoopSync (node_modules/react-dom/cjs/react-dom.development.js:26473:7)
      at renderRootSync (node_modules/react-dom/cjs/react-dom.development.js:25889:20)
      at recoverFromConcurrentError (node_modules/react-dom/cjs/react-dom.development.js:25789:22)
      at flushActQueue (node_modules/react/cjs/react.development.js:2667:24)
      at act (node_modules/react/cjs/react.development.js:2582:11)
      at actImplementation (node_modules/@testing-library/react/dist/act-compat.js:47:25)
      at renderRoot (node_modules/@testing-library/react/dist/pure.js:190:25)
      at renderRoot (node_modules/@testing-library/react/dist/pure.js:292:10)
      at Object.<anonymous> (src/shared/components/__tests__/ErrorBoundary.test.jsx:159:15)

PASS src/app/__tests__/integration/dashboard.integration.test.js (59.784 s)

Summary of all failing tests
FAIL src/shared/services/__tests__/sessionService.test.js (19.08 s)
  ● SessionService › checkAndCompleteSession › should return empty array when all problems are attempted

    Problem "Problem 1" missing valid leetcode_id - normalization failed

    [0m [90m 530 |[39m           title[33m:[39m problem[33m.[39mtitle
     [90m 531 |[39m         })[33m;[39m
    [31m[1m>[22m[39m[90m 532 |[39m         [36mthrow[39m [36mnew[39m [33mError[39m([32m`Problem "${problem.title}" missing valid leetcode_id - normalization failed`[39m)[33m;[39m
     [90m     |[39m               [31m[1m^[22m[39m
     [90m 533 |[39m       }
     [90m 534 |[39m
     [90m 535 |[39m       [36mconst[39m isUnattempted [33m=[39m [33m![39mattemptedLeetcodeIds[33m.[39mhas(problemLeetcodeId)[33m;[39m[0m

      at src/shared/services/sessionService.js:532:15
          at Array.filter (<anonymous>)
      at Object.filter [as checkAndCompleteSession] (src/shared/services/sessionService.js:524:50)
      at Object.<anonymous> (src/shared/services/__tests__/sessionService.test.js:101:22)

  ● SessionService › checkAndCompleteSession › should return unattempted problems when not all problems are attempted

    Problem "Problem 1" missing valid leetcode_id - normalization failed

    [0m [90m 530 |[39m           title[33m:[39m problem[33m.[39mtitle
     [90m 531 |[39m         })[33m;[39m
    [31m[1m>[22m[39m[90m 532 |[39m         [36mthrow[39m [36mnew[39m [33mError[39m([32m`Problem "${problem.title}" missing valid leetcode_id - normalization failed`[39m)[33m;[39m
     [90m     |[39m               [31m[1m^[22m[39m
     [90m 533 |[39m       }
     [90m 534 |[39m
     [90m 535 |[39m       [36mconst[39m isUnattempted [33m=[39m [33m![39mattemptedLeetcodeIds[33m.[39mhas(problemLeetcodeId)[33m;[39m[0m

      at src/shared/services/sessionService.js:532:15
          at Array.filter (<anonymous>)
      at Object.filter [as checkAndCompleteSession] (src/shared/services/sessionService.js:524:50)
      at Object.<anonymous> (src/shared/services/__tests__/sessionService.test.js:116:22)

FAIL src/shared/services/__tests__/sessionService.critical.test.js (19.132 s)
  ● SessionService - Critical User Retention Paths › �� CRITICAL: User progress is never lost › should complete session when all problems attempted

    Problem "undefined" missing valid leetcode_id - normalization failed

    [0m [90m 530 |[39m           title[33m:[39m problem[33m.[39mtitle
     [90m 531 |[39m         })[33m;[39m
    [31m[1m>[22m[39m[90m 532 |[39m         [36mthrow[39m [36mnew[39m [33mError[39m([32m`Problem "${problem.title}" missing valid leetcode_id - normalization failed`[39m)[33m;[39m
     [90m     |[39m               [31m[1m^[22m[39m
     [90m 533 |[39m       }
     [90m 534 |[39m
     [90m 535 |[39m       [36mconst[39m isUnattempted [33m=[39m [33m![39mattemptedLeetcodeIds[33m.[39mhas(problemLeetcodeId)[33m;[39m[0m

      at src/shared/services/sessionService.js:532:15
          at Array.filter (<anonymous>)
      at Object.filter [as checkAndCompleteSession] (src/shared/services/sessionService.js:524:50)
      at Object.<anonymous> (src/shared/services/__tests__/sessionService.critical.test.js:189:22)

  ● SessionService - Critical User Retention Paths › �� CRITICAL: User progress is never lost › should handle session state corruption in completion tracking

    Problem "undefined" missing valid leetcode_id - normalization failed

    [0m [90m 530 |[39m           title[33m:[39m problem[33m.[39mtitle
     [90m 531 |[39m         })[33m;[39m
    [31m[1m>[22m[39m[90m 532 |[39m         [36mthrow[39m [36mnew[39m [33mError[39m([32m`Problem "${problem.title}" missing valid leetcode_id - normalization failed`[39m)[33m;[39m
     [90m     |[39m               [31m[1m^[22m[39m
     [90m 533 |[39m       }
     [90m 534 |[39m
     [90m 535 |[39m       [36mconst[39m isUnattempted [33m=[39m [33m![39mattemptedLeetcodeIds[33m.[39mhas(problemLeetcodeId)[33m;[39m[0m

      at src/shared/services/sessionService.js:532:15
          at Array.filter (<anonymous>)
      at Object.filter [as checkAndCompleteSession] (src/shared/services/sessionService.js:524:50)
      at Object.<anonymous> (src/shared/services/__tests__/sessionService.critical.test.js:215:23)

FAIL src/shared/services/__tests__/problemService.critical.test.js
  ● ProblemService - Critical User Retention Paths › �� CRITICAL: Interview mode reliability › should create interview sessions successfully

    expect(received).toBeGreaterThan(expected)

    Expected: > 0
    Received:   0

    [0m [90m 321 |[39m       expect(result[33m.[39msession_type)[33m.[39mtoBe([32m"interview-like"[39m)[33m;[39m
     [90m 322 |[39m       expect([33mArray[39m[33m.[39misArray(result[33m.[39mproblems))[33m.[39mtoBe([36mtrue[39m)[33m;[39m
    [31m[1m>[22m[39m[90m 323 |[39m       expect(result[33m.[39mproblems[33m.[39mlength)[33m.[39mtoBeGreaterThan([35m0[39m)[33m;[39m
     [90m     |[39m                                      [31m[1m^[22m[39m
     [90m 324 |[39m       expect(result[33m.[39minterviewConfig)[33m.[39mtoBeDefined()[33m;[39m
     [90m 325 |[39m     })[33m;[39m
     [90m 326 |[39m[0m

      at Object.toBeGreaterThan (src/shared/services/__tests__/problemService.critical.test.js:323:38)


Test Suites: 3 failed, 2 skipped, 29 passed, 32 of 34 total
Tests:       5 failed, 63 skipped, 427 passed, 495 total
Snapshots:   0 total
Time:        78.161 s
Ran all test suites.
